Archive member included to satisfy reference by file (symbol)

/usr/share/segger_embedded_studio_for_arm_5.44/lib/libm_v7em_fpv4_sp_d16_hard_t_le_eabi.a(libm_asm.o)
                              Output/nrf52832_xxaa/Obj/MeshProtocolFull_DWM1001-DEV/TimeKeeping.o (__aeabi_dadd)
/usr/share/segger_embedded_studio_for_arm_5.44/lib/libm_v7em_fpv4_sp_d16_hard_t_le_eabi.a(fdlibm.o)
                              Output/nrf52832_xxaa/Obj/MeshProtocolFull_DWM1001-DEV/Scheduler.o (round)
/usr/share/segger_embedded_studio_for_arm_5.44/lib/libm_v7em_fpv4_sp_d16_hard_t_le_eabi.a(libm.o)
                              /usr/share/segger_embedded_studio_for_arm_5.44/lib/libm_v7em_fpv4_sp_d16_hard_t_le_eabi.a(fdlibm.o) (__mulsc3)
/usr/share/segger_embedded_studio_for_arm_5.44/lib/libm_v7em_fpv4_sp_d16_hard_t_le_eabi.a(libm2.o)
                              /usr/share/segger_embedded_studio_for_arm_5.44/lib/libm_v7em_fpv4_sp_d16_hard_t_le_eabi.a(fdlibm.o) (atan2)
/usr/share/segger_embedded_studio_for_arm_5.44/lib/libm_v7em_fpv4_sp_d16_hard_t_le_eabi.a(libm2_asm.o)
                              /usr/share/segger_embedded_studio_for_arm_5.44/lib/libm_v7em_fpv4_sp_d16_hard_t_le_eabi.a(fdlibm.o) (sqrtf)
/usr/share/segger_embedded_studio_for_arm_5.44/lib/libc_v7em_fpv4_sp_d16_hard_t_le_eabi.a(libc_asm.o)
                              Output/nrf52832_xxaa/Obj/MeshProtocolFull_DWM1001-DEV/main.o (__aeabi_uldivmod)
/usr/share/segger_embedded_studio_for_arm_5.44/lib/libc_v7em_fpv4_sp_d16_hard_t_le_eabi.a(libc2.o)
                              /usr/share/segger_embedded_studio_for_arm_5.44/lib/libm_v7em_fpv4_sp_d16_hard_t_le_eabi.a(libm2.o) (__aeabi_errno_addr)
/usr/share/segger_embedded_studio_for_arm_5.44/lib/libc_v7em_fpv4_sp_d16_hard_t_le_eabi.a(libc2_asm.o)
                              Output/nrf52832_xxaa/Obj/MeshProtocolFull_DWM1001-DEV/nrf_memobj.o (memcpy)
/usr/share/segger_embedded_studio_for_arm_5.44/lib/libc_v7em_fpv4_sp_d16_hard_t_le_eabi.a(libvfprintf.o)
                              (__vfprintf_short_float_long)
/usr/share/segger_embedded_studio_for_arm_5.44/lib/libc_v7em_fpv4_sp_d16_hard_t_le_eabi.a(libvfscanf.o)
                              (__vfscanf_int)
/usr/share/segger_embedded_studio_for_arm_5.44/lib/libdebugio_v7em_fpv4_sp_d16_hard_t_le_eabi.a(libdebugio.o)
                              Output/nrf52832_xxaa/Obj/MeshProtocolFull_DWM1001-DEV/thumb_crt0.o (debug_fopen)
/usr/share/segger_embedded_studio_for_arm_5.44/lib/libdebugio_v7em_fpv4_sp_d16_hard_t_le_eabi.a(do_nv_debug_operation.o)
                              /usr/share/segger_embedded_studio_for_arm_5.44/lib/libdebugio_v7em_fpv4_sp_d16_hard_t_le_eabi.a(libdebugio.o) (__do_nvdebug_operation)
/usr/share/segger_embedded_studio_for_arm_5.44/lib/libdebugio_v7em_fpv4_sp_d16_hard_t_le_eabi.a(mempoll_debug_operations.o)
                              (__do_debug_operation_mempoll)

Discarded input sections

 .text          0x0000000000000000        0x0 Output/nrf52832_xxaa/Obj/MeshProtocolFull_DWM1001-DEV/thumb_crt0.o
 .data          0x0000000000000000        0x0 Output/nrf52832_xxaa/Obj/MeshProtocolFull_DWM1001-DEV/thumb_crt0.o
 .bss           0x0000000000000000        0x0 Output/nrf52832_xxaa/Obj/MeshProtocolFull_DWM1001-DEV/thumb_crt0.o
 .text.__heap_lock
                0x0000000000000000        0x2 Output/nrf52832_xxaa/Obj/MeshProtocolFull_DWM1001-DEV/thumb_crt0.o
 .text.__heap_unlock
                0x0000000000000000        0x2 Output/nrf52832_xxaa/Obj/MeshProtocolFull_DWM1001-DEV/thumb_crt0.o
 .text.__scanf_lock
                0x0000000000000000        0x2 Output/nrf52832_xxaa/Obj/MeshProtocolFull_DWM1001-DEV/thumb_crt0.o
 .text.__scanf_unlock
                0x0000000000000000        0x2 Output/nrf52832_xxaa/Obj/MeshProtocolFull_DWM1001-DEV/thumb_crt0.o
 .text.__debug_io_lock
                0x0000000000000000        0x2 Output/nrf52832_xxaa/Obj/MeshProtocolFull_DWM1001-DEV/thumb_crt0.o
 .text.__debug_io_unlock
                0x0000000000000000        0x2 Output/nrf52832_xxaa/Obj/MeshProtocolFull_DWM1001-DEV/thumb_crt0.o
 .text.abort    0x0000000000000000        0x2 Output/nrf52832_xxaa/Obj/MeshProtocolFull_DWM1001-DEV/thumb_crt0.o
 .text.__assert
                0x0000000000000000        0x2 Output/nrf52832_xxaa/Obj/MeshProtocolFull_DWM1001-DEV/thumb_crt0.o
 .text.__aeabi_assert
                0x0000000000000000        0x2 Output/nrf52832_xxaa/Obj/MeshProtocolFull_DWM1001-DEV/thumb_crt0.o
 .text.__cxa_pure_virtual
                0x0000000000000000        0x2 Output/nrf52832_xxaa/Obj/MeshProtocolFull_DWM1001-DEV/thumb_crt0.o
 .text.__cxa_guard_acquire
                0x0000000000000000       0x10 Output/nrf52832_xxaa/Obj/MeshProtocolFull_DWM1001-DEV/thumb_crt0.o
 .text.__cxa_guard_release
                0x0000000000000000        0x6 Output/nrf52832_xxaa/Obj/MeshProtocolFull_DWM1001-DEV/thumb_crt0.o
 .text.__cxa_guard_abort
                0x0000000000000000        0x2 Output/nrf52832_xxaa/Obj/MeshProtocolFull_DWM1001-DEV/thumb_crt0.o
[...]
Memory Configuration

Name             Origin             Length             Attributes
UNPLACED_SECTIONS 0x0000000100000000 0x0000000000000000 xw
FLASH            0x0000000000000000 0x0000000000080000 xr
SRAM             0x0000000020000000 0x0000000000010000 xw
*default*        0x0000000000000000 0xffffffffffffffff

Linker script and memory map

                0x0000000000000000                __do_debug_operation = __do_debug_operation_mempoll
                0x000000000000c68c                __vfprintf = __vfprintf_short_float_long
                0x0000000000000000                __vfscanf = __vfscanf_int
                0x0000000000000000                __FLASH_segment_start__ = 0x0
                0x0000000000080000                __FLASH_segment_end__ = 0x80000
                0x0000000000080000                __FLASH_segment_size__ = 0x80000
                0x0000000020000000                __SRAM_segment_start__ = 0x20000000
                0x0000000020010000                __SRAM_segment_end__ = 0x20010000
                0x0000000000010000                __SRAM_segment_size__ = 0x10000
                0x0000000000000400                __HEAPSIZE__ = 0x400
                0x0000000000000000                __STACKSIZE_PROCESS__ = 0x0
                0x0000000000000400                __STACKSIZE__ = 0x400
                0x0000000020000000                __vectors_ram_load_start__ = ALIGN (__SRAM_segment_start__, 0x100)

.vectors_ram    0x0000000020000000        0x0
                0x0000000020000000                __vectors_ram_start__ = .
 *(.vectors_ram .vectors_ram.*)
                0x0000000020000000                __vectors_ram_end__ = (__vectors_ram_start__ + SIZEOF (.vectors_ram))
                0x0000000000000000                __vectors_ram_size__ = SIZEOF (.vectors_ram)
                0x0000000020000000                __vectors_ram_load_end__ = __vectors_ram_end__
                0x0000000000000001                . = ASSERT (((__vectors_ram_start__ == __vectors_ram_end__) || ((__vectors_ram_end__ - __SRAM_segment_start__) <= __SRAM_segment_size__)), error: .vectors_ram is too large to fit in SRAM memory segment)
                0x0000000000000000                __vectors_load_start__ = ALIGN (__FLASH_segment_start__, 0x100)

.vectors        0x0000000000000000       0xd8
                0x0000000000000000                __vectors_start__ = .
 *(.vectors .vectors.*)
 .vectors       0x0000000000000000       0xd8 Output/nrf52832_xxaa/Obj/MeshProtocolFull_DWM1001-DEV/ses_nrf52_startup.o
                0x0000000000000000                _vectors
                0x00000000000000d8                __vectors_end__ = (__vectors_start__ + SIZEOF (.vectors))
                0x00000000000000d8                __vectors_size__ = SIZEOF (.vectors)
                0x00000000000000d8                __vectors_load_end__ = __vectors_end__
                0x0000000000000001                . = ASSERT (((__vectors_start__ == __vectors_end__) || ((__vectors_end__ - __FLASH_segment_start__) <= __FLASH_segment_size__)), error: .vectors is too large to fit in FLASH memory segment)
                0x00000000000000d8                __init_load_start__ = ALIGN (__vectors_end__, 0x4)

.init           0x00000000000000d8      0x1d8
                0x00000000000000d8                __init_start__ = .
 *(.init .init.*)
 .init          0x00000000000000d8      0x16c Output/nrf52832_xxaa/Obj/MeshProtocolFull_DWM1001-DEV/thumb_crt0.o
                0x00000000000000d8                _start
                0x0000000000000194                exit
 .init          0x0000000000000244       0x6c Output/nrf52832_xxaa/Obj/MeshProtocolFull_DWM1001-DEV/ses_nrf52_startup.o
                0x0000000000000244                NMI_Handler
                0x0000000000000246                HardFault_Handler
                0x0000000000000248                MemoryManagement_Handler
                0x000000000000024a                BusFault_Handler
                0x000000000000024c                UsageFault_Handler
                0x000000000000024e                SVC_Handler
                0x0000000000000250                DebugMon_Handler
                0x0000000000000252                PendSV_Handler
                0x0000000000000254                SysTick_Handler
                0x0000000000000258                RADIO_IRQHandler
                0x000000000000025c                SPIM0_SPIS0_TWIM0_TWIS0_SPI0_TWI0_IRQHandler
                0x0000000000000260                NFCT_IRQHandler
                0x0000000000000264                SAADC_IRQHandler
                0x0000000000000266                TIMER0_IRQHandler
                0x000000000000026a                TIMER2_IRQHandler
                0x000000000000026c                RTC0_IRQHandler
                0x000000000000026e                TEMP_IRQHandler
                0x0000000000000270                RNG_IRQHandler
                0x0000000000000272                ECB_IRQHandler
                0x0000000000000274                CCM_AAR_IRQHandler
                0x0000000000000276                WDT_IRQHandler
                0x000000000000027a                QDEC_IRQHandler
                0x000000000000027c                COMP_LPCOMP_IRQHandler
                0x0000000000000280                SWI1_EGU1_IRQHandler
                0x0000000000000282                SWI2_EGU2_IRQHandler
                0x0000000000000284                SWI3_EGU3_IRQHandler
                0x0000000000000286                SWI4_EGU4_IRQHandler
                0x0000000000000288                SWI5_EGU5_IRQHandler
                0x000000000000028a                TIMER3_IRQHandler
                0x000000000000028c                TIMER4_IRQHandler
                0x000000000000028e                PWM0_IRQHandler
                0x0000000000000290                PDM_IRQHandler
                0x0000000000000292                MWU_IRQHandler
                0x0000000000000294                PWM1_IRQHandler
                0x0000000000000296                PWM2_IRQHandler
                0x0000000000000298                SPIM2_SPIS2_SPI2_IRQHandler
                0x000000000000029a                RTC2_IRQHandler
                0x000000000000029c                I2S_IRQHandler
                0x000000000000029e                reset_handler
                0x00000000000002b0                __init_end__ = (__init_start__ + SIZEOF (.init))
                0x00000000000001d8                __init_size__ = SIZEOF (.init)
                0x00000000000002b0                __init_load_end__ = __init_end__
                0x0000000000000001                . = ASSERT (((__init_start__ == __init_end__) || ((__init_end__ - __FLASH_segment_start__) <= __FLASH_segment_size__)), error: .init is too large to fit in FLASH memory segment)
                0x00000000000002b0                __init_rodata_load_start__ = ALIGN (__init_end__, 0x4)

.init_rodata    0x00000000000002b0        0x0
                0x00000000000002b0                __init_rodata_start__ = .
 *(.init_rodata .init_rodata.*)
                0x00000000000002b0                __init_rodata_end__ = (__init_rodata_start__ + SIZEOF (.init_rodata))
                0x0000000000000000                __init_rodata_size__ = SIZEOF (.init_rodata)
                0x00000000000002b0                __init_rodata_load_end__ = __init_rodata_end__
                0x0000000000000001                . = ASSERT (((__init_rodata_start__ == __init_rodata_end__) || ((__init_rodata_end__ - __FLASH_segment_start__) <= __FLASH_segment_size__)), error: .init_rodata is too large to fit in FLASH memory segment)
                0x00000000000002b0                __text_load_start__ = ALIGN (__init_rodata_end__, 0x4)

.text           0x00000000000002b0     0xd16c
                0x00000000000002b0                __text_start__ = .
 *(.text .text.* .glue_7t .glue_7 .gnu.linkonce.t.* .gcc_except_table .ARM.extab* .gnu.linkonce.armextab.*)
 .glue_7        0x00000000000002b0        0x0 linker stubs
 .glue_7t       0x00000000000002b0        0x0 linker stubs
 .text.__aeabi_read_tp
                0x00000000000002b0        0x8 Output/nrf52832_xxaa/Obj/MeshProtocolFull_DWM1001-DEV/thumb_crt0.o
                0x00000000000002b0                __aeabi_read_tp
 .text.__printf_lock
                0x00000000000002b8        0x2 Output/nrf52832_xxaa/Obj/MeshProtocolFull_DWM1001-DEV/thumb_crt0.o
                0x00000000000002b8                __printf_lock
 .text.__printf_unlock
                0x00000000000002ba        0x2 Output/nrf52832_xxaa/Obj/MeshProtocolFull_DWM1001-DEV/thumb_crt0.o
                0x00000000000002ba                __printf_unlock
 .text.NVIC_SystemReset
                0x00000000000002bc       0x2c Output/nrf52832_xxaa/Obj/MeshProtocolFull_DWM1001-DEV/system_nrf52.o
 .text.SystemCoreClockUpdate
                0x00000000000002e8       0x14 Output/nrf52832_xxaa/Obj/MeshProtocolFull_DWM1001-DEV/system_nrf52.o
                0x00000000000002e8                SystemCoreClockUpdate
 .text.SystemInit
                0x00000000000002fc      0x2c0 Output/nrf52832_xxaa/Obj/MeshProtocolFull_DWM1001-DEV/system_nrf52.o
                0x00000000000002fc                SystemInit
 .text.errata_12
                0x00000000000005bc       0x58 Output/nrf52832_xxaa/Obj/MeshProtocolFull_DWM1001-DEV/system_nrf52.o
 .text.errata_16
                0x0000000000000614       0x38 Output/nrf52832_xxaa/Obj/MeshProtocolFull_DWM1001-DEV/system_nrf52.o
 .text.errata_31
                0x000000000000064c       0x58 Output/nrf52832_xxaa/Obj/MeshProtocolFull_DWM1001-DEV/system_nrf52.o
 .text.errata_32
                0x00000000000006a4       0x38 Output/nrf52832_xxaa/Obj/MeshProtocolFull_DWM1001-DEV/system_nrf52.o
 .text.errata_36
                0x00000000000006dc       0x58 Output/nrf52832_xxaa/Obj/MeshProtocolFull_DWM1001-DEV/system_nrf52.o
 .text.errata_37
                0x0000000000000734       0x38 Output/nrf52832_xxaa/Obj/MeshProtocolFull_DWM1001-DEV/system_nrf52.o
 .text.errata_57
                0x000000000000076c       0x38 Output/nrf52832_xxaa/Obj/MeshProtocolFull_DWM1001-DEV/system_nrf52.o
 .text.errata_66
                0x00000000000007a4       0x38 Output/nrf52832_xxaa/Obj/MeshProtocolFull_DWM1001-DEV/system_nrf52.o
 .text.errata_108
                0x00000000000007dc       0x58 Output/nrf52832_xxaa/Obj/MeshProtocolFull_DWM1001-DEV/system_nrf52.o
 .text.errata_136
                0x0000000000000834       0x58 Output/nrf52832_xxaa/Obj/MeshProtocolFull_DWM1001-DEV/system_nrf52.o
 .text.nrf_clock_int_enable
                0x000000000000088c       0x14 Output/nrf52832_xxaa/Obj/MeshProtocolFull_DWM1001-DEV/nrf_drv_clock.o
 .text.nrf_clock_int_disable
                0x00000000000008a0       0x14 Output/nrf52832_xxaa/Obj/MeshProtocolFull_DWM1001-DEV/nrf_drv_clock.o
 .text.nrf_clock_task_trigger
                0x00000000000008b4       0x1a Output/nrf52832_xxaa/Obj/MeshProtocolFull_DWM1001-DEV/nrf_drv_clock.o
 .text.nrf_clock_event_clear
                0x00000000000008ce       0x28 Output/nrf52832_xxaa/Obj/MeshProtocolFull_DWM1001-DEV/nrf_drv_clock.o
 .text.nrf_clock_event_check
                0x00000000000008f6       0x22 Output/nrf52832_xxaa/Obj/MeshProtocolFull_DWM1001-DEV/nrf_drv_clock.o
 .text.nrf_clock_lf_src_set
                0x0000000000000918       0x1e Output/nrf52832_xxaa/Obj/MeshProtocolFull_DWM1001-DEV/nrf_drv_clock.o
 *fill*         0x0000000000000936        0x2 
 .text.nrf_drv_common_irq_enable_check
                0x0000000000000938       0x38 Output/nrf52832_xxaa/Obj/MeshProtocolFull_DWM1001-DEV/nrf_drv_clock.o
 .text.nrf_drv_common_power_clock_irq_init
                0x0000000000000970       0x20 Output/nrf52832_xxaa/Obj/MeshProtocolFull_DWM1001-DEV/nrf_drv_clock.o
 .text.lfclk_start
                0x0000000000000990       0x1a Output/nrf52832_xxaa/Obj/MeshProtocolFull_DWM1001-DEV/nrf_drv_clock.o
 *fill*         0x00000000000009aa        0x2 
 .text.nrf_drv_clock_init
                0x00000000000009ac       0x4c Output/nrf52832_xxaa/Obj/MeshProtocolFull_DWM1001-DEV/nrf_drv_clock.o
                0x00000000000009ac                nrf_drv_clock_init
 .text.item_enqueue
                0x00000000000009f8       0x38 Output/nrf52832_xxaa/Obj/MeshProtocolFull_DWM1001-DEV/nrf_drv_clock.o
 .text.item_dequeue
                0x0000000000000a30       0x20 Output/nrf52832_xxaa/Obj/MeshProtocolFull_DWM1001-DEV/nrf_drv_clock.o
 .text.nrf_drv_clock_lfclk_request
                0x0000000000000a50       0x78 Output/nrf52832_xxaa/Obj/MeshProtocolFull_DWM1001-DEV/nrf_drv_clock.o
                0x0000000000000a50                nrf_drv_clock_lfclk_request
 .text.clock_clk_started_notify
                0x0000000000000ac8       0x4c Output/nrf52832_xxaa/Obj/MeshProtocolFull_DWM1001-DEV/nrf_drv_clock.o
 .text.POWER_CLOCK_IRQHandler
                0x0000000000000b14       0x5c Output/nrf52832_xxaa/Obj/MeshProtocolFull_DWM1001-DEV/nrf_drv_clock.o
                0x0000000000000b14                POWER_CLOCK_IRQHandler
 .text.NVIC_EnableIRQ
                0x0000000000000b70       0x2c Output/nrf52832_xxaa/Obj/MeshProtocolFull_DWM1001-DEV/nrf_drv_common.o
 .text.NVIC_ClearPendingIRQ
                0x0000000000000b9c       0x30 Output/nrf52832_xxaa/Obj/MeshProtocolFull_DWM1001-DEV/nrf_drv_common.o
 .text.NVIC_SetPriority
                0x0000000000000bcc       0x50 Output/nrf52832_xxaa/Obj/MeshProtocolFull_DWM1001-DEV/nrf_drv_common.o
 .text.nrf_drv_common_irq_enable
                0x0000000000000c1c       0x3e Output/nrf52832_xxaa/Obj/MeshProtocolFull_DWM1001-DEV/nrf_drv_common.o
                0x0000000000000c1c                nrf_drv_common_irq_enable
 .text.nrf_gpiote_event_is_set
                0x0000000000000c5a       0x2a Output/nrf52832_xxaa/Obj/MeshProtocolFull_DWM1001-DEV/nrf_drv_gpiote.o
 .text.nrf_gpiote_event_clear
                0x0000000000000c84       0x36 Output/nrf52832_xxaa/Obj/MeshProtocolFull_DWM1001-DEV/nrf_drv_gpiote.o
 .text.nrf_gpiote_event_addr_get
                0x0000000000000cba       0x1a Output/nrf52832_xxaa/Obj/MeshProtocolFull_DWM1001-DEV/nrf_drv_gpiote.o
 .text.nrf_gpiote_int_is_enabled
                0x0000000000000cd4       0x18 Output/nrf52832_xxaa/Obj/MeshProtocolFull_DWM1001-DEV/nrf_drv_gpiote.o
 .text.nrf_gpiote_event_pin_get
                0x0000000000000cec       0x20 Output/nrf52832_xxaa/Obj/MeshProtocolFull_DWM1001-DEV/nrf_drv_gpiote.o
 .text.nrf_gpiote_event_polarity_get
                0x0000000000000d0c       0x24 Output/nrf52832_xxaa/Obj/MeshProtocolFull_DWM1001-DEV/nrf_drv_gpiote.o
 .text.nrf_gpio_pin_port_decode
                0x0000000000000d30        0xe Output/nrf52832_xxaa/Obj/MeshProtocolFull_DWM1001-DEV/nrf_drv_gpiote.o
 .text.nrf_gpio_cfg_sense_set
                0x0000000000000d3e       0x5c Output/nrf52832_xxaa/Obj/MeshProtocolFull_DWM1001-DEV/nrf_drv_gpiote.o
 .text.nrf_gpio_pin_sense_get
                0x0000000000000d9a       0x2c Output/nrf52832_xxaa/Obj/MeshProtocolFull_DWM1001-DEV/nrf_drv_gpiote.o
 .text.nrf_gpio_port_in_read
                0x0000000000000dc6       0x10 Output/nrf52832_xxaa/Obj/MeshProtocolFull_DWM1001-DEV/nrf_drv_gpiote.o
 .text.nrf_gpio_ports_read
                0x0000000000000dd6       0x50 Output/nrf52832_xxaa/Obj/MeshProtocolFull_DWM1001-DEV/nrf_drv_gpiote.o
 .text.nrf_bitmask_bit_is_set
                0x0000000000000e26       0x30 Output/nrf52832_xxaa/Obj/MeshProtocolFull_DWM1001-DEV/nrf_drv_gpiote.o
 .text.nrf_bitmask_bit_set
                0x0000000000000e56       0x40 Output/nrf52832_xxaa/Obj/MeshProtocolFull_DWM1001-DEV/nrf_drv_gpiote.o
 *fill*         0x0000000000000e96        0x2 
 .text.channel_port_get
                0x0000000000000e98       0x1c Output/nrf52832_xxaa/Obj/MeshProtocolFull_DWM1001-DEV/nrf_drv_gpiote.o
 .text.channel_handler_get
                0x0000000000000eb4       0x18 Output/nrf52832_xxaa/Obj/MeshProtocolFull_DWM1001-DEV/nrf_drv_gpiote.o
 .text.GPIOTE_IRQHandler
                0x0000000000000ecc      0x2e0 Output/nrf52832_xxaa/Obj/MeshProtocolFull_DWM1001-DEV/nrf_drv_gpiote.o
                0x0000000000000ecc                GPIOTE_IRQHandler
 .text.NVIC_DisableIRQ
                0x00000000000011ac       0x30 Output/nrf52832_xxaa/Obj/MeshProtocolFull_DWM1001-DEV/nrf_drv_spi.o
 .text.nrf_spi_event_clear
                0x00000000000011dc       0x2a Output/nrf52832_xxaa/Obj/MeshProtocolFull_DWM1001-DEV/nrf_drv_spi.o
 .text.nrf_spi_event_check
                0x0000000000001206       0x24 Output/nrf52832_xxaa/Obj/MeshProtocolFull_DWM1001-DEV/nrf_drv_spi.o
 .text.nrf_spi_int_enable
                0x000000000000122a       0x14 Output/nrf52832_xxaa/Obj/MeshProtocolFull_DWM1001-DEV/nrf_drv_spi.o
 .text.nrf_spi_int_disable
                0x000000000000123e       0x14 Output/nrf52832_xxaa/Obj/MeshProtocolFull_DWM1001-DEV/nrf_drv_spi.o
 .text.nrf_spi_enable
                0x0000000000001252       0x12 Output/nrf52832_xxaa/Obj/MeshProtocolFull_DWM1001-DEV/nrf_drv_spi.o
 .text.nrf_spi_disable
                0x0000000000001264       0x12 Output/nrf52832_xxaa/Obj/MeshProtocolFull_DWM1001-DEV/nrf_drv_spi.o
 .text.nrf_spi_pins_set
                0x0000000000001276       0x28 Output/nrf52832_xxaa/Obj/MeshProtocolFull_DWM1001-DEV/nrf_drv_spi.o
 .text.nrf_spi_txd_set
                0x000000000000129e       0x1a Output/nrf52832_xxaa/Obj/MeshProtocolFull_DWM1001-DEV/nrf_drv_spi.o
 .text.nrf_spi_rxd_get
                0x00000000000012b8       0x12 Output/nrf52832_xxaa/Obj/MeshProtocolFull_DWM1001-DEV/nrf_drv_spi.o
 .text.nrf_spi_frequency_set
                0x00000000000012ca       0x14 Output/nrf52832_xxaa/Obj/MeshProtocolFull_DWM1001-DEV/nrf_drv_spi.o
 .text.nrf_spi_configure
                0x00000000000012de       0x64 Output/nrf52832_xxaa/Obj/MeshProtocolFull_DWM1001-DEV/nrf_drv_spi.o
 .text.nrf_drv_common_irq_disable
                0x0000000000001342       0x1c Output/nrf52832_xxaa/Obj/MeshProtocolFull_DWM1001-DEV/nrf_drv_spi.o
 .text.nrf_gpio_pin_port_decode
                0x000000000000135e        0xe Output/nrf52832_xxaa/Obj/MeshProtocolFull_DWM1001-DEV/nrf_drv_spi.o
 .text.nrf_gpio_cfg
                0x000000000000136c       0x62 Output/nrf52832_xxaa/Obj/MeshProtocolFull_DWM1001-DEV/nrf_drv_spi.o
 .text.nrf_gpio_cfg_output
                0x00000000000013ce       0x22 Output/nrf52832_xxaa/Obj/MeshProtocolFull_DWM1001-DEV/nrf_drv_spi.o
 .text.nrf_gpio_cfg_input
                0x00000000000013f0       0x2a Output/nrf52832_xxaa/Obj/MeshProtocolFull_DWM1001-DEV/nrf_drv_spi.o
 .text.nrf_gpio_pin_set
                0x000000000000141a       0x28 Output/nrf52832_xxaa/Obj/MeshProtocolFull_DWM1001-DEV/nrf_drv_spi.o
 .text.nrf_gpio_pin_clear
                0x0000000000001442       0x28 Output/nrf52832_xxaa/Obj/MeshProtocolFull_DWM1001-DEV/nrf_drv_spi.o
 .text.nrf_gpio_port_out_set
                0x000000000000146a       0x14 Output/nrf52832_xxaa/Obj/MeshProtocolFull_DWM1001-DEV/nrf_drv_spi.o
 .text.nrf_gpio_port_out_clear
                0x000000000000147e       0x14 Output/nrf52832_xxaa/Obj/MeshProtocolFull_DWM1001-DEV/nrf_drv_spi.o
 *fill*         0x0000000000001492        0x2 
 .text.nrf_drv_spi_init
                0x0000000000001494      0x188 Output/nrf52832_xxaa/Obj/MeshProtocolFull_DWM1001-DEV/nrf_drv_spi.o
                0x0000000000001494                nrf_drv_spi_init
 .text.nrf_drv_spi_uninit
                0x000000000000161c       0x60 Output/nrf52832_xxaa/Obj/MeshProtocolFull_DWM1001-DEV/nrf_drv_spi.o
                0x000000000000161c                nrf_drv_spi_uninit
 .text.nrf_drv_spi_transfer
                0x000000000000167c       0x3e Output/nrf52832_xxaa/Obj/MeshProtocolFull_DWM1001-DEV/nrf_drv_spi.o
                0x000000000000167c                nrf_drv_spi_transfer
 .text.finish_transfer
                0x00000000000016ba       0x3e Output/nrf52832_xxaa/Obj/MeshProtocolFull_DWM1001-DEV/nrf_drv_spi.o
 .text.transfer_byte
                0x00000000000016f8      0x108 Output/nrf52832_xxaa/Obj/MeshProtocolFull_DWM1001-DEV/nrf_drv_spi.o
 .text.spi_xfer
                0x0000000000001800       0xca Output/nrf52832_xxaa/Obj/MeshProtocolFull_DWM1001-DEV/nrf_drv_spi.o
 *fill*         0x00000000000018ca        0x2 
 .text.nrf_drv_spi_xfer
                0x00000000000018cc       0xc4 Output/nrf52832_xxaa/Obj/MeshProtocolFull_DWM1001-DEV/nrf_drv_spi.o
                0x00000000000018cc                nrf_drv_spi_xfer
 .text.irq_handler_spi
                0x0000000000001990       0x34 Output/nrf52832_xxaa/Obj/MeshProtocolFull_DWM1001-DEV/nrf_drv_spi.o
 .text.SPIM1_SPIS1_TWIM1_TWIS1_SPI1_TWI1_IRQHandler
                0x00000000000019c4       0x20 Output/nrf52832_xxaa/Obj/MeshProtocolFull_DWM1001-DEV/nrf_drv_spi.o
                0x00000000000019c4                SPIM1_SPIS1_TWIM1_TWIS1_SPI1_TWI1_IRQHandler
 .text.nrf_uart_event_clear
                0x00000000000019e4       0x2a Output/nrf52832_xxaa/Obj/MeshProtocolFull_DWM1001-DEV/nrf_drv_uart.o
 .text.nrf_uart_event_check
                0x0000000000001a0e       0x24 Output/nrf52832_xxaa/Obj/MeshProtocolFull_DWM1001-DEV/nrf_drv_uart.o
 .text.nrf_uart_int_enable
                0x0000000000001a32       0x14 Output/nrf52832_xxaa/Obj/MeshProtocolFull_DWM1001-DEV/nrf_drv_uart.o
 .text.nrf_uart_int_enable_check
                0x0000000000001a46       0x20 Output/nrf52832_xxaa/Obj/MeshProtocolFull_DWM1001-DEV/nrf_drv_uart.o
 .text.nrf_uart_int_disable
                0x0000000000001a66       0x14 Output/nrf52832_xxaa/Obj/MeshProtocolFull_DWM1001-DEV/nrf_drv_uart.o
 .text.nrf_uart_errorsrc_get_and_clear
                0x0000000000001a7a       0x1c Output/nrf52832_xxaa/Obj/MeshProtocolFull_DWM1001-DEV/nrf_drv_uart.o
 .text.nrf_uart_enable
                0x0000000000001a96       0x12 Output/nrf52832_xxaa/Obj/MeshProtocolFull_DWM1001-DEV/nrf_drv_uart.o
 .text.nrf_uart_txrx_pins_set
                0x0000000000001aa8       0x1e Output/nrf52832_xxaa/Obj/MeshProtocolFull_DWM1001-DEV/nrf_drv_uart.o
 .text.nrf_uart_hwfc_pins_set
                0x0000000000001ac6       0x1e Output/nrf52832_xxaa/Obj/MeshProtocolFull_DWM1001-DEV/nrf_drv_uart.o
 .text.nrf_uart_rxd_get
                0x0000000000001ae4       0x12 Output/nrf52832_xxaa/Obj/MeshProtocolFull_DWM1001-DEV/nrf_drv_uart.o
 .text.nrf_uart_txd_set
                0x0000000000001af6       0x1a Output/nrf52832_xxaa/Obj/MeshProtocolFull_DWM1001-DEV/nrf_drv_uart.o
 .text.nrf_uart_task_trigger
                0x0000000000001b10       0x1c Output/nrf52832_xxaa/Obj/MeshProtocolFull_DWM1001-DEV/nrf_drv_uart.o
 .text.nrf_uart_configure
                0x0000000000001b2c       0x2a Output/nrf52832_xxaa/Obj/MeshProtocolFull_DWM1001-DEV/nrf_drv_uart.o
 .text.nrf_uart_baudrate_set
                0x0000000000001b56       0x14 Output/nrf52832_xxaa/Obj/MeshProtocolFull_DWM1001-DEV/nrf_drv_uart.o
 .text.nrf_uarte_event_clear
                0x0000000000001b6a       0x2a Output/nrf52832_xxaa/Obj/MeshProtocolFull_DWM1001-DEV/nrf_drv_uart.o
 .text.nrf_uarte_event_check
                0x0000000000001b94       0x24 Output/nrf52832_xxaa/Obj/MeshProtocolFull_DWM1001-DEV/nrf_drv_uart.o
 .text.nrf_uarte_shorts_enable
                0x0000000000001bb8       0x1c Output/nrf52832_xxaa/Obj/MeshProtocolFull_DWM1001-DEV/nrf_drv_uart.o
 .text.nrf_uarte_shorts_disable
                0x0000000000001bd4       0x1e Output/nrf52832_xxaa/Obj/MeshProtocolFull_DWM1001-DEV/nrf_drv_uart.o
 .text.nrf_uarte_int_enable
                0x0000000000001bf2       0x14 Output/nrf52832_xxaa/Obj/MeshProtocolFull_DWM1001-DEV/nrf_drv_uart.o
 .text.nrf_uarte_int_disable
                0x0000000000001c06       0x14 Output/nrf52832_xxaa/Obj/MeshProtocolFull_DWM1001-DEV/nrf_drv_uart.o
 .text.nrf_uarte_errorsrc_get_and_clear
                0x0000000000001c1a       0x1c Output/nrf52832_xxaa/Obj/MeshProtocolFull_DWM1001-DEV/nrf_drv_uart.o
 .text.nrf_uarte_enable
                0x0000000000001c36       0x12 Output/nrf52832_xxaa/Obj/MeshProtocolFull_DWM1001-DEV/nrf_drv_uart.o
 .text.nrf_uarte_txrx_pins_set
                0x0000000000001c48       0x1e Output/nrf52832_xxaa/Obj/MeshProtocolFull_DWM1001-DEV/nrf_drv_uart.o
 .text.nrf_uarte_hwfc_pins_set
                0x0000000000001c66       0x1e Output/nrf52832_xxaa/Obj/MeshProtocolFull_DWM1001-DEV/nrf_drv_uart.o
 .text.nrf_uarte_task_trigger
                0x0000000000001c84       0x1c Output/nrf52832_xxaa/Obj/MeshProtocolFull_DWM1001-DEV/nrf_drv_uart.o
 .text.nrf_uarte_configure
                0x0000000000001ca0       0x2a Output/nrf52832_xxaa/Obj/MeshProtocolFull_DWM1001-DEV/nrf_drv_uart.o
 .text.nrf_uarte_baudrate_set
                0x0000000000001cca       0x14 Output/nrf52832_xxaa/Obj/MeshProtocolFull_DWM1001-DEV/nrf_drv_uart.o
 .text.nrf_uarte_tx_buffer_set
                0x0000000000001cde       0x24 Output/nrf52832_xxaa/Obj/MeshProtocolFull_DWM1001-DEV/nrf_drv_uart.o
 .text.nrf_uarte_tx_amount_get
                0x0000000000001d02       0x10 Output/nrf52832_xxaa/Obj/MeshProtocolFull_DWM1001-DEV/nrf_drv_uart.o
 .text.nrf_uarte_rx_buffer_set
                0x0000000000001d12       0x24 Output/nrf52832_xxaa/Obj/MeshProtocolFull_DWM1001-DEV/nrf_drv_uart.o
 .text.nrf_uarte_rx_amount_get
                0x0000000000001d36       0x10 Output/nrf52832_xxaa/Obj/MeshProtocolFull_DWM1001-DEV/nrf_drv_uart.o
 .text.nrf_drv_get_IRQn
                0x0000000000001d46       0x16 Output/nrf52832_xxaa/Obj/MeshProtocolFull_DWM1001-DEV/nrf_drv_uart.o
 .text.nrf_drv_is_in_RAM
                0x0000000000001d5c       0x1c Output/nrf52832_xxaa/Obj/MeshProtocolFull_DWM1001-DEV/nrf_drv_uart.o
 .text.nrf_gpio_pin_port_decode
                0x0000000000001d78        0xe Output/nrf52832_xxaa/Obj/MeshProtocolFull_DWM1001-DEV/nrf_drv_uart.o
 .text.nrf_gpio_cfg
                0x0000000000001d86       0x62 Output/nrf52832_xxaa/Obj/MeshProtocolFull_DWM1001-DEV/nrf_drv_uart.o
 .text.nrf_gpio_cfg_output
                0x0000000000001de8       0x22 Output/nrf52832_xxaa/Obj/MeshProtocolFull_DWM1001-DEV/nrf_drv_uart.o
 .text.nrf_gpio_cfg_input
                0x0000000000001e0a       0x2a Output/nrf52832_xxaa/Obj/MeshProtocolFull_DWM1001-DEV/nrf_drv_uart.o
 .text.nrf_gpio_pin_set
                0x0000000000001e34       0x28 Output/nrf52832_xxaa/Obj/MeshProtocolFull_DWM1001-DEV/nrf_drv_uart.o
 .text.nrf_gpio_port_out_set
                0x0000000000001e5c       0x14 Output/nrf52832_xxaa/Obj/MeshProtocolFull_DWM1001-DEV/nrf_drv_uart.o
 .text.apply_config
                0x0000000000001e70      0x160 Output/nrf52832_xxaa/Obj/MeshProtocolFull_DWM1001-DEV/nrf_drv_uart.o
 .text.interrupts_enable
                0x0000000000001fd0       0xd4 Output/nrf52832_xxaa/Obj/MeshProtocolFull_DWM1001-DEV/nrf_drv_uart.o
 .text.uart_enable
                0x00000000000020a4       0x3c Output/nrf52832_xxaa/Obj/MeshProtocolFull_DWM1001-DEV/nrf_drv_uart.o
 .text.nrf_drv_uart_init
                0x00000000000020e0       0x90 Output/nrf52832_xxaa/Obj/MeshProtocolFull_DWM1001-DEV/nrf_drv_uart.o
                0x00000000000020e0                nrf_drv_uart_init
 .text.tx_byte  0x0000000000002170       0x46 Output/nrf52832_xxaa/Obj/MeshProtocolFull_DWM1001-DEV/nrf_drv_uart.o
 *fill*         0x00000000000021b6        0x2 
 .text.nrf_drv_uart_tx_for_uart
                0x00000000000021b8       0xe4 Output/nrf52832_xxaa/Obj/MeshProtocolFull_DWM1001-DEV/nrf_drv_uart.o
 .text.nrf_drv_uart_tx_for_uarte
                0x000000000000229c       0xbc Output/nrf52832_xxaa/Obj/MeshProtocolFull_DWM1001-DEV/nrf_drv_uart.o
 .text.nrf_drv_uart_tx
                0x0000000000002358       0xa0 Output/nrf52832_xxaa/Obj/MeshProtocolFull_DWM1001-DEV/nrf_drv_uart.o
                0x0000000000002358                nrf_drv_uart_tx
 .text.nrf_drv_uart_tx_in_progress
                0x00000000000023f8       0x28 Output/nrf52832_xxaa/Obj/MeshProtocolFull_DWM1001-DEV/nrf_drv_uart.o
                0x00000000000023f8                nrf_drv_uart_tx_in_progress
 .text.rx_enable
                0x0000000000002420       0x36 Output/nrf52832_xxaa/Obj/MeshProtocolFull_DWM1001-DEV/nrf_drv_uart.o
 .text.rx_byte  0x0000000000002456       0x54 Output/nrf52832_xxaa/Obj/MeshProtocolFull_DWM1001-DEV/nrf_drv_uart.o
 *fill*         0x00000000000024aa        0x2 
 .text.nrf_drv_uart_rx_for_uart
                0x00000000000024ac      0x158 Output/nrf52832_xxaa/Obj/MeshProtocolFull_DWM1001-DEV/nrf_drv_uart.o
 .text.nrf_drv_uart_rx_for_uarte
                0x0000000000002604      0x130 Output/nrf52832_xxaa/Obj/MeshProtocolFull_DWM1001-DEV/nrf_drv_uart.o
 .text.nrf_drv_uart_rx
                0x0000000000002734      0x158 Output/nrf52832_xxaa/Obj/MeshProtocolFull_DWM1001-DEV/nrf_drv_uart.o
                0x0000000000002734                nrf_drv_uart_rx
 .text.nrf_drv_uart_rx_enable
                0x000000000000288c       0x54 Output/nrf52832_xxaa/Obj/MeshProtocolFull_DWM1001-DEV/nrf_drv_uart.o
                0x000000000000288c                nrf_drv_uart_rx_enable
 .text.rx_done_event
                0x00000000000028e0       0x36 Output/nrf52832_xxaa/Obj/MeshProtocolFull_DWM1001-DEV/nrf_drv_uart.o
 .text.tx_done_event
                0x0000000000002916       0x3c Output/nrf52832_xxaa/Obj/MeshProtocolFull_DWM1001-DEV/nrf_drv_uart.o
 .text.uart_irq_handler
                0x0000000000002952      0x1d4 Output/nrf52832_xxaa/Obj/MeshProtocolFull_DWM1001-DEV/nrf_drv_uart.o
 .text.uarte_irq_handler
                0x0000000000002b26      0x160 Output/nrf52832_xxaa/Obj/MeshProtocolFull_DWM1001-DEV/nrf_drv_uart.o
 *fill*         0x0000000000002c86        0x2 
 .text.UARTE0_UART0_IRQHandler
                0x0000000000002c88       0x28 Output/nrf52832_xxaa/Obj/MeshProtocolFull_DWM1001-DEV/nrf_drv_uart.o
                0x0000000000002c88                UARTE0_UART0_IRQHandler
 .text.nrf_timer_event_clear
                0x0000000000002cb0       0x2a Output/nrf52832_xxaa/Obj/MeshProtocolFull_DWM1001-DEV/nrf_drv_timer.o
 .text.nrf_timer_event_check
                0x0000000000002cda       0x24 Output/nrf52832_xxaa/Obj/MeshProtocolFull_DWM1001-DEV/nrf_drv_timer.o
 .text.nrf_timer_int_enable_check
                0x0000000000002cfe       0x20 Output/nrf52832_xxaa/Obj/MeshProtocolFull_DWM1001-DEV/nrf_drv_timer.o
 .text.nrf_timer_compare_event_get
                0x0000000000002d1e       0x16 Output/nrf52832_xxaa/Obj/MeshProtocolFull_DWM1001-DEV/nrf_drv_timer.o
 .text.nrf_timer_compare_int_get
                0x0000000000002d34       0x14 Output/nrf52832_xxaa/Obj/MeshProtocolFull_DWM1001-DEV/nrf_drv_timer.o
 .text.irq_handler
                0x0000000000002d48       0x8e Output/nrf52832_xxaa/Obj/MeshProtocolFull_DWM1001-DEV/nrf_drv_timer.o
 *fill*         0x0000000000002dd6        0x2 
 .text.TIMER1_IRQHandler
                0x0000000000002dd8       0x18 Output/nrf52832_xxaa/Obj/MeshProtocolFull_DWM1001-DEV/nrf_drv_timer.o
                0x0000000000002dd8                TIMER1_IRQHandler
 .text.app_error_handler
                0x0000000000002df0       0x30 Output/nrf52832_xxaa/Obj/MeshProtocolFull_DWM1001-DEV/app_error.o
                0x0000000000002df0                app_error_handler
 .text.app_error_handler_bare
                0x0000000000002e20       0x2a Output/nrf52832_xxaa/Obj/MeshProtocolFull_DWM1001-DEV/app_error.o
                0x0000000000002e20                app_error_handler_bare
 *fill*         0x0000000000002e4a        0x2 
 .text.NVIC_SystemReset
                0x0000000000002e4c       0x2c Output/nrf52832_xxaa/Obj/MeshProtocolFull_DWM1001-DEV/app_error_weak.o
 .text.app_error_fault_handler
                0x0000000000002e78       0x28 Output/nrf52832_xxaa/Obj/MeshProtocolFull_DWM1001-DEV/app_error_weak.o
                0x0000000000002e78                app_error_fault_handler
 .text.app_util_disable_irq
                0x0000000000002ea0       0x18 Output/nrf52832_xxaa/Obj/MeshProtocolFull_DWM1001-DEV/app_util_platform.o
                0x0000000000002ea0                app_util_disable_irq
 .text.app_util_enable_irq
                0x0000000000002eb8       0x20 Output/nrf52832_xxaa/Obj/MeshProtocolFull_DWM1001-DEV/app_util_platform.o
                0x0000000000002eb8                app_util_enable_irq
 .text.app_util_critical_region_enter
                0x0000000000002ed8       0x12 Output/nrf52832_xxaa/Obj/MeshProtocolFull_DWM1001-DEV/app_util_platform.o
                0x0000000000002ed8                app_util_critical_region_enter
 .text.app_util_critical_region_exit
                0x0000000000002eea       0x16 Output/nrf52832_xxaa/Obj/MeshProtocolFull_DWM1001-DEV/app_util_platform.o
                0x0000000000002eea                app_util_critical_region_exit
 .text.fifo_length
                0x0000000000002f00       0x18 Output/nrf52832_xxaa/Obj/MeshProtocolFull_DWM1001-DEV/app_fifo.o
 .text.fifo_put
                0x0000000000002f18       0x30 Output/nrf52832_xxaa/Obj/MeshProtocolFull_DWM1001-DEV/app_fifo.o
 .text.fifo_peek
                0x0000000000002f48       0x2e Output/nrf52832_xxaa/Obj/MeshProtocolFull_DWM1001-DEV/app_fifo.o
 .text.fifo_get
                0x0000000000002f76       0x24 Output/nrf52832_xxaa/Obj/MeshProtocolFull_DWM1001-DEV/app_fifo.o
 .text.app_fifo_init
                0x0000000000002f9a       0x58 Output/nrf52832_xxaa/Obj/MeshProtocolFull_DWM1001-DEV/app_fifo.o
                0x0000000000002f9a                app_fifo_init
 .text.app_fifo_put
                0x0000000000002ff2       0x36 Output/nrf52832_xxaa/Obj/MeshProtocolFull_DWM1001-DEV/app_fifo.o
                0x0000000000002ff2                app_fifo_put
 .text.app_fifo_get
                0x0000000000003028       0x2a Output/nrf52832_xxaa/Obj/MeshProtocolFull_DWM1001-DEV/app_fifo.o
                0x0000000000003028                app_fifo_get
 .text.fifo_length
                0x0000000000003052       0x18 Output/nrf52832_xxaa/Obj/MeshProtocolFull_DWM1001-DEV/app_uart_fifo.o
 *fill*         0x000000000000306a        0x2 
 .text.uart_event_handler
                0x000000000000306c       0xfc Output/nrf52832_xxaa/Obj/MeshProtocolFull_DWM1001-DEV/app_uart_fifo.o
 .text.app_uart_init
                0x0000000000003168      0x128 Output/nrf52832_xxaa/Obj/MeshProtocolFull_DWM1001-DEV/app_uart_fifo.o
                0x0000000000003168                app_uart_init
 .text.app_uart_put
                0x0000000000003290       0x60 Output/nrf52832_xxaa/Obj/MeshProtocolFull_DWM1001-DEV/app_uart_fifo.o
                0x0000000000003290                app_uart_put
 .text.__putchar
                0x00000000000032f0       0x1c Output/nrf52832_xxaa/Obj/MeshProtocolFull_DWM1001-DEV/retarget.o
                0x00000000000032f0                __putchar
 .text.NVIC_EnableIRQ
                0x000000000000330c       0x2c Output/nrf52832_xxaa/Obj/MeshProtocolFull_DWM1001-DEV/app_timer.o
 .text.NVIC_DisableIRQ
                0x0000000000003338       0x30 Output/nrf52832_xxaa/Obj/MeshProtocolFull_DWM1001-DEV/app_timer.o
 .text.NVIC_SetPendingIRQ
                0x0000000000003368       0x30 Output/nrf52832_xxaa/Obj/MeshProtocolFull_DWM1001-DEV/app_timer.o
 .text.NVIC_ClearPendingIRQ
                0x0000000000003398       0x30 Output/nrf52832_xxaa/Obj/MeshProtocolFull_DWM1001-DEV/app_timer.o
 .text.NVIC_SetPriority
                0x00000000000033c8       0x50 Output/nrf52832_xxaa/Obj/MeshProtocolFull_DWM1001-DEV/app_timer.o
 .text.nrf_delay_us
                0x0000000000003418       0xa0 Output/nrf52832_xxaa/Obj/MeshProtocolFull_DWM1001-DEV/app_timer.o
 .text.rtc1_init
                0x00000000000034b8       0x24 Output/nrf52832_xxaa/Obj/MeshProtocolFull_DWM1001-DEV/app_timer.o
 .text.rtc1_start
                0x00000000000034dc       0x40 Output/nrf52832_xxaa/Obj/MeshProtocolFull_DWM1001-DEV/app_timer.o
 .text.rtc1_stop
                0x000000000000351c       0x50 Output/nrf52832_xxaa/Obj/MeshProtocolFull_DWM1001-DEV/app_timer.o
 .text.rtc1_counter_get
                0x000000000000356c       0x10 Output/nrf52832_xxaa/Obj/MeshProtocolFull_DWM1001-DEV/app_timer.o
 .text.ticks_diff_get
                0x000000000000357c       0x16 Output/nrf52832_xxaa/Obj/MeshProtocolFull_DWM1001-DEV/app_timer.o
 *fill*         0x0000000000003592        0x2 
 .text.rtc1_compare0_set
                0x0000000000003594       0x18 Output/nrf52832_xxaa/Obj/MeshProtocolFull_DWM1001-DEV/app_timer.o
 .text.timer_list_insert
                0x00000000000035ac       0xac Output/nrf52832_xxaa/Obj/MeshProtocolFull_DWM1001-DEV/app_timer.o
 .text.timer_list_remove
                0x0000000000003658       0xc0 Output/nrf52832_xxaa/Obj/MeshProtocolFull_DWM1001-DEV/app_timer.o
 .text.timer_timeouts_check_sched
                0x0000000000003718        0xc Output/nrf52832_xxaa/Obj/MeshProtocolFull_DWM1001-DEV/app_timer.o
 .text.timer_list_handler_sched
                0x0000000000003724        0xc Output/nrf52832_xxaa/Obj/MeshProtocolFull_DWM1001-DEV/app_timer.o
 .text.timeout_handler_exec
                0x0000000000003730       0x1a Output/nrf52832_xxaa/Obj/MeshProtocolFull_DWM1001-DEV/app_timer.o
 *fill*         0x000000000000374a        0x2 
 .text.timer_timeouts_check
                0x000000000000374c       0xc8 Output/nrf52832_xxaa/Obj/MeshProtocolFull_DWM1001-DEV/app_timer.o
 .text.elapsed_ticks_acquire
                0x0000000000003814       0x78 Output/nrf52832_xxaa/Obj/MeshProtocolFull_DWM1001-DEV/app_timer.o
 .text.expired_timers_handler
                0x000000000000388c       0x94 Output/nrf52832_xxaa/Obj/MeshProtocolFull_DWM1001-DEV/app_timer.o
 .text.list_insertions_handler
                0x0000000000003920      0x1bc Output/nrf52832_xxaa/Obj/MeshProtocolFull_DWM1001-DEV/app_timer.o
 .text.compare_reg_update
                0x0000000000003adc       0xb0 Output/nrf52832_xxaa/Obj/MeshProtocolFull_DWM1001-DEV/app_timer.o
 .text.timer_list_handler
                0x0000000000003b8c       0x80 Output/nrf52832_xxaa/Obj/MeshProtocolFull_DWM1001-DEV/app_timer.o
 .text.user_op_enque
                0x0000000000003c0c       0x1c Output/nrf52832_xxaa/Obj/MeshProtocolFull_DWM1001-DEV/app_timer.o
 .text.user_op_alloc
                0x0000000000003c28       0x5c Output/nrf52832_xxaa/Obj/MeshProtocolFull_DWM1001-DEV/app_timer.o
 .text.timer_start_op_schedule
                0x0000000000003c84       0x7a Output/nrf52832_xxaa/Obj/MeshProtocolFull_DWM1001-DEV/app_timer.o
 *fill*         0x0000000000003cfe        0x2 
 .text.RTC1_IRQHandler
                0x0000000000003d00       0x40 Output/nrf52832_xxaa/Obj/MeshProtocolFull_DWM1001-DEV/app_timer.o
                0x0000000000003d00                RTC1_IRQHandler
 .text.SWI0_EGU0_IRQHandler
                0x0000000000003d40        0xa Output/nrf52832_xxaa/Obj/MeshProtocolFull_DWM1001-DEV/app_timer.o
                0x0000000000003d40                SWI0_EGU0_IRQHandler
 *fill*         0x0000000000003d4a        0x2 
 .text.app_timer_init
                0x0000000000003d4c       0x68 Output/nrf52832_xxaa/Obj/MeshProtocolFull_DWM1001-DEV/app_timer.o
                0x0000000000003d4c                app_timer_init
 .text.app_timer_create
                0x0000000000003db4       0x60 Output/nrf52832_xxaa/Obj/MeshProtocolFull_DWM1001-DEV/app_timer.o
                0x0000000000003db4                app_timer_create
 .text.app_timer_start
                0x0000000000003e14       0x64 Output/nrf52832_xxaa/Obj/MeshProtocolFull_DWM1001-DEV/app_timer.o
                0x0000000000003e14                app_timer_start
 .text.dwt_initialise
                0x0000000000003e78      0x184 Output/nrf52832_xxaa/Obj/MeshProtocolFull_DWM1001-DEV/deca_device.o
                0x0000000000003e78                dwt_initialise
 .text.dwt_readdevid
                0x0000000000003ffc       0x10 Output/nrf52832_xxaa/Obj/MeshProtocolFull_DWM1001-DEV/deca_device.o
                0x0000000000003ffc                dwt_readdevid
 .text.dwt_configure
                0x000000000000400c      0x304 Output/nrf52832_xxaa/Obj/MeshProtocolFull_DWM1001-DEV/deca_device.o
                0x000000000000400c                dwt_configure
 .text.dwt_setrxantennadelay
                0x0000000000004310       0x22 Output/nrf52832_xxaa/Obj/MeshProtocolFull_DWM1001-DEV/deca_device.o
                0x0000000000004310                dwt_setrxantennadelay
 .text.dwt_settxantennadelay
                0x0000000000004332       0x20 Output/nrf52832_xxaa/Obj/MeshProtocolFull_DWM1001-DEV/deca_device.o
                0x0000000000004332                dwt_settxantennadelay
 .text.dwt_writetxdata
                0x0000000000004352       0x46 Output/nrf52832_xxaa/Obj/MeshProtocolFull_DWM1001-DEV/deca_device.o
                0x0000000000004352                dwt_writetxdata
 .text.dwt_writetxfctrl
                0x0000000000004398       0x44 Output/nrf52832_xxaa/Obj/MeshProtocolFull_DWM1001-DEV/deca_device.o
                0x0000000000004398                dwt_writetxfctrl
 .text.dwt_readrxdata
                0x00000000000043dc       0x2a Output/nrf52832_xxaa/Obj/MeshProtocolFull_DWM1001-DEV/deca_device.o
                0x00000000000043dc                dwt_readrxdata
 .text.dwt_readtxtimestamp
                0x0000000000004406       0x1a Output/nrf52832_xxaa/Obj/MeshProtocolFull_DWM1001-DEV/deca_device.o
                0x0000000000004406                dwt_readtxtimestamp
 .text.dwt_readrxtimestamp
                0x0000000000004420       0x1a Output/nrf52832_xxaa/Obj/MeshProtocolFull_DWM1001-DEV/deca_device.o
                0x0000000000004420                dwt_readrxtimestamp
 .text.dwt_readsystime
                0x000000000000443a       0x1a Output/nrf52832_xxaa/Obj/MeshProtocolFull_DWM1001-DEV/deca_device.o
                0x000000000000443a                dwt_readsystime
 .text.dwt_writetodevice
                0x0000000000004454       0xbc Output/nrf52832_xxaa/Obj/MeshProtocolFull_DWM1001-DEV/deca_device.o
                0x0000000000004454                dwt_writetodevice
 .text.dwt_readfromdevice
                0x0000000000004510       0xb6 Output/nrf52832_xxaa/Obj/MeshProtocolFull_DWM1001-DEV/deca_device.o
                0x0000000000004510                dwt_readfromdevice
 .text.dwt_read32bitoffsetreg
                0x00000000000045c6       0x48 Output/nrf52832_xxaa/Obj/MeshProtocolFull_DWM1001-DEV/deca_device.o
                0x00000000000045c6                dwt_read32bitoffsetreg
 .text.dwt_read16bitoffsetreg
                0x000000000000460e       0x40 Output/nrf52832_xxaa/Obj/MeshProtocolFull_DWM1001-DEV/deca_device.o
                0x000000000000460e                dwt_read16bitoffsetreg
 .text.dwt_read8bitoffsetreg
                0x000000000000464e       0x26 Output/nrf52832_xxaa/Obj/MeshProtocolFull_DWM1001-DEV/deca_device.o
                0x000000000000464e                dwt_read8bitoffsetreg
 .text.dwt_write8bitoffsetreg
                0x0000000000004674       0x28 Output/nrf52832_xxaa/Obj/MeshProtocolFull_DWM1001-DEV/deca_device.o
                0x0000000000004674                dwt_write8bitoffsetreg
 .text.dwt_write16bitoffsetreg
                0x000000000000469c       0x3e Output/nrf52832_xxaa/Obj/MeshProtocolFull_DWM1001-DEV/deca_device.o
                0x000000000000469c                dwt_write16bitoffsetreg
 .text.dwt_write32bitoffsetreg
                0x00000000000046da       0x48 Output/nrf52832_xxaa/Obj/MeshProtocolFull_DWM1001-DEV/deca_device.o
                0x00000000000046da                dwt_write32bitoffsetreg
 .text.dwt_otpread
                0x0000000000004722       0x4e Output/nrf52832_xxaa/Obj/MeshProtocolFull_DWM1001-DEV/deca_device.o
                0x0000000000004722                dwt_otpread
 .text._dwt_otpread
                0x0000000000004770       0x3c Output/nrf52832_xxaa/Obj/MeshProtocolFull_DWM1001-DEV/deca_device.o
                0x0000000000004770                _dwt_otpread
 .text._dwt_aonarrayupload
                0x00000000000047ac       0x1a Output/nrf52832_xxaa/Obj/MeshProtocolFull_DWM1001-DEV/deca_device.o
                0x00000000000047ac                _dwt_aonarrayupload
 .text._dwt_configlde
                0x00000000000047c6       0x3e Output/nrf52832_xxaa/Obj/MeshProtocolFull_DWM1001-DEV/deca_device.o
                0x00000000000047c6                _dwt_configlde
 .text._dwt_loaducodefromrom
                0x0000000000004804       0x24 Output/nrf52832_xxaa/Obj/MeshProtocolFull_DWM1001-DEV/deca_device.o
                0x0000000000004804                _dwt_loaducodefromrom
 .text.dwt_setrxaftertxdelay
                0x0000000000004828       0x36 Output/nrf52832_xxaa/Obj/MeshProtocolFull_DWM1001-DEV/deca_device.o
                0x0000000000004828                dwt_setrxaftertxdelay
 *fill*         0x000000000000485e        0x2 
 .text._dwt_enableclocks
                0x0000000000004860      0x158 Output/nrf52832_xxaa/Obj/MeshProtocolFull_DWM1001-DEV/deca_device.o
                0x0000000000004860                _dwt_enableclocks
 .text._dwt_disablesequencing
                0x00000000000049b8       0x16 Output/nrf52832_xxaa/Obj/MeshProtocolFull_DWM1001-DEV/deca_device.o
                0x00000000000049b8                _dwt_disablesequencing
 .text.dwt_setdelayedtrxtime
                0x00000000000049ce       0x18 Output/nrf52832_xxaa/Obj/MeshProtocolFull_DWM1001-DEV/deca_device.o
                0x00000000000049ce                dwt_setdelayedtrxtime
 *fill*         0x00000000000049e6        0x2 
 .text.dwt_starttx
                0x00000000000049e8       0xd4 Output/nrf52832_xxaa/Obj/MeshProtocolFull_DWM1001-DEV/deca_device.o
                0x00000000000049e8                dwt_starttx
 .text.dwt_forcetrxoff
                0x0000000000004abc       0x60 Output/nrf52832_xxaa/Obj/MeshProtocolFull_DWM1001-DEV/deca_device.o
                0x0000000000004abc                dwt_forcetrxoff
 .text.dwt_syncrxbufptrs
                0x0000000000004b1c       0x38 Output/nrf52832_xxaa/Obj/MeshProtocolFull_DWM1001-DEV/deca_device.o
                0x0000000000004b1c                dwt_syncrxbufptrs
 .text.dwt_rxenable
                0x0000000000004b54       0x8e Output/nrf52832_xxaa/Obj/MeshProtocolFull_DWM1001-DEV/deca_device.o
                0x0000000000004b54                dwt_rxenable
 *fill*         0x0000000000004be2        0x2 
 .text.dwt_setrxtimeout
                0x0000000000004be4       0x90 Output/nrf52832_xxaa/Obj/MeshProtocolFull_DWM1001-DEV/deca_device.o
                0x0000000000004be4                dwt_setrxtimeout
 .text.dwt_setpreambledetecttimeout
                0x0000000000004c74       0x20 Output/nrf52832_xxaa/Obj/MeshProtocolFull_DWM1001-DEV/deca_device.o
                0x0000000000004c74                dwt_setpreambledetecttimeout
 .text.dwt_rxreset
                0x0000000000004c94       0x1a Output/nrf52832_xxaa/Obj/MeshProtocolFull_DWM1001-DEV/deca_device.o
                0x0000000000004c94                dwt_rxreset
 *fill*         0x0000000000004cae        0x2 
 .text.dwt_softreset
                0x0000000000004cb0       0x48 Output/nrf52832_xxaa/Obj/MeshProtocolFull_DWM1001-DEV/deca_device.o
                0x0000000000004cb0                dwt_softreset
 .text.dwt_setxtaltrim
                0x0000000000004cf8       0x34 Output/nrf52832_xxaa/Obj/MeshProtocolFull_DWM1001-DEV/deca_device.o
                0x0000000000004cf8                dwt_setxtaltrim
 .text.NVIC_EnableIRQ
                0x0000000000004d2c       0x2c Output/nrf52832_xxaa/Obj/MeshProtocolFull_DWM1001-DEV/port_platform.o
 .text.NVIC_DisableIRQ
                0x0000000000004d58       0x30 Output/nrf52832_xxaa/Obj/MeshProtocolFull_DWM1001-DEV/port_platform.o
 .text.nrf_gpio_pin_port_decode
                0x0000000000004d88        0xe Output/nrf52832_xxaa/Obj/MeshProtocolFull_DWM1001-DEV/port_platform.o
 .text.nrf_gpio_cfg
                0x0000000000004d96       0x62 Output/nrf52832_xxaa/Obj/MeshProtocolFull_DWM1001-DEV/port_platform.o
 .text.nrf_gpio_cfg_output
                0x0000000000004df8       0x22 Output/nrf52832_xxaa/Obj/MeshProtocolFull_DWM1001-DEV/port_platform.o
 .text.nrf_gpio_cfg_input
                0x0000000000004e1a       0x2a Output/nrf52832_xxaa/Obj/MeshProtocolFull_DWM1001-DEV/port_platform.o
 .text.nrf_gpio_pin_clear
                0x0000000000004e44       0x28 Output/nrf52832_xxaa/Obj/MeshProtocolFull_DWM1001-DEV/port_platform.o
 .text.nrf_gpio_port_out_clear
                0x0000000000004e6c       0x14 Output/nrf52832_xxaa/Obj/MeshProtocolFull_DWM1001-DEV/port_platform.o
 .text.nrf_delay_us
                0x0000000000004e80       0xa0 Output/nrf52832_xxaa/Obj/MeshProtocolFull_DWM1001-DEV/port_platform.o
 .text.nrf_delay_ms
                0x0000000000004f20       0x1e Output/nrf52832_xxaa/Obj/MeshProtocolFull_DWM1001-DEV/port_platform.o
 *fill*         0x0000000000004f3e        0x2 
 .text.spi_event_handler
                0x0000000000004f40       0x18 Output/nrf52832_xxaa/Obj/MeshProtocolFull_DWM1001-DEV/port_platform.o
                0x0000000000004f40                spi_event_handler
 .text.readfromspi
                0x0000000000004f58      0x144 Output/nrf52832_xxaa/Obj/MeshProtocolFull_DWM1001-DEV/port_platform.o
                0x0000000000004f58                readfromspi
 .text.writetospi
                0x000000000000509c      0x134 Output/nrf52832_xxaa/Obj/MeshProtocolFull_DWM1001-DEV/port_platform.o
                0x000000000000509c                writetospi
 .text.reset_DW1000
                0x00000000000051d0       0x26 Output/nrf52832_xxaa/Obj/MeshProtocolFull_DWM1001-DEV/port_platform.o
                0x00000000000051d0                reset_DW1000
 *fill*         0x00000000000051f6        0x2 
 .text.port_set_dw1000_slowrate
                0x00000000000051f8       0x4c Output/nrf52832_xxaa/Obj/MeshProtocolFull_DWM1001-DEV/port_platform.o
                0x00000000000051f8                port_set_dw1000_slowrate
 .text.port_set_dw1000_fastrate
                0x0000000000005244       0x54 Output/nrf52832_xxaa/Obj/MeshProtocolFull_DWM1001-DEV/port_platform.o
                0x0000000000005244                port_set_dw1000_fastrate
 .text.deca_sleep
                0x0000000000005298       0x14 Output/nrf52832_xxaa/Obj/MeshProtocolFull_DWM1001-DEV/port_platform.o
                0x0000000000005298                deca_sleep
 .text.decamutexon
                0x00000000000052ac        0xe Output/nrf52832_xxaa/Obj/MeshProtocolFull_DWM1001-DEV/port_platform.o
                0x00000000000052ac                decamutexon
 .text.decamutexoff
                0x00000000000052ba       0x14 Output/nrf52832_xxaa/Obj/MeshProtocolFull_DWM1001-DEV/port_platform.o
                0x00000000000052ba                decamutexoff
 *fill*         0x00000000000052ce        0x2 
 .text.boUART_Init
                0x00000000000052d0       0x48 Output/nrf52832_xxaa/Obj/MeshProtocolFull_DWM1001-DEV/UART.o
                0x00000000000052d0                boUART_Init
 .text.vUartErrorHandle
                0x0000000000005318       0x34 Output/nrf52832_xxaa/Obj/MeshProtocolFull_DWM1001-DEV/UART.o
 .text.vHandleUartInternalErrors
                0x000000000000534c        0xa Output/nrf52832_xxaa/Obj/MeshProtocolFull_DWM1001-DEV/UART.o
 .text.GuardConditions_ListeningUncToSendingUncAllowed
                0x0000000000005356       0x42 Output/nrf52832_xxaa/Obj/MeshProtocolFull_DWM1001-DEV/GuardConditions.o
                0x0000000000005356                GuardConditions_ListeningUncToSendingUncAllowed
 .text.GuardConditions_SendingUncToListeningConAllowed
                0x0000000000005398        0xc Output/nrf52832_xxaa/Obj/MeshProtocolFull_DWM1001-DEV/GuardConditions.o
                0x0000000000005398                GuardConditions_SendingUncToListeningConAllowed
 .text.GuardConditions_ListeningConToSendingConAllowed
                0x00000000000053a4       0x56 Output/nrf52832_xxaa/Obj/MeshProtocolFull_DWM1001-DEV/GuardConditions.o
                0x00000000000053a4                GuardConditions_ListeningConToSendingConAllowed
 .text.GuardConditions_ListeningConToListeningUncAllowed
                0x00000000000053fa       0x9c Output/nrf52832_xxaa/Obj/MeshProtocolFull_DWM1001-DEV/GuardConditions.o
                0x00000000000053fa                GuardConditions_ListeningConToListeningUncAllowed
 .text.GuardConditions_SendingConToListeningConAllowed
                0x0000000000005496        0xc Output/nrf52832_xxaa/Obj/MeshProtocolFull_DWM1001-DEV/GuardConditions.o
                0x0000000000005496                GuardConditions_SendingConToListeningConAllowed
 .text.GuardConditions_RangingPollAllowed
                0x00000000000054a2       0xd2 Output/nrf52832_xxaa/Obj/MeshProtocolFull_DWM1001-DEV/GuardConditions.o
                0x00000000000054a2                GuardConditions_RangingPollAllowed
 .text.GuardConditions_IdleingAllowed
                0x0000000000005574      0x1dc Output/nrf52832_xxaa/Obj/MeshProtocolFull_DWM1001-DEV/GuardConditions.o
                0x0000000000005574                GuardConditions_IdleingAllowed
 .text.GuardConditions_IdleToListeningConAllowedIncomingMsg
                0x0000000000005750      0x10c Output/nrf52832_xxaa/Obj/MeshProtocolFull_DWM1001-DEV/GuardConditions.o
                0x0000000000005750                GuardConditions_IdleToListeningConAllowedIncomingMsg
 .text.GuardConditions_IdleToListeningConAllowed
                0x000000000000585c       0x28 Output/nrf52832_xxaa/Obj/MeshProtocolFull_DWM1001-DEV/GuardConditions.o
                0x000000000000585c                GuardConditions_IdleToListeningConAllowed
 .text.LCG_Rand
                0x0000000000005884       0x34 Output/nrf52832_xxaa/Obj/MeshProtocolFull_DWM1001-DEV/LCG.o
                0x0000000000005884                LCG_Rand
 .text.nrf_gpio_pin_port_decode
                0x00000000000058b8        0xe Output/nrf52832_xxaa/Obj/MeshProtocolFull_DWM1001-DEV/main.o
 .text.nrf_gpio_cfg
                0x00000000000058c6       0x62 Output/nrf52832_xxaa/Obj/MeshProtocolFull_DWM1001-DEV/main.o
 .text.nrf_gpio_cfg_input
                0x0000000000005928       0x2a Output/nrf52832_xxaa/Obj/MeshProtocolFull_DWM1001-DEV/main.o
 .text.nrf_gpio_pin_read
                0x0000000000005952       0x2a Output/nrf52832_xxaa/Obj/MeshProtocolFull_DWM1001-DEV/main.o
 .text.nrf_gpio_port_in_read
                0x000000000000597c       0x10 Output/nrf52832_xxaa/Obj/MeshProtocolFull_DWM1001-DEV/main.o
 .text.lfclk_request
                0x000000000000598c       0x30 Output/nrf52832_xxaa/Obj/MeshProtocolFull_DWM1001-DEV/main.o
 .text.repeated_timer_handler
                0x00000000000059bc       0x30 Output/nrf52832_xxaa/Obj/MeshProtocolFull_DWM1001-DEV/main.o
 .text.create_timers
                0x00000000000059ec       0x38 Output/nrf52832_xxaa/Obj/MeshProtocolFull_DWM1001-DEV/main.o
 *fill*         0x0000000000005a24        0x4 
 .text.main     0x0000000000005a28      0xf58 Output/nrf52832_xxaa/Obj/MeshProtocolFull_DWM1001-DEV/main.o
                0x0000000000005a28                main
 .text.get_rx_timestamp_u64
                0x0000000000006980       0x6e Output/nrf52832_xxaa/Obj/MeshProtocolFull_DWM1001-DEV/main.o
 .text.get_systime_u64
                0x00000000000069ee       0x6e Output/nrf52832_xxaa/Obj/MeshProtocolFull_DWM1001-DEV/main.o
 .text.initializeConfigStructs
                0x0000000000006a5c      0x304 Output/nrf52832_xxaa/Obj/MeshProtocolFull_DWM1001-DEV/main.o
 .text.MessageHandler_HandlePingUnconnected
                0x0000000000006d60       0x34 Output/nrf52832_xxaa/Obj/MeshProtocolFull_DWM1001-DEV/MessageHandler.o
                0x0000000000006d60                MessageHandler_HandlePingUnconnected
 .text.MessageHandler_HandlePingConnected
                0x0000000000006d94       0x98 Output/nrf52832_xxaa/Obj/MeshProtocolFull_DWM1001-DEV/MessageHandler.o
                0x0000000000006d94                MessageHandler_HandlePingConnected
 .text.MessageHandler_SendInitialPing
                0x0000000000006e2c       0x32 Output/nrf52832_xxaa/Obj/MeshProtocolFull_DWM1001-DEV/MessageHandler.o
                0x0000000000006e2c                MessageHandler_SendInitialPing
 .text.MessageHandler_SendPing
                0x0000000000006e5e       0x96 Output/nrf52832_xxaa/Obj/MeshProtocolFull_DWM1001-DEV/MessageHandler.o
                0x0000000000006e5e                MessageHandler_SendPing
 .text.MessageHandler_SendRangingPollMessage
                0x0000000000006ef4       0x28 Output/nrf52832_xxaa/Obj/MeshProtocolFull_DWM1001-DEV/MessageHandler.o
                0x0000000000006ef4                MessageHandler_SendRangingPollMessage
 .text.MessageHandler_SendRangingResponseMessage
                0x0000000000006f1c       0x18 Output/nrf52832_xxaa/Obj/MeshProtocolFull_DWM1001-DEV/MessageHandler.o
                0x0000000000006f1c                MessageHandler_SendRangingResponseMessage
 .text.MessageHandler_SendRangingFinalMessage
                0x0000000000006f34       0x18 Output/nrf52832_xxaa/Obj/MeshProtocolFull_DWM1001-DEV/MessageHandler.o
                0x0000000000006f34                MessageHandler_SendRangingFinalMessage
 .text.MessageHandler_SendRangingResultMessage
                0x0000000000006f4c       0x18 Output/nrf52832_xxaa/Obj/MeshProtocolFull_DWM1001-DEV/MessageHandler.o
                0x0000000000006f4c                MessageHandler_SendRangingResultMessage
 .text.joinNetwork
                0x0000000000006f64       0xd0 Output/nrf52832_xxaa/Obj/MeshProtocolFull_DWM1001-DEV/MessageHandler.o
 .text.updateSlots
                0x0000000000007034      0x16e Output/nrf52832_xxaa/Obj/MeshProtocolFull_DWM1001-DEV/MessageHandler.o
 .text.createPingMessage
                0x00000000000071a2       0x88 Output/nrf52832_xxaa/Obj/MeshProtocolFull_DWM1001-DEV/MessageHandler.o
 .text.createRangingPollMessage
                0x000000000000722a       0x30 Output/nrf52832_xxaa/Obj/MeshProtocolFull_DWM1001-DEV/MessageHandler.o
 .text.correctOwnTime
                0x000000000000725a      0x17e Output/nrf52832_xxaa/Obj/MeshProtocolFull_DWM1001-DEV/MessageHandler.o
 .text.Neighborhood_AddOrUpdateOneHopNeighbor
                0x00000000000073d8       0xbc Output/nrf52832_xxaa/Obj/MeshProtocolFull_DWM1001-DEV/Neighborhood.o
                0x00000000000073d8                Neighborhood_AddOrUpdateOneHopNeighbor
 .text.Neighborhood_GetOneHopNeighbors
                0x0000000000007494       0x62 Output/nrf52832_xxaa/Obj/MeshProtocolFull_DWM1001-DEV/Neighborhood.o
                0x0000000000007494                Neighborhood_GetOneHopNeighbors
 .text.Neighborhood_RemoveAbsentNeighbors
                0x00000000000074f6       0xba Output/nrf52832_xxaa/Obj/MeshProtocolFull_DWM1001-DEV/Neighborhood.o
                0x00000000000074f6                Neighborhood_RemoveAbsentNeighbors
 .text.Neighborhood_UpdateRanging
                0x00000000000075b0       0x68 Output/nrf52832_xxaa/Obj/MeshProtocolFull_DWM1001-DEV/Neighborhood.o
                0x00000000000075b0                Neighborhood_UpdateRanging
 .text.Neighborhood_GetNextRangingNeighbor
                0x0000000000007618       0x92 Output/nrf52832_xxaa/Obj/MeshProtocolFull_DWM1001-DEV/Neighborhood.o
                0x0000000000007618                Neighborhood_GetNextRangingNeighbor
 .text.Neighborhood_GetNewestNeighbor
                0x00000000000076aa       0x4c Output/nrf52832_xxaa/Obj/MeshProtocolFull_DWM1001-DEV/Neighborhood.o
                0x00000000000076aa                Neighborhood_GetNewestNeighbor
 .text.Neighborhood_GetTimeWhenNewestNeighborJoined
                0x00000000000076f6       0x56 Output/nrf52832_xxaa/Obj/MeshProtocolFull_DWM1001-DEV/Neighborhood.o
                0x00000000000076f6                Neighborhood_GetTimeWhenNewestNeighborJoined
 .text.removeNeighbor
                0x000000000000774c       0xe4 Output/nrf52832_xxaa/Obj/MeshProtocolFull_DWM1001-DEV/Neighborhood.o
 .text.NetworkManager_CreateNetwork
                0x0000000000007830       0x50 Output/nrf52832_xxaa/Obj/MeshProtocolFull_DWM1001-DEV/NetworkManager.o
                0x0000000000007830                NetworkManager_CreateNetwork
 .text.NetworkManager_CalculateNetworkAge
                0x0000000000007880       0x60 Output/nrf52832_xxaa/Obj/MeshProtocolFull_DWM1001-DEV/NetworkManager.o
                0x0000000000007880                NetworkManager_CalculateNetworkAge
 .text.NetworkManager_IsPingFromForeignNetwork
                0x00000000000078e0       0xce Output/nrf52832_xxaa/Obj/MeshProtocolFull_DWM1001-DEV/NetworkManager.o
                0x00000000000078e0                NetworkManager_IsPingFromForeignNetwork
 .text.NetworkManager_IsForeignNetworkPreceding
                0x00000000000079ae       0x3c Output/nrf52832_xxaa/Obj/MeshProtocolFull_DWM1001-DEV/NetworkManager.o
                0x00000000000079ae                NetworkManager_IsForeignNetworkPreceding
 .text.NetworkManager_DoNetworksHaveSameAge
                0x00000000000079ea       0x3c Output/nrf52832_xxaa/Obj/MeshProtocolFull_DWM1001-DEV/NetworkManager.o
                0x00000000000079ea                NetworkManager_DoNetworksHaveSameAge
 .text.NetworkManager_GetNetworkStatus
                0x0000000000007a26       0x10 Output/nrf52832_xxaa/Obj/MeshProtocolFull_DWM1001-DEV/NetworkManager.o
                0x0000000000007a26                NetworkManager_GetNetworkStatus
 .text.NetworkManager_GetNetworkId
                0x0000000000007a36       0x1e Output/nrf52832_xxaa/Obj/MeshProtocolFull_DWM1001-DEV/NetworkManager.o
                0x0000000000007a36                NetworkManager_GetNetworkId
 .text.NetworkManager_SetNetworkStatus
                0x0000000000007a54       0x1a Output/nrf52832_xxaa/Obj/MeshProtocolFull_DWM1001-DEV/NetworkManager.o
                0x0000000000007a54                NetworkManager_SetNetworkStatus
 .text.NetworkManager_SetNetworkId
                0x0000000000007a6e       0x3a Output/nrf52832_xxaa/Obj/MeshProtocolFull_DWM1001-DEV/NetworkManager.o
                0x0000000000007a6e                NetworkManager_SetNetworkId
 .text.NetworkManager_SaveNetworkAgeAtJoining
                0x0000000000007aa8       0x1a Output/nrf52832_xxaa/Obj/MeshProtocolFull_DWM1001-DEV/NetworkManager.o
                0x0000000000007aa8                NetworkManager_SaveNetworkAgeAtJoining
 .text.NetworkManager_SaveLocalTimeAtJoining
                0x0000000000007ac2       0x1a Output/nrf52832_xxaa/Obj/MeshProtocolFull_DWM1001-DEV/NetworkManager.o
                0x0000000000007ac2                NetworkManager_SaveLocalTimeAtJoining
 .text.isConnectedAndHasId
                0x0000000000007adc       0x4a Output/nrf52832_xxaa/Obj/MeshProtocolFull_DWM1001-DEV/NetworkManager.o
 .text.Node_SetStateMachine
                0x0000000000007b26       0x12 Output/nrf52832_xxaa/Obj/MeshProtocolFull_DWM1001-DEV/Node.o
                0x0000000000007b26                Node_SetStateMachine
 .text.Node_SetClock
                0x0000000000007b38       0x12 Output/nrf52832_xxaa/Obj/MeshProtocolFull_DWM1001-DEV/Node.o
                0x0000000000007b38                Node_SetClock
 .text.Node_SetScheduler
                0x0000000000007b4a       0x12 Output/nrf52832_xxaa/Obj/MeshProtocolFull_DWM1001-DEV/Node.o
                0x0000000000007b4a                Node_SetScheduler
 .text.Node_SetDriver
                0x0000000000007b5c       0x12 Output/nrf52832_xxaa/Obj/MeshProtocolFull_DWM1001-DEV/Node.o
                0x0000000000007b5c                Node_SetDriver
 .text.Node_SetTimeKeeping
                0x0000000000007b6e       0x12 Output/nrf52832_xxaa/Obj/MeshProtocolFull_DWM1001-DEV/Node.o
                0x0000000000007b6e                Node_SetTimeKeeping
 .text.Node_SetNetworkManager
                0x0000000000007b80       0x12 Output/nrf52832_xxaa/Obj/MeshProtocolFull_DWM1001-DEV/Node.o
                0x0000000000007b80                Node_SetNetworkManager
 .text.Node_SetMessageHandler
                0x0000000000007b92       0x12 Output/nrf52832_xxaa/Obj/MeshProtocolFull_DWM1001-DEV/Node.o
                0x0000000000007b92                Node_SetMessageHandler
 .text.Node_SetSlotMap
                0x0000000000007ba4       0x12 Output/nrf52832_xxaa/Obj/MeshProtocolFull_DWM1001-DEV/Node.o
                0x0000000000007ba4                Node_SetSlotMap
 .text.Node_SetNeighborhood
                0x0000000000007bb6       0x12 Output/nrf52832_xxaa/Obj/MeshProtocolFull_DWM1001-DEV/Node.o
                0x0000000000007bb6                Node_SetNeighborhood
 .text.Node_SetRangingManager
                0x0000000000007bc8       0x12 Output/nrf52832_xxaa/Obj/MeshProtocolFull_DWM1001-DEV/Node.o
                0x0000000000007bc8                Node_SetRangingManager
 .text.Node_SetLCG
                0x0000000000007bda       0x12 Output/nrf52832_xxaa/Obj/MeshProtocolFull_DWM1001-DEV/Node.o
                0x0000000000007bda                Node_SetLCG
 .text.Node_SetConfig
                0x0000000000007bec       0x12 Output/nrf52832_xxaa/Obj/MeshProtocolFull_DWM1001-DEV/Node.o
                0x0000000000007bec                Node_SetConfig
 .text.RandomNumbers_GetRandomIntBetween
                0x0000000000007bfe       0x7e Output/nrf52832_xxaa/Obj/MeshProtocolFull_DWM1001-DEV/RandomNumbers.o
                0x0000000000007bfe                RandomNumbers_GetRandomIntBetween
 .text.RandomNumbers_GetRandomElementFrom
                0x0000000000007c7c       0x42 Output/nrf52832_xxaa/Obj/MeshProtocolFull_DWM1001-DEV/RandomNumbers.o
                0x0000000000007c7c                RandomNumbers_GetRandomElementFrom
 .text.RangingManager_HasRangingTimedOut
                0x0000000000007cbe       0x7a Output/nrf52832_xxaa/Obj/MeshProtocolFull_DWM1001-DEV/RangingManager.o
                0x0000000000007cbe                RangingManager_HasRangingTimedOut
 .text.RangingManager_RecordRangingMsgOut
                0x0000000000007d38       0x28 Output/nrf52832_xxaa/Obj/MeshProtocolFull_DWM1001-DEV/RangingManager.o
                0x0000000000007d38                RangingManager_RecordRangingMsgOut
 .text.Scheduler_PingScheduledToNow
                0x0000000000007d60       0x36 Output/nrf52832_xxaa/Obj/MeshProtocolFull_DWM1001-DEV/Scheduler.o
                0x0000000000007d60                Scheduler_PingScheduledToNow
 .text.Scheduler_GetTimeOfNextSchedule
                0x0000000000007d96       0x14 Output/nrf52832_xxaa/Obj/MeshProtocolFull_DWM1001-DEV/Scheduler.o
                0x0000000000007d96                Scheduler_GetTimeOfNextSchedule
 .text.Scheduler_SchedulePingAtTime
                0x0000000000007daa       0x42 Output/nrf52832_xxaa/Obj/MeshProtocolFull_DWM1001-DEV/Scheduler.o
                0x0000000000007daa                Scheduler_SchedulePingAtTime
 .text.Scheduler_CancelScheduledPing
                0x0000000000007dec       0x1a Output/nrf52832_xxaa/Obj/MeshProtocolFull_DWM1001-DEV/Scheduler.o
                0x0000000000007dec                Scheduler_CancelScheduledPing
 .text.Scheduler_NothingScheduledYet
                0x0000000000007e06       0x20 Output/nrf52832_xxaa/Obj/MeshProtocolFull_DWM1001-DEV/Scheduler.o
                0x0000000000007e06                Scheduler_NothingScheduledYet
 .text.Scheduler_GetSlotOfNextSchedule
                0x0000000000007e26       0x2a Output/nrf52832_xxaa/Obj/MeshProtocolFull_DWM1001-DEV/Scheduler.o
                0x0000000000007e26                Scheduler_GetSlotOfNextSchedule
 .text.Scheduler_ScheduleNextPing
                0x0000000000007e50      0x152 Output/nrf52832_xxaa/Obj/MeshProtocolFull_DWM1001-DEV/Scheduler.o
                0x0000000000007e50                Scheduler_ScheduleNextPing
 *fill*         0x0000000000007fa2        0x2 
 .text.getRandomDelay
                0x0000000000007fa4       0x88 Output/nrf52832_xxaa/Obj/MeshProtocolFull_DWM1001-DEV/Scheduler.o
 .text.getRegularRandomDelay
                0x000000000000802c       0xb4 Output/nrf52832_xxaa/Obj/MeshProtocolFull_DWM1001-DEV/Scheduler.o
 .text.SlotMap_UpdateOneHopSlotMap
                0x00000000000080e0      0x1aa Output/nrf52832_xxaa/Obj/MeshProtocolFull_DWM1001-DEV/SlotMap.o
                0x00000000000080e0                SlotMap_UpdateOneHopSlotMap
 .text.SlotMap_UpdateTwoHopSlotMap
                0x000000000000828a       0x4a Output/nrf52832_xxaa/Obj/MeshProtocolFull_DWM1001-DEV/SlotMap.o
                0x000000000000828a                SlotMap_UpdateTwoHopSlotMap
 .text.SlotMap_UpdateThreeHopSlotMap
                0x00000000000082d4       0x4a Output/nrf52832_xxaa/Obj/MeshProtocolFull_DWM1001-DEV/SlotMap.o
                0x00000000000082d4                SlotMap_UpdateThreeHopSlotMap
 .text.SlotMap_GetOneHopSlotMapStatus
                0x000000000000831e       0x38 Output/nrf52832_xxaa/Obj/MeshProtocolFull_DWM1001-DEV/SlotMap.o
                0x000000000000831e                SlotMap_GetOneHopSlotMapStatus
 .text.SlotMap_GetOneHopSlotMapIds
                0x0000000000008356       0x36 Output/nrf52832_xxaa/Obj/MeshProtocolFull_DWM1001-DEV/SlotMap.o
                0x0000000000008356                SlotMap_GetOneHopSlotMapIds
 .text.SlotMap_GetTwoHopSlotMapStatus
                0x000000000000838c       0x3a Output/nrf52832_xxaa/Obj/MeshProtocolFull_DWM1001-DEV/SlotMap.o
                0x000000000000838c                SlotMap_GetTwoHopSlotMapStatus
 .text.SlotMap_GetTwoHopSlotMapIds
                0x00000000000083c6       0x36 Output/nrf52832_xxaa/Obj/MeshProtocolFull_DWM1001-DEV/SlotMap.o
                0x00000000000083c6                SlotMap_GetTwoHopSlotMapIds
 .text.SlotMap_GetThreeHopSlotMapIds
                0x00000000000083fc       0x36 Output/nrf52832_xxaa/Obj/MeshProtocolFull_DWM1001-DEV/SlotMap.o
                0x00000000000083fc                SlotMap_GetThreeHopSlotMapIds
 .text.SlotMap_CheckOwnSlotsForCollisions
                0x0000000000008432       0xb8 Output/nrf52832_xxaa/Obj/MeshProtocolFull_DWM1001-DEV/SlotMap.o
                0x0000000000008432                SlotMap_CheckOwnSlotsForCollisions
 .text.SlotMap_CheckPendingSlotsForCollisions
                0x00000000000084ea       0xb2 Output/nrf52832_xxaa/Obj/MeshProtocolFull_DWM1001-DEV/SlotMap.o
                0x00000000000084ea                SlotMap_CheckPendingSlotsForCollisions
 .text.SlotMap_SlotReservationGoalMet
                0x000000000000859c       0x30 Output/nrf52832_xxaa/Obj/MeshProtocolFull_DWM1001-DEV/SlotMap.o
                0x000000000000859c                SlotMap_SlotReservationGoalMet
 .text.SlotMap_GetReservableSlot
                0x00000000000085cc       0xca Output/nrf52832_xxaa/Obj/MeshProtocolFull_DWM1001-DEV/SlotMap.o
                0x00000000000085cc                SlotMap_GetReservableSlot
 .text.SlotMap_CalculateNextOwnOrPendingSlotNum
                0x0000000000008696       0x94 Output/nrf52832_xxaa/Obj/MeshProtocolFull_DWM1001-DEV/SlotMap.o
                0x0000000000008696                SlotMap_CalculateNextOwnOrPendingSlotNum
 .text.SlotMap_UpdatePendingSlotAcks
                0x000000000000872a       0xb0 Output/nrf52832_xxaa/Obj/MeshProtocolFull_DWM1001-DEV/SlotMap.o
                0x000000000000872a                SlotMap_UpdatePendingSlotAcks
 .text.SlotMap_AddPendingSlot
                0x00000000000087da       0xb6 Output/nrf52832_xxaa/Obj/MeshProtocolFull_DWM1001-DEV/SlotMap.o
                0x00000000000087da                SlotMap_AddPendingSlot
 .text.SlotMap_ChangePendingToOwn
                0x0000000000008890       0x8a Output/nrf52832_xxaa/Obj/MeshProtocolFull_DWM1001-DEV/SlotMap.o
                0x0000000000008890                SlotMap_ChangePendingToOwn
 .text.SlotMap_ClearToSend
                0x000000000000891a       0x76 Output/nrf52832_xxaa/Obj/MeshProtocolFull_DWM1001-DEV/SlotMap.o
                0x000000000000891a                SlotMap_ClearToSend
 .text.SlotMap_SlotIsFreeForThisNode
                0x0000000000008990       0x4c Output/nrf52832_xxaa/Obj/MeshProtocolFull_DWM1001-DEV/SlotMap.o
                0x0000000000008990                SlotMap_SlotIsFreeForThisNode
 .text.SlotMap_SlotIsColliding
                0x00000000000089dc       0x4c Output/nrf52832_xxaa/Obj/MeshProtocolFull_DWM1001-DEV/SlotMap.o
                0x00000000000089dc                SlotMap_SlotIsColliding
 .text.SlotMap_GetAcknowledgedPendingSlots
                0x0000000000008a28       0x92 Output/nrf52832_xxaa/Obj/MeshProtocolFull_DWM1001-DEV/SlotMap.o
                0x0000000000008a28                SlotMap_GetAcknowledgedPendingSlots
 .text.SlotMap_GetPendingSlots
                0x0000000000008aba       0x62 Output/nrf52832_xxaa/Obj/MeshProtocolFull_DWM1001-DEV/SlotMap.o
                0x0000000000008aba                SlotMap_GetPendingSlots
 .text.SlotMap_GetOwnSlots
                0x0000000000008b1c       0x64 Output/nrf52832_xxaa/Obj/MeshProtocolFull_DWM1001-DEV/SlotMap.o
                0x0000000000008b1c                SlotMap_GetOwnSlots
 .text.SlotMap_GetLastReservationTime
                0x0000000000008b80       0x14 Output/nrf52832_xxaa/Obj/MeshProtocolFull_DWM1001-DEV/SlotMap.o
                0x0000000000008b80                SlotMap_GetLastReservationTime
 .text.SlotMap_IsOwnSlot
                0x0000000000008b94       0x46 Output/nrf52832_xxaa/Obj/MeshProtocolFull_DWM1001-DEV/SlotMap.o
                0x0000000000008b94                SlotMap_IsOwnSlot
 .text.SlotMap_IsPendingSlot
                0x0000000000008bda       0x46 Output/nrf52832_xxaa/Obj/MeshProtocolFull_DWM1001-DEV/SlotMap.o
                0x0000000000008bda                SlotMap_IsPendingSlot
 .text.SlotMap_ReleaseOwnSlot
                0x0000000000008c20       0x80 Output/nrf52832_xxaa/Obj/MeshProtocolFull_DWM1001-DEV/SlotMap.o
                0x0000000000008c20                SlotMap_ReleaseOwnSlot
 .text.SlotMap_ReleasePendingSlot
                0x0000000000008ca0      0x142 Output/nrf52832_xxaa/Obj/MeshProtocolFull_DWM1001-DEV/SlotMap.o
                0x0000000000008ca0                SlotMap_ReleasePendingSlot
 .text.SlotMap_RemoveExpiredSlotsFromOneHopSlotMap
                0x0000000000008de2       0x28 Output/nrf52832_xxaa/Obj/MeshProtocolFull_DWM1001-DEV/SlotMap.o
                0x0000000000008de2                SlotMap_RemoveExpiredSlotsFromOneHopSlotMap
 .text.SlotMap_RemoveExpiredSlotsFromTwoHopSlotMap
                0x0000000000008e0a       0x2a Output/nrf52832_xxaa/Obj/MeshProtocolFull_DWM1001-DEV/SlotMap.o
                0x0000000000008e0a                SlotMap_RemoveExpiredSlotsFromTwoHopSlotMap
 .text.SlotMap_RemoveExpiredSlotsFromThreeHopSlotMap
                0x0000000000008e34       0x2a Output/nrf52832_xxaa/Obj/MeshProtocolFull_DWM1001-DEV/SlotMap.o
                0x0000000000008e34                SlotMap_RemoveExpiredSlotsFromThreeHopSlotMap
 .text.removeExpiredSlotsFromSlotMap
                0x0000000000008e5e       0xae Output/nrf52832_xxaa/Obj/MeshProtocolFull_DWM1001-DEV/SlotMap.o
 .text.SlotMap_RemoveExpiredPendingSlots
                0x0000000000008f0c       0xea Output/nrf52832_xxaa/Obj/MeshProtocolFull_DWM1001-DEV/SlotMap.o
                0x0000000000008f0c                SlotMap_RemoveExpiredPendingSlots
 .text.SlotMap_RemoveExpiredOwnSlots
                0x0000000000008ff6      0x10a Output/nrf52832_xxaa/Obj/MeshProtocolFull_DWM1001-DEV/SlotMap.o
                0x0000000000008ff6                SlotMap_RemoveExpiredOwnSlots
 .text.isAcknowledged
                0x0000000000009100       0xe2 Output/nrf52832_xxaa/Obj/MeshProtocolFull_DWM1001-DEV/SlotMap.o
 .text.SlotMap_ExtendTimeouts
                0x00000000000091e2       0xfc Output/nrf52832_xxaa/Obj/MeshProtocolFull_DWM1001-DEV/SlotMap.o
                0x00000000000091e2                SlotMap_ExtendTimeouts
 .text.oneHopSlotIsExpired
                0x00000000000092de       0x52 Output/nrf52832_xxaa/Obj/MeshProtocolFull_DWM1001-DEV/SlotMap.o
 .text.multiHopSlotIsExpired
                0x0000000000009330       0x52 Output/nrf52832_xxaa/Obj/MeshProtocolFull_DWM1001-DEV/SlotMap.o
 .text.updateMultiHopSlotMap
                0x0000000000009382      0x360 Output/nrf52832_xxaa/Obj/MeshProtocolFull_DWM1001-DEV/SlotMap.o
 .text.slotReportedColliding
                0x00000000000096e2       0x3a Output/nrf52832_xxaa/Obj/MeshProtocolFull_DWM1001-DEV/SlotMap.o
 .text.slotReportedOccupiedByOtherNode
                0x000000000000971c       0x6c Output/nrf52832_xxaa/Obj/MeshProtocolFull_DWM1001-DEV/SlotMap.o
 .text.findFreeForThisNodeSlotsInThreeHopNeighborhood
                0x0000000000009788      0x1cc Output/nrf52832_xxaa/Obj/MeshProtocolFull_DWM1001-DEV/SlotMap.o
 .text.findCollidingSlotsInThreeHopNeighborhood
                0x0000000000009954      0x362 Output/nrf52832_xxaa/Obj/MeshProtocolFull_DWM1001-DEV/SlotMap.o
 .text.getNextSlotFromSelection
                0x0000000000009cb6       0xb4 Output/nrf52832_xxaa/Obj/MeshProtocolFull_DWM1001-DEV/SlotMap.o
 .text.StateActions_ListeningUnconnectedIncomingMsgAction
                0x0000000000009d6a       0x22 Output/nrf52832_xxaa/Obj/MeshProtocolFull_DWM1001-DEV/StateActions.o
                0x0000000000009d6a                StateActions_ListeningUnconnectedIncomingMsgAction
 .text.StateActions_ListeningUnconnectedTimeTicAction
                0x0000000000009d8c       0x7a Output/nrf52832_xxaa/Obj/MeshProtocolFull_DWM1001-DEV/StateActions.o
                0x0000000000009d8c                StateActions_ListeningUnconnectedTimeTicAction
 .text.StateActions_ListeningConnectedTimeTicAction
                0x0000000000009e06       0xfa Output/nrf52832_xxaa/Obj/MeshProtocolFull_DWM1001-DEV/StateActions.o
                0x0000000000009e06                StateActions_ListeningConnectedTimeTicAction
 .text.StateActions_ListeningConnectedIncomingMsgAction
                0x0000000000009f00       0x74 Output/nrf52832_xxaa/Obj/MeshProtocolFull_DWM1001-DEV/StateActions.o
                0x0000000000009f00                StateActions_ListeningConnectedIncomingMsgAction
 .text.StateActions_SendingConnectedTimeTicAction
                0x0000000000009f74       0x2e Output/nrf52832_xxaa/Obj/MeshProtocolFull_DWM1001-DEV/StateActions.o
                0x0000000000009f74                StateActions_SendingConnectedTimeTicAction
 .text.StateActions_SendingUnconnectedTimeTicAction
                0x0000000000009fa2       0x2e Output/nrf52832_xxaa/Obj/MeshProtocolFull_DWM1001-DEV/StateActions.o
                0x0000000000009fa2                StateActions_SendingUnconnectedTimeTicAction
 .text.StateActions_RangingPollTimeTicAction
                0x0000000000009fd0       0x42 Output/nrf52832_xxaa/Obj/MeshProtocolFull_DWM1001-DEV/StateActions.o
                0x0000000000009fd0                StateActions_RangingPollTimeTicAction
 .text.StateActions_RangingResponseTimeTicAction
                0x000000000000a012       0x2c Output/nrf52832_xxaa/Obj/MeshProtocolFull_DWM1001-DEV/StateActions.o
                0x000000000000a012                StateActions_RangingResponseTimeTicAction
 .text.StateActions_RangingFinalTimeTicAction
                0x000000000000a03e       0x2c Output/nrf52832_xxaa/Obj/MeshProtocolFull_DWM1001-DEV/StateActions.o
                0x000000000000a03e                StateActions_RangingFinalTimeTicAction
 .text.StateActions_RangingResultTimeTicAction
                0x000000000000a06a       0x2c Output/nrf52832_xxaa/Obj/MeshProtocolFull_DWM1001-DEV/StateActions.o
                0x000000000000a06a                StateActions_RangingResultTimeTicAction
 .text.StateActions_IdleTimeTicAction
                0x000000000000a096        0xa Output/nrf52832_xxaa/Obj/MeshProtocolFull_DWM1001-DEV/StateActions.o
                0x000000000000a096                StateActions_IdleTimeTicAction
 .text.StateActions_IdleIncomingMsgAction
                0x000000000000a0a0       0x18 Output/nrf52832_xxaa/Obj/MeshProtocolFull_DWM1001-DEV/StateActions.o
                0x000000000000a0a0                StateActions_IdleIncomingMsgAction
 .text.StateMachine_GetState
                0x000000000000a0b8       0x10 Output/nrf52832_xxaa/Obj/MeshProtocolFull_DWM1001-DEV/StateMachine.o
                0x000000000000a0b8                StateMachine_GetState
 .text.StateMachine_Run
                0x000000000000a0c8      0x4e8 Output/nrf52832_xxaa/Obj/MeshProtocolFull_DWM1001-DEV/StateMachine.o
                0x000000000000a0c8                StateMachine_Run
 .text.TimeKeeping_SetFrameStartTime
                0x000000000000a5b0       0x22 Output/nrf52832_xxaa/Obj/MeshProtocolFull_DWM1001-DEV/TimeKeeping.o
                0x000000000000a5b0                TimeKeeping_SetFrameStartTime
 .text.TimeKeeping_SetFrameStartTimeForLastPreamble
                0x000000000000a5d2       0x32 Output/nrf52832_xxaa/Obj/MeshProtocolFull_DWM1001-DEV/TimeKeeping.o
                0x000000000000a5d2                TimeKeeping_SetFrameStartTimeForLastPreamble
 .text.TimeKeeping_InitialWaitTimeOver
                0x000000000000a604       0x46 Output/nrf52832_xxaa/Obj/MeshProtocolFull_DWM1001-DEV/TimeKeeping.o
                0x000000000000a604                TimeKeeping_InitialWaitTimeOver
 .text.TimeKeeping_ResetTime
                0x000000000000a64a       0x28 Output/nrf52832_xxaa/Obj/MeshProtocolFull_DWM1001-DEV/TimeKeeping.o
                0x000000000000a64a                TimeKeeping_ResetTime
 .text.TimeKeeping_CalculateOwnSlotAtTime
                0x000000000000a672       0x9c Output/nrf52832_xxaa/Obj/MeshProtocolFull_DWM1001-DEV/TimeKeeping.o
                0x000000000000a672                TimeKeeping_CalculateOwnSlotAtTime
 .text.TimeKeeping_CalculateCurrentSlotNum
                0x000000000000a70e       0x3c Output/nrf52832_xxaa/Obj/MeshProtocolFull_DWM1001-DEV/TimeKeeping.o
                0x000000000000a70e                TimeKeeping_CalculateCurrentSlotNum
 *fill*         0x000000000000a74a        0x2 
 .text.TimeKeeping_CalculateCurrentFrameNum
                0x000000000000a74c       0x94 Output/nrf52832_xxaa/Obj/MeshProtocolFull_DWM1001-DEV/TimeKeeping.o
                0x000000000000a74c                TimeKeeping_CalculateCurrentFrameNum
 .text.TimeKeeping_CalculateNextStartOfSlot
                0x000000000000a7e0      0x12a Output/nrf52832_xxaa/Obj/MeshProtocolFull_DWM1001-DEV/TimeKeeping.o
                0x000000000000a7e0                TimeKeeping_CalculateNextStartOfSlot
 .text.TimeKeeping_CalculateNetworkAgeFromMsg
                0x000000000000a90a       0x30 Output/nrf52832_xxaa/Obj/MeshProtocolFull_DWM1001-DEV/TimeKeeping.o
                0x000000000000a90a                TimeKeeping_CalculateNetworkAgeFromMsg
 .text.TimeKeeping_CalculateTimeSinceFrameStart
                0x000000000000a93a       0x66 Output/nrf52832_xxaa/Obj/MeshProtocolFull_DWM1001-DEV/TimeKeeping.o
                0x000000000000a93a                TimeKeeping_CalculateTimeSinceFrameStart
 .text.TimeKeeping_GetTimeRemainingInCurrentSlot
                0x000000000000a9a0       0x32 Output/nrf52832_xxaa/Obj/MeshProtocolFull_DWM1001-DEV/TimeKeeping.o
                0x000000000000a9a0                TimeKeeping_GetTimeRemainingInCurrentSlot
 .text.TimeKeeping_SetLastTimeIdled
                0x000000000000a9d2       0x22 Output/nrf52832_xxaa/Obj/MeshProtocolFull_DWM1001-DEV/TimeKeeping.o
                0x000000000000a9d2                TimeKeeping_SetLastTimeIdled
 .text.TimeKeeping_GetLastTimeIdled
                0x000000000000a9f4       0x14 Output/nrf52832_xxaa/Obj/MeshProtocolFull_DWM1001-DEV/TimeKeeping.o
                0x000000000000a9f4                TimeKeeping_GetLastTimeIdled
 .text.TimeKeeping_IsAutoCycleWakeupTime
                0x000000000000aa08       0x4c Output/nrf52832_xxaa/Obj/MeshProtocolFull_DWM1001-DEV/TimeKeeping.o
                0x000000000000aa08                TimeKeeping_IsAutoCycleWakeupTime
 .text.calculateTimeSinceLastPreamble
                0x000000000000aa54       0x32 Output/nrf52832_xxaa/Obj/MeshProtocolFull_DWM1001-DEV/TimeKeeping.o
 .text.calculateTimeInSlot
                0x000000000000aa86       0x46 Output/nrf52832_xxaa/Obj/MeshProtocolFull_DWM1001-DEV/TimeKeeping.o
 .text.Util_Int8tArrayFindElement
                0x000000000000aacc       0x48 Output/nrf52832_xxaa/Obj/MeshProtocolFull_DWM1001-DEV/Util.o
                0x000000000000aacc                Util_Int8tArrayFindElement
 .text.Util_IntersectSortedInt8tArrays
                0x000000000000ab14       0xdc Output/nrf52832_xxaa/Obj/MeshProtocolFull_DWM1001-DEV/Util.o
                0x000000000000ab14                Util_IntersectSortedInt8tArrays
 .text.Util_Int8tFindIdxOfMinimumInArray
                0x000000000000abf0       0x5c Output/nrf52832_xxaa/Obj/MeshProtocolFull_DWM1001-DEV/Util.o
                0x000000000000abf0                Util_Int8tFindIdxOfMinimumInArray
 .text.Util_Int64tFindIdxOfMinimumInArray
                0x000000000000ac4c       0x68 Output/nrf52832_xxaa/Obj/MeshProtocolFull_DWM1001-DEV/Util.o
                0x000000000000ac4c                Util_Int64tFindIdxOfMinimumInArray
 .text.Util_Int64tFindIdxOfMaximumInArray
                0x000000000000acb4       0x68 Output/nrf52832_xxaa/Obj/MeshProtocolFull_DWM1001-DEV/Util.o
                0x000000000000acb4                Util_Int64tFindIdxOfMaximumInArray
 .text.Driver_SendingFinished
                0x000000000000ad1c       0x48 Output/nrf52832_xxaa/Obj/MeshProtocolFull_DWM1001-DEV/DWM1001DEVDriver.o
                0x000000000000ad1c                Driver_SendingFinished
 .text.Driver_TransmitPing
                0x000000000000ad64      0x1e4 Output/nrf52832_xxaa/Obj/MeshProtocolFull_DWM1001-DEV/DWM1001DEVDriver.o
                0x000000000000ad64                Driver_TransmitPing
 .text.Driver_TransmitPoll
                0x000000000000af48       0xa8 Output/nrf52832_xxaa/Obj/MeshProtocolFull_DWM1001-DEV/DWM1001DEVDriver.o
                0x000000000000af48                Driver_TransmitPoll
 .text.Driver_TransmitResponse
                0x000000000000aff0      0x128 Output/nrf52832_xxaa/Obj/MeshProtocolFull_DWM1001-DEV/DWM1001DEVDriver.o
                0x000000000000aff0                Driver_TransmitResponse
 .text.Driver_TransmitFinal
                0x000000000000b118      0x170 Output/nrf52832_xxaa/Obj/MeshProtocolFull_DWM1001-DEV/DWM1001DEVDriver.o
                0x000000000000b118                Driver_TransmitFinal
 .text.Driver_TransmitResult
                0x000000000000b288      0x2c0 Output/nrf52832_xxaa/Obj/MeshProtocolFull_DWM1001-DEV/DWM1001DEVDriver.o
                0x000000000000b288                Driver_TransmitResult
 .text.Driver_IsReceiving
                0x000000000000b548       0x28 Output/nrf52832_xxaa/Obj/MeshProtocolFull_DWM1001-DEV/DWM1001DEVDriver.o
                0x000000000000b548                Driver_IsReceiving
 .text.get_tx_timestamp_u64
                0x000000000000b570       0x6e Output/nrf52832_xxaa/Obj/MeshProtocolFull_DWM1001-DEV/DWM1001DEVDriver.o
 .text.get_rx_timestamp_u64
                0x000000000000b5de       0x6e Output/nrf52832_xxaa/Obj/MeshProtocolFull_DWM1001-DEV/DWM1001DEVDriver.o
 .text.final_msg_set_ts
                0x000000000000b64c       0x46 Output/nrf52832_xxaa/Obj/MeshProtocolFull_DWM1001-DEV/DWM1001DEVDriver.o
 .text.final_msg_get_ts
                0x000000000000b692       0x42 Output/nrf52832_xxaa/Obj/MeshProtocolFull_DWM1001-DEV/DWM1001DEVDriver.o
 .text.ProtocolClock_GetLocalTime
                0x000000000000b6d4       0x42 Output/nrf52832_xxaa/Obj/MeshProtocolFull_DWM1001-DEV/ProtocolClock.o
                0x000000000000b6d4                ProtocolClock_GetLocalTime
 .text.ProtocolClock_CorrectTime
                0x000000000000b716       0x28 Output/nrf52832_xxaa/Obj/MeshProtocolFull_DWM1001-DEV/ProtocolClock.o
                0x000000000000b716                ProtocolClock_CorrectTime
 .text.ProtocolClock_FixLocalTime
                0x000000000000b73e       0x30 Output/nrf52832_xxaa/Obj/MeshProtocolFull_DWM1001-DEV/ProtocolClock.o
                0x000000000000b73e                ProtocolClock_FixLocalTime
 .text.ProtocolClock_UnfixLocalTime
                0x000000000000b76e       0x10 Output/nrf52832_xxaa/Obj/MeshProtocolFull_DWM1001-DEV/ProtocolClock.o
                0x000000000000b76e                ProtocolClock_UnfixLocalTime
 *fill*         0x000000000000b77e        0x2 
 .text.__aeabi_dadd
                0x000000000000b780      0x244 /usr/share/segger_embedded_studio_for_arm_5.44/lib/libm_v7em_fpv4_sp_d16_hard_t_le_eabi.a(libm_asm.o)
                0x000000000000b780                __aeabi_dadd
 .text.__aeabi_dsub
                0x000000000000b9c4        0x8 /usr/share/segger_embedded_studio_for_arm_5.44/lib/libm_v7em_fpv4_sp_d16_hard_t_le_eabi.a(libm_asm.o)
                0x000000000000b9c4                __aeabi_dsub
 .text.__aeabi_dmul
                0x000000000000b9cc      0x138 /usr/share/segger_embedded_studio_for_arm_5.44/lib/libm_v7em_fpv4_sp_d16_hard_t_le_eabi.a(libm_asm.o)
                0x000000000000b9cc                __aeabi_dmul
 .text.__aeabi_ddiv
                0x000000000000bb04      0x1cc /usr/share/segger_embedded_studio_for_arm_5.44/lib/libm_v7em_fpv4_sp_d16_hard_t_le_eabi.a(libm_asm.o)
                0x000000000000bb04                __aeabi_ddiv
 .text.__aeabi_d2lz
                0x000000000000bcd0       0x84 /usr/share/segger_embedded_studio_for_arm_5.44/lib/libm_v7em_fpv4_sp_d16_hard_t_le_eabi.a(libm_asm.o)
                0x000000000000bcd0                __aeabi_d2lz
 .text.__aeabi_d2uiz
                0x000000000000bd54       0x28 /usr/share/segger_embedded_studio_for_arm_5.44/lib/libm_v7em_fpv4_sp_d16_hard_t_le_eabi.a(libm_asm.o)
                0x000000000000bd54                __aeabi_d2uiz
 .text.__aeabi_d2ulz
                0x000000000000bd7c       0x40 /usr/share/segger_embedded_studio_for_arm_5.44/lib/libm_v7em_fpv4_sp_d16_hard_t_le_eabi.a(libm_asm.o)
                0x000000000000bd7c                __aeabi_d2ulz
 .text.__aeabi_i2d
                0x000000000000bdbc       0x28 /usr/share/segger_embedded_studio_for_arm_5.44/lib/libm_v7em_fpv4_sp_d16_hard_t_le_eabi.a(libm_asm.o)
                0x000000000000bdbc                __aeabi_i2d
 .text.__aeabi_l2d
                0x000000000000bde4       0x68 /usr/share/segger_embedded_studio_for_arm_5.44/lib/libm_v7em_fpv4_sp_d16_hard_t_le_eabi.a(libm_asm.o)
                0x000000000000bde4                __aeabi_l2d
 .text.__aeabi_ui2d
                0x000000000000be4c       0x1c /usr/share/segger_embedded_studio_for_arm_5.44/lib/libm_v7em_fpv4_sp_d16_hard_t_le_eabi.a(libm_asm.o)
                0x000000000000be4c                __aeabi_ui2d
 .text.__aeabi_ul2d
                0x000000000000be68       0x5c /usr/share/segger_embedded_studio_for_arm_5.44/lib/libm_v7em_fpv4_sp_d16_hard_t_le_eabi.a(libm_asm.o)
                0x000000000000be68                __aeabi_ul2d
 .text.__aeabi_f2d
                0x000000000000bec4       0x34 /usr/share/segger_embedded_studio_for_arm_5.44/lib/libm_v7em_fpv4_sp_d16_hard_t_le_eabi.a(libm_asm.o)
                0x000000000000bec4                __aeabi_f2d
 .text.__aeabi_d2f
                0x000000000000bef8       0x54 /usr/share/segger_embedded_studio_for_arm_5.44/lib/libm_v7em_fpv4_sp_d16_hard_t_le_eabi.a(libm_asm.o)
                0x000000000000bef8                __aeabi_d2f
 .text.__float32_isinf
                0x000000000000bf4c       0x14 /usr/share/segger_embedded_studio_for_arm_5.44/lib/libm_v7em_fpv4_sp_d16_hard_t_le_eabi.a(libm_asm.o)
                0x000000000000bf4c                __float32_isinf
 .text.__float32_isnan
                0x000000000000bf60       0x14 /usr/share/segger_embedded_studio_for_arm_5.44/lib/libm_v7em_fpv4_sp_d16_hard_t_le_eabi.a(libm_asm.o)
                0x000000000000bf60                __float32_isnan
 .text.__float32_signbit
                0x000000000000bf74        0xc /usr/share/segger_embedded_studio_for_arm_5.44/lib/libm_v7em_fpv4_sp_d16_hard_t_le_eabi.a(libm_asm.o)
                0x000000000000bf74                __float32_signbit
 .text.fabsf    0x000000000000bf80        0x8 /usr/share/segger_embedded_studio_for_arm_5.44/lib/libm_v7em_fpv4_sp_d16_hard_t_le_eabi.a(libm_asm.o)
                0x000000000000bf80                fabs(float)
                0x000000000000bf80                fabsf
 .text.floorf   0x000000000000bf88       0x70 /usr/share/segger_embedded_studio_for_arm_5.44/lib/libm_v7em_fpv4_sp_d16_hard_t_le_eabi.a(libm_asm.o)
                0x000000000000bf88                floor(float)
                0x000000000000bf88                floorf
 .text.frexpf   0x000000000000bff8       0x3c /usr/share/segger_embedded_studio_for_arm_5.44/lib/libm_v7em_fpv4_sp_d16_hard_t_le_eabi.a(libm_asm.o)
                0x000000000000bff8                frexp(float, int*)
                0x000000000000bff8                frexpf
 .text.ldexpf   0x000000000000c034       0x48 /usr/share/segger_embedded_studio_for_arm_5.44/lib/libm_v7em_fpv4_sp_d16_hard_t_le_eabi.a(libm_asm.o)
                0x000000000000c034                ldexpf
                0x000000000000c034                ldexp(float, int)
 .text.libc.round
                0x000000000000c07c       0xa0 /usr/share/segger_embedded_studio_for_arm_5.44/lib/libm_v7em_fpv4_sp_d16_hard_t_le_eabi.a(fdlibm.o)
                0x000000000000c07c                round
                0x000000000000c07c                round(double)
 .text.libc.modff
                0x000000000000c11c       0x5c /usr/share/segger_embedded_studio_for_arm_5.44/lib/libm_v7em_fpv4_sp_d16_hard_t_le_eabi.a(libm2.o)
                0x000000000000c11c                modff
                0x000000000000c11c                modf(float, float*)
 .text.libc.fmodf
                0x000000000000c178       0xfc /usr/share/segger_embedded_studio_for_arm_5.44/lib/libm_v7em_fpv4_sp_d16_hard_t_le_eabi.a(libm2.o)
                0x000000000000c178                fmodf
                0x000000000000c178                fmod(float, float)
 .text.libc.__int64_udivmod
                0x000000000000c274       0xce /usr/share/segger_embedded_studio_for_arm_5.44/lib/libc_v7em_fpv4_sp_d16_hard_t_le_eabi.a(libc_asm.o)
                0x000000000000c274                __int64_udivmod
                0x000000000000c274                __aeabi_uldivmod
                0x000000000000c274                __int64_udiv
                0x000000000000c274                __udivdi3
 .text.libc.__aeabi_ldivmod
                0x000000000000c342       0x58 /usr/share/segger_embedded_studio_for_arm_5.44/lib/libc_v7em_fpv4_sp_d16_hard_t_le_eabi.a(libc_asm.o)
                0x000000000000c342                __aeabi_ldivmod
 *fill*         0x000000000000c39a        0x2 
 .text.libc.__RAL_pow10f
                0x000000000000c39c       0x44 /usr/share/segger_embedded_studio_for_arm_5.44/lib/libc_v7em_fpv4_sp_d16_hard_t_le_eabi.a(libc2.o)
                0x000000000000c39c                __RAL_pow10f