Archive member included to satisfy reference by file (symbol)

/usr/share/segger_embedded_studio_for_arm_5.44/lib/libm_v7em_fpv4_sp_d16_hard_t_le_eabi.a(libm_asm.o)
                              Output/nrf52832_xxaa/Obj/ss_twr_init/TimeKeeping.o (__aeabi_dadd)
/usr/share/segger_embedded_studio_for_arm_5.44/lib/libm_v7em_fpv4_sp_d16_hard_t_le_eabi.a(fdlibm.o)
                              Output/nrf52832_xxaa/Obj/ss_twr_init/Scheduler.o (round)
/usr/share/segger_embedded_studio_for_arm_5.44/lib/libm_v7em_fpv4_sp_d16_hard_t_le_eabi.a(libm.o)
                              /usr/share/segger_embedded_studio_for_arm_5.44/lib/libm_v7em_fpv4_sp_d16_hard_t_le_eabi.a(fdlibm.o) (__mulsc3)
/usr/share/segger_embedded_studio_for_arm_5.44/lib/libm_v7em_fpv4_sp_d16_hard_t_le_eabi.a(libm2.o)
                              /usr/share/segger_embedded_studio_for_arm_5.44/lib/libm_v7em_fpv4_sp_d16_hard_t_le_eabi.a(fdlibm.o) (atan2)
/usr/share/segger_embedded_studio_for_arm_5.44/lib/libm_v7em_fpv4_sp_d16_hard_t_le_eabi.a(libm2_asm.o)
                              /usr/share/segger_embedded_studio_for_arm_5.44/lib/libm_v7em_fpv4_sp_d16_hard_t_le_eabi.a(fdlibm.o) (sqrtf)
/usr/share/segger_embedded_studio_for_arm_5.44/lib/libc_v7em_fpv4_sp_d16_hard_t_le_eabi.a(libc_asm.o)
                              Output/nrf52832_xxaa/Obj/ss_twr_init/main.o (__aeabi_uldivmod)
/usr/share/segger_embedded_studio_for_arm_5.44/lib/libc_v7em_fpv4_sp_d16_hard_t_le_eabi.a(libc2.o)
                              /usr/share/segger_embedded_studio_for_arm_5.44/lib/libm_v7em_fpv4_sp_d16_hard_t_le_eabi.a(libm2.o) (__aeabi_errno_addr)
/usr/share/segger_embedded_studio_for_arm_5.44/lib/libc_v7em_fpv4_sp_d16_hard_t_le_eabi.a(libc2_asm.o)
                              Output/nrf52832_xxaa/Obj/ss_twr_init/nrf_memobj.o (memcpy)
/usr/share/segger_embedded_studio_for_arm_5.44/lib/libc_v7em_fpv4_sp_d16_hard_t_le_eabi.a(libvfprintf.o)
                              (__vfprintf_short_float_long)
/usr/share/segger_embedded_studio_for_arm_5.44/lib/libc_v7em_fpv4_sp_d16_hard_t_le_eabi.a(libvfscanf.o)
                              (__vfscanf_int)
/usr/share/segger_embedded_studio_for_arm_5.44/lib/libdebugio_v7em_fpv4_sp_d16_hard_t_le_eabi.a(libdebugio.o)
                              Output/nrf52832_xxaa/Obj/ss_twr_init/thumb_crt0.o (debug_fopen)
/usr/share/segger_embedded_studio_for_arm_5.44/lib/libdebugio_v7em_fpv4_sp_d16_hard_t_le_eabi.a(do_nv_debug_operation.o)
                              /usr/share/segger_embedded_studio_for_arm_5.44/lib/libdebugio_v7em_fpv4_sp_d16_hard_t_le_eabi.a(libdebugio.o) (__do_nvdebug_operation)
/usr/share/segger_embedded_studio_for_arm_5.44/lib/libdebugio_v7em_fpv4_sp_d16_hard_t_le_eabi.a(mempoll_debug_operations.o)
                              (__do_debug_operation_mempoll)

Discarded input sections

 .text          0x0000000000000000        0x0 Output/nrf52832_xxaa/Obj/ss_twr_init/thumb_crt0.o
 .data          0x0000000000000000        0x0 Output/nrf52832_xxaa/Obj/ss_twr_init/thumb_crt0.o
 .bss           0x0000000000000000        0x0 Output/nrf52832_xxaa/Obj/ss_twr_init/thumb_crt0.o
 .text.__scanf_lock
                0x0000000000000000        0x2 Output/nrf52832_xxaa/Obj/ss_twr_init/thumb_crt0.o
 .text.__scanf_unlock
                0x0000000000000000        0x2 Output/nrf52832_xxaa/Obj/ss_twr_init/thumb_crt0.o
 .text.__debug_io_lock
                0x0000000000000000        0x2 Output/nrf52832_xxaa/Obj/ss_twr_init/thumb_crt0.o
 .text.__debug_io_unlock
                0x0000000000000000        0x2 Output/nrf52832_xxaa/Obj/ss_twr_init/thumb_crt0.o
 .text.abort    0x0000000000000000        0x2 Output/nrf52832_xxaa/Obj/ss_twr_init/thumb_crt0.o
 .text.__assert
                0x0000000000000000        0x2 Output/nrf52832_xxaa/Obj/ss_twr_init/thumb_crt0.o
 .text.__aeabi_assert
                0x0000000000000000        0x2 Output/nrf52832_xxaa/Obj/ss_twr_init/thumb_crt0.o
 .text.__cxa_pure_virtual
                0x0000000000000000        0x2 Output/nrf52832_xxaa/Obj/ss_twr_init/thumb_crt0.o
 .text.__cxa_guard_acquire
                0x0000000000000000       0x10 Output/nrf52832_xxaa/Obj/ss_twr_init/thumb_crt0.o
 .text.__cxa_guard_release
                0x0000000000000000        0x6 Output/nrf52832_xxaa/Obj/ss_twr_init/thumb_crt0.o
 .text.__cxa_guard_abort
                0x0000000000000000        0x2 Output/nrf52832_xxaa/Obj/ss_twr_init/thumb_crt0.o
 .text.__sync_synchronize
                0x0000000000000000        0x2 Output/nrf52832_xxaa/Obj/ss_twr_init/thumb_crt0.o
 .text.__open   0x0000000000000000        0x4 Output/nrf52832_xxaa/Obj/ss_twr_init/thumb_crt0.o
 .text.__close  0x0000000000000000        0x4 Output/nrf52832_xxaa/Obj/ss_twr_init/thumb_crt0.o
 .text.__write  0x0000000000000000        0xa Output/nrf52832_xxaa/Obj/ss_twr_init/thumb_crt0.o
 .text.__read   0x0000000000000000        0xa Output/nrf52832_xxaa/Obj/ss_twr_init/thumb_crt0.o
 .text.__seek   0x0000000000000000       0x1a Output/nrf52832_xxaa/Obj/ss_twr_init/thumb_crt0.o
[...]
Memory Configuration

Name             Origin             Length             Attributes
UNPLACED_SECTIONS 0x0000000100000000 0x0000000000000000 xw
FLASH            0x0000000000000000 0x0000000000080000 xr
SRAM             0x0000000020000000 0x0000000000010000 xw
*default*        0x0000000000000000 0xffffffffffffffff

Linker script and memory map

                0x0000000000000000                __do_debug_operation = __do_debug_operation_mempoll
                0x000000000000ce58                __vfprintf = __vfprintf_short_float_long
                0x0000000000000000                __vfscanf = __vfscanf_int
                0x0000000000000000                __FLASH_segment_start__ = 0x0
                0x0000000000080000                __FLASH_segment_end__ = 0x80000
                0x0000000000080000                __FLASH_segment_size__ = 0x80000
                0x0000000020000000                __SRAM_segment_start__ = 0x20000000
                0x0000000020010000                __SRAM_segment_end__ = 0x20010000
                0x0000000000010000                __SRAM_segment_size__ = 0x10000
                0x0000000000000400                __HEAPSIZE__ = 0x400
                0x0000000000000000                __STACKSIZE_PROCESS__ = 0x0
                0x0000000000000400                __STACKSIZE__ = 0x400
                0x0000000020000000                __vectors_ram_load_start__ = ALIGN (__SRAM_segment_start__, 0x100)

.vectors_ram    0x0000000020000000        0x0
                0x0000000020000000                __vectors_ram_start__ = .
 *(.vectors_ram .vectors_ram.*)
                0x0000000020000000                __vectors_ram_end__ = (__vectors_ram_start__ + SIZEOF (.vectors_ram))
                0x0000000000000000                __vectors_ram_size__ = SIZEOF (.vectors_ram)
                0x0000000020000000                __vectors_ram_load_end__ = __vectors_ram_end__
                0x0000000000000001                . = ASSERT (((__vectors_ram_start__ == __vectors_ram_end__) || ((__vectors_ram_end__ - __SRAM_segment_start__) <= __SRAM_segment_size__)), error: .vectors_ram is too large to fit in SRAM memory segment)
                0x0000000000000000                __vectors_load_start__ = ALIGN (__FLASH_segment_start__, 0x100)

.vectors        0x0000000000000000       0xd8
                0x0000000000000000                __vectors_start__ = .
 *(.vectors .vectors.*)
 .vectors       0x0000000000000000       0xd8 Output/nrf52832_xxaa/Obj/ss_twr_init/ses_nrf52_startup.o
                0x0000000000000000                _vectors
                0x00000000000000d8                __vectors_end__ = (__vectors_start__ + SIZEOF (.vectors))
                0x00000000000000d8                __vectors_size__ = SIZEOF (.vectors)
                0x00000000000000d8                __vectors_load_end__ = __vectors_end__
                0x0000000000000001                . = ASSERT (((__vectors_start__ == __vectors_end__) || ((__vectors_end__ - __FLASH_segment_start__) <= __FLASH_segment_size__)), error: .vectors is too large to fit in FLASH memory segment)
                0x00000000000000d8                __init_load_start__ = ALIGN (__vectors_end__, 0x4)

.init           0x00000000000000d8      0x1d8
                0x00000000000000d8                __init_start__ = .
 *(.init .init.*)
 .init          0x00000000000000d8      0x16c Output/nrf52832_xxaa/Obj/ss_twr_init/thumb_crt0.o
                0x00000000000000d8                _start
                0x0000000000000194                exit
 .init          0x0000000000000244       0x6c Output/nrf52832_xxaa/Obj/ss_twr_init/ses_nrf52_startup.o
                0x0000000000000244                NMI_Handler
                0x0000000000000246                HardFault_Handler
                0x0000000000000248                MemoryManagement_Handler
                0x000000000000024a                BusFault_Handler
                0x000000000000024c                UsageFault_Handler
                0x000000000000024e                SVC_Handler
                0x0000000000000250                DebugMon_Handler
                0x0000000000000252                PendSV_Handler
                0x0000000000000254                SysTick_Handler
                0x0000000000000258                RADIO_IRQHandler
                0x000000000000025c                SPIM0_SPIS0_TWIM0_TWIS0_SPI0_TWI0_IRQHandler
                0x0000000000000260                NFCT_IRQHandler
                0x0000000000000264                SAADC_IRQHandler
                0x0000000000000266                TIMER0_IRQHandler
                0x000000000000026a                TIMER2_IRQHandler
                0x000000000000026c                RTC0_IRQHandler
                0x000000000000026e                TEMP_IRQHandler
                0x0000000000000270                RNG_IRQHandler
                0x0000000000000272                ECB_IRQHandler
                0x0000000000000274                CCM_AAR_IRQHandler
                0x0000000000000276                WDT_IRQHandler
                0x000000000000027a                QDEC_IRQHandler
                0x000000000000027c                COMP_LPCOMP_IRQHandler
                0x0000000000000280                SWI1_EGU1_IRQHandler
                0x0000000000000282                SWI2_EGU2_IRQHandler
                0x0000000000000284                SWI3_EGU3_IRQHandler
                0x0000000000000286                SWI4_EGU4_IRQHandler
                0x0000000000000288                SWI5_EGU5_IRQHandler
                0x000000000000028a                TIMER3_IRQHandler
                0x000000000000028c                TIMER4_IRQHandler
                0x000000000000028e                PWM0_IRQHandler
                0x0000000000000290                PDM_IRQHandler
                0x0000000000000292                MWU_IRQHandler
                0x0000000000000294                PWM1_IRQHandler
                0x0000000000000296                PWM2_IRQHandler
                0x0000000000000298                SPIM2_SPIS2_SPI2_IRQHandler
                0x000000000000029a                RTC2_IRQHandler
                0x000000000000029c                I2S_IRQHandler
                0x000000000000029e                reset_handler
                0x00000000000002b0                __init_end__ = (__init_start__ + SIZEOF (.init))
                0x00000000000001d8                __init_size__ = SIZEOF (.init)
                0x00000000000002b0                __init_load_end__ = __init_end__
                0x0000000000000001                . = ASSERT (((__init_start__ == __init_end__) || ((__init_end__ - __FLASH_segment_start__) <= __FLASH_segment_size__)), error: .init is too large to fit in FLASH memory segment)
                0x00000000000002b0                __init_rodata_load_start__ = ALIGN (__init_end__, 0x4)

.init_rodata    0x00000000000002b0        0x0
                0x00000000000002b0                __init_rodata_start__ = .
 *(.init_rodata .init_rodata.*)
                0x00000000000002b0                __init_rodata_end__ = (__init_rodata_start__ + SIZEOF (.init_rodata))
                0x0000000000000000                __init_rodata_size__ = SIZEOF (.init_rodata)
                0x00000000000002b0                __init_rodata_load_end__ = __init_rodata_end__
                0x0000000000000001                . = ASSERT (((__init_rodata_start__ == __init_rodata_end__) || ((__init_rodata_end__ - __FLASH_segment_start__) <= __FLASH_segment_size__)), error: .init_rodata is too large to fit in FLASH memory segment)
                0x00000000000002b0                __text_load_start__ = ALIGN (__init_rodata_end__, 0x4)

.text           0x00000000000002b0     0xd938
                0x00000000000002b0                __text_start__ = .
 *(.text .text.* .glue_7t .glue_7 .gnu.linkonce.t.* .gcc_except_table .ARM.extab* .gnu.linkonce.armextab.*)
 .glue_7        0x00000000000002b0        0x0 linker stubs
 .glue_7t       0x00000000000002b0        0x0 linker stubs
 .text.__aeabi_read_tp
                0x00000000000002b0        0x8 Output/nrf52832_xxaa/Obj/ss_twr_init/thumb_crt0.o
                0x00000000000002b0                __aeabi_read_tp
 .text.__heap_lock
                0x00000000000002b8        0x2 Output/nrf52832_xxaa/Obj/ss_twr_init/thumb_crt0.o
                0x00000000000002b8                __heap_lock
 .text.__heap_unlock
                0x00000000000002ba        0x2 Output/nrf52832_xxaa/Obj/ss_twr_init/thumb_crt0.o
                0x00000000000002ba                __heap_unlock
 .text.__printf_lock
                0x00000000000002bc        0x2 Output/nrf52832_xxaa/Obj/ss_twr_init/thumb_crt0.o
                0x00000000000002bc                __printf_lock
 .text.__printf_unlock
                0x00000000000002be        0x2 Output/nrf52832_xxaa/Obj/ss_twr_init/thumb_crt0.o
                0x00000000000002be                __printf_unlock
 .text.NVIC_SystemReset
                0x00000000000002c0       0x2c Output/nrf52832_xxaa/Obj/ss_twr_init/system_nrf52.o
 .text.SystemCoreClockUpdate
                0x00000000000002ec       0x14 Output/nrf52832_xxaa/Obj/ss_twr_init/system_nrf52.o
                0x00000000000002ec                SystemCoreClockUpdate
 .text.SystemInit
                0x0000000000000300      0x2c0 Output/nrf52832_xxaa/Obj/ss_twr_init/system_nrf52.o
                0x0000000000000300                SystemInit
 .text.errata_12
                0x00000000000005c0       0x58 Output/nrf52832_xxaa/Obj/ss_twr_init/system_nrf52.o
 .text.errata_16
                0x0000000000000618       0x38 Output/nrf52832_xxaa/Obj/ss_twr_init/system_nrf52.o
 .text.errata_31
                0x0000000000000650       0x58 Output/nrf52832_xxaa/Obj/ss_twr_init/system_nrf52.o
 .text.errata_32
                0x00000000000006a8       0x38 Output/nrf52832_xxaa/Obj/ss_twr_init/system_nrf52.o
 .text.errata_36
                0x00000000000006e0       0x58 Output/nrf52832_xxaa/Obj/ss_twr_init/system_nrf52.o
 .text.errata_37
                0x0000000000000738       0x38 Output/nrf52832_xxaa/Obj/ss_twr_init/system_nrf52.o
 .text.errata_57
                0x0000000000000770       0x38 Output/nrf52832_xxaa/Obj/ss_twr_init/system_nrf52.o
 .text.errata_66
                0x00000000000007a8       0x38 Output/nrf52832_xxaa/Obj/ss_twr_init/system_nrf52.o
 .text.errata_108
                0x00000000000007e0       0x58 Output/nrf52832_xxaa/Obj/ss_twr_init/system_nrf52.o
 .text.errata_136
                0x0000000000000838       0x58 Output/nrf52832_xxaa/Obj/ss_twr_init/system_nrf52.o
 .text.nrf_clock_int_enable
                0x0000000000000890       0x14 Output/nrf52832_xxaa/Obj/ss_twr_init/nrf_drv_clock.o
 .text.nrf_clock_int_disable
                0x00000000000008a4       0x14 Output/nrf52832_xxaa/Obj/ss_twr_init/nrf_drv_clock.o
 .text.nrf_clock_task_trigger
                0x00000000000008b8       0x1a Output/nrf52832_xxaa/Obj/ss_twr_init/nrf_drv_clock.o
 .text.nrf_clock_event_clear
                0x00000000000008d2       0x28 Output/nrf52832_xxaa/Obj/ss_twr_init/nrf_drv_clock.o
 .text.nrf_clock_event_check
                0x00000000000008fa       0x22 Output/nrf52832_xxaa/Obj/ss_twr_init/nrf_drv_clock.o
 .text.nrf_clock_lf_src_set
                0x000000000000091c       0x1e Output/nrf52832_xxaa/Obj/ss_twr_init/nrf_drv_clock.o
 *fill*         0x000000000000093a        0x2 
 .text.nrf_drv_common_irq_enable_check
                0x000000000000093c       0x38 Output/nrf52832_xxaa/Obj/ss_twr_init/nrf_drv_clock.o
 .text.nrf_drv_common_power_clock_irq_init
                0x0000000000000974       0x20 Output/nrf52832_xxaa/Obj/ss_twr_init/nrf_drv_clock.o
 .text.lfclk_start
                0x0000000000000994       0x1a Output/nrf52832_xxaa/Obj/ss_twr_init/nrf_drv_clock.o
 *fill*         0x00000000000009ae        0x2 
 .text.nrf_drv_clock_init
                0x00000000000009b0       0x4c Output/nrf52832_xxaa/Obj/ss_twr_init/nrf_drv_clock.o
                0x00000000000009b0                nrf_drv_clock_init
 .text.item_enqueue
                0x00000000000009fc       0x38 Output/nrf52832_xxaa/Obj/ss_twr_init/nrf_drv_clock.o
 .text.item_dequeue
                0x0000000000000a34       0x20 Output/nrf52832_xxaa/Obj/ss_twr_init/nrf_drv_clock.o
 .text.nrf_drv_clock_lfclk_request
                0x0000000000000a54       0x78 Output/nrf52832_xxaa/Obj/ss_twr_init/nrf_drv_clock.o
                0x0000000000000a54                nrf_drv_clock_lfclk_request
 .text.clock_clk_started_notify
                0x0000000000000acc       0x4c Output/nrf52832_xxaa/Obj/ss_twr_init/nrf_drv_clock.o
 .text.POWER_CLOCK_IRQHandler
                0x0000000000000b18       0x5c Output/nrf52832_xxaa/Obj/ss_twr_init/nrf_drv_clock.o
                0x0000000000000b18                POWER_CLOCK_IRQHandler
 .text.NVIC_EnableIRQ
                0x0000000000000b74       0x2c Output/nrf52832_xxaa/Obj/ss_twr_init/nrf_drv_common.o
 .text.NVIC_ClearPendingIRQ
                0x0000000000000ba0       0x30 Output/nrf52832_xxaa/Obj/ss_twr_init/nrf_drv_common.o
 .text.NVIC_SetPriority
                0x0000000000000bd0       0x50 Output/nrf52832_xxaa/Obj/ss_twr_init/nrf_drv_common.o
 .text.nrf_drv_common_irq_enable
                0x0000000000000c20       0x3e Output/nrf52832_xxaa/Obj/ss_twr_init/nrf_drv_common.o
                0x0000000000000c20                nrf_drv_common_irq_enable
 .text.nrf_gpiote_event_is_set
                0x0000000000000c5e       0x2a Output/nrf52832_xxaa/Obj/ss_twr_init/nrf_drv_gpiote.o
 .text.nrf_gpiote_event_clear
                0x0000000000000c88       0x36 Output/nrf52832_xxaa/Obj/ss_twr_init/nrf_drv_gpiote.o
 .text.nrf_gpiote_event_addr_get
                0x0000000000000cbe       0x1a Output/nrf52832_xxaa/Obj/ss_twr_init/nrf_drv_gpiote.o
 .text.nrf_gpiote_int_is_enabled
                0x0000000000000cd8       0x18 Output/nrf52832_xxaa/Obj/ss_twr_init/nrf_drv_gpiote.o
 .text.nrf_gpiote_event_pin_get
                0x0000000000000cf0       0x20 Output/nrf52832_xxaa/Obj/ss_twr_init/nrf_drv_gpiote.o
 .text.nrf_gpiote_event_polarity_get
                0x0000000000000d10       0x24 Output/nrf52832_xxaa/Obj/ss_twr_init/nrf_drv_gpiote.o
 .text.nrf_gpio_pin_port_decode
                0x0000000000000d34        0xe Output/nrf52832_xxaa/Obj/ss_twr_init/nrf_drv_gpiote.o
 .text.nrf_gpio_cfg_sense_set
                0x0000000000000d42       0x5c Output/nrf52832_xxaa/Obj/ss_twr_init/nrf_drv_gpiote.o
 .text.nrf_gpio_pin_sense_get
                0x0000000000000d9e       0x2c Output/nrf52832_xxaa/Obj/ss_twr_init/nrf_drv_gpiote.o
 .text.nrf_gpio_port_in_read
                0x0000000000000dca       0x10 Output/nrf52832_xxaa/Obj/ss_twr_init/nrf_drv_gpiote.o
 .text.nrf_gpio_ports_read
                0x0000000000000dda       0x50 Output/nrf52832_xxaa/Obj/ss_twr_init/nrf_drv_gpiote.o
 .text.nrf_bitmask_bit_is_set
                0x0000000000000e2a       0x30 Output/nrf52832_xxaa/Obj/ss_twr_init/nrf_drv_gpiote.o
 .text.nrf_bitmask_bit_set
                0x0000000000000e5a       0x40 Output/nrf52832_xxaa/Obj/ss_twr_init/nrf_drv_gpiote.o
 *fill*         0x0000000000000e9a        0x2 
 .text.channel_port_get
                0x0000000000000e9c       0x1c Output/nrf52832_xxaa/Obj/ss_twr_init/nrf_drv_gpiote.o
 .text.channel_handler_get
                0x0000000000000eb8       0x18 Output/nrf52832_xxaa/Obj/ss_twr_init/nrf_drv_gpiote.o
 .text.GPIOTE_IRQHandler
                0x0000000000000ed0      0x2e0 Output/nrf52832_xxaa/Obj/ss_twr_init/nrf_drv_gpiote.o
                0x0000000000000ed0                GPIOTE_IRQHandler
 .text.NVIC_DisableIRQ
                0x00000000000011b0       0x30 Output/nrf52832_xxaa/Obj/ss_twr_init/nrf_drv_spi.o
 .text.nrf_spi_event_clear
                0x00000000000011e0       0x2a Output/nrf52832_xxaa/Obj/ss_twr_init/nrf_drv_spi.o
 .text.nrf_spi_event_check
                0x000000000000120a       0x24 Output/nrf52832_xxaa/Obj/ss_twr_init/nrf_drv_spi.o
 .text.nrf_spi_int_enable
                0x000000000000122e       0x14 Output/nrf52832_xxaa/Obj/ss_twr_init/nrf_drv_spi.o
 .text.nrf_spi_int_disable
                0x0000000000001242       0x14 Output/nrf52832_xxaa/Obj/ss_twr_init/nrf_drv_spi.o
 .text.nrf_spi_enable
                0x0000000000001256       0x12 Output/nrf52832_xxaa/Obj/ss_twr_init/nrf_drv_spi.o
 .text.nrf_spi_disable
                0x0000000000001268       0x12 Output/nrf52832_xxaa/Obj/ss_twr_init/nrf_drv_spi.o
 .text.nrf_spi_pins_set
                0x000000000000127a       0x28 Output/nrf52832_xxaa/Obj/ss_twr_init/nrf_drv_spi.o
 .text.nrf_spi_txd_set
                0x00000000000012a2       0x1a Output/nrf52832_xxaa/Obj/ss_twr_init/nrf_drv_spi.o
 .text.nrf_spi_rxd_get
                0x00000000000012bc       0x12 Output/nrf52832_xxaa/Obj/ss_twr_init/nrf_drv_spi.o
 .text.nrf_spi_frequency_set
                0x00000000000012ce       0x14 Output/nrf52832_xxaa/Obj/ss_twr_init/nrf_drv_spi.o
 .text.nrf_spi_configure
                0x00000000000012e2       0x64 Output/nrf52832_xxaa/Obj/ss_twr_init/nrf_drv_spi.o
 .text.nrf_drv_common_irq_disable
                0x0000000000001346       0x1c Output/nrf52832_xxaa/Obj/ss_twr_init/nrf_drv_spi.o
 .text.nrf_gpio_pin_port_decode
                0x0000000000001362        0xe Output/nrf52832_xxaa/Obj/ss_twr_init/nrf_drv_spi.o
 .text.nrf_gpio_cfg
                0x0000000000001370       0x62 Output/nrf52832_xxaa/Obj/ss_twr_init/nrf_drv_spi.o
 .text.nrf_gpio_cfg_output
                0x00000000000013d2       0x22 Output/nrf52832_xxaa/Obj/ss_twr_init/nrf_drv_spi.o
 .text.nrf_gpio_cfg_input
                0x00000000000013f4       0x2a Output/nrf52832_xxaa/Obj/ss_twr_init/nrf_drv_spi.o
 .text.nrf_gpio_pin_set
                0x000000000000141e       0x28 Output/nrf52832_xxaa/Obj/ss_twr_init/nrf_drv_spi.o
 .text.nrf_gpio_pin_clear
                0x0000000000001446       0x28 Output/nrf52832_xxaa/Obj/ss_twr_init/nrf_drv_spi.o
 .text.nrf_gpio_port_out_set
                0x000000000000146e       0x14 Output/nrf52832_xxaa/Obj/ss_twr_init/nrf_drv_spi.o
 .text.nrf_gpio_port_out_clear
                0x0000000000001482       0x14 Output/nrf52832_xxaa/Obj/ss_twr_init/nrf_drv_spi.o
 *fill*         0x0000000000001496        0x2 
 .text.nrf_drv_spi_init
                0x0000000000001498      0x188 Output/nrf52832_xxaa/Obj/ss_twr_init/nrf_drv_spi.o
                0x0000000000001498                nrf_drv_spi_init
 .text.nrf_drv_spi_uninit
                0x0000000000001620       0x60 Output/nrf52832_xxaa/Obj/ss_twr_init/nrf_drv_spi.o
                0x0000000000001620                nrf_drv_spi_uninit
 .text.nrf_drv_spi_transfer
                0x0000000000001680       0x3e Output/nrf52832_xxaa/Obj/ss_twr_init/nrf_drv_spi.o
                0x0000000000001680                nrf_drv_spi_transfer
 .text.finish_transfer
                0x00000000000016be       0x3e Output/nrf52832_xxaa/Obj/ss_twr_init/nrf_drv_spi.o
 .text.transfer_byte
                0x00000000000016fc      0x108 Output/nrf52832_xxaa/Obj/ss_twr_init/nrf_drv_spi.o
 .text.spi_xfer
                0x0000000000001804       0xca Output/nrf52832_xxaa/Obj/ss_twr_init/nrf_drv_spi.o
 *fill*         0x00000000000018ce        0x2 
 .text.nrf_drv_spi_xfer
                0x00000000000018d0       0xc4 Output/nrf52832_xxaa/Obj/ss_twr_init/nrf_drv_spi.o
                0x00000000000018d0                nrf_drv_spi_xfer
 .text.irq_handler_spi
                0x0000000000001994       0x34 Output/nrf52832_xxaa/Obj/ss_twr_init/nrf_drv_spi.o
 .text.SPIM1_SPIS1_TWIM1_TWIS1_SPI1_TWI1_IRQHandler
                0x00000000000019c8       0x20 Output/nrf52832_xxaa/Obj/ss_twr_init/nrf_drv_spi.o
                0x00000000000019c8                SPIM1_SPIS1_TWIM1_TWIS1_SPI1_TWI1_IRQHandler
 .text.nrf_uart_event_clear
                0x00000000000019e8       0x2a Output/nrf52832_xxaa/Obj/ss_twr_init/nrf_drv_uart.o
 .text.nrf_uart_event_check
                0x0000000000001a12       0x24 Output/nrf52832_xxaa/Obj/ss_twr_init/nrf_drv_uart.o
 .text.nrf_uart_int_enable
                0x0000000000001a36       0x14 Output/nrf52832_xxaa/Obj/ss_twr_init/nrf_drv_uart.o
 .text.nrf_uart_int_enable_check
                0x0000000000001a4a       0x20 Output/nrf52832_xxaa/Obj/ss_twr_init/nrf_drv_uart.o
 .text.nrf_uart_int_disable
                0x0000000000001a6a       0x14 Output/nrf52832_xxaa/Obj/ss_twr_init/nrf_drv_uart.o
 .text.nrf_uart_errorsrc_get_and_clear
                0x0000000000001a7e       0x1c Output/nrf52832_xxaa/Obj/ss_twr_init/nrf_drv_uart.o
 .text.nrf_uart_enable
                0x0000000000001a9a       0x12 Output/nrf52832_xxaa/Obj/ss_twr_init/nrf_drv_uart.o
 .text.nrf_uart_txrx_pins_set
                0x0000000000001aac       0x1e Output/nrf52832_xxaa/Obj/ss_twr_init/nrf_drv_uart.o
 .text.nrf_uart_hwfc_pins_set
                0x0000000000001aca       0x1e Output/nrf52832_xxaa/Obj/ss_twr_init/nrf_drv_uart.o
 .text.nrf_uart_rxd_get
                0x0000000000001ae8       0x12 Output/nrf52832_xxaa/Obj/ss_twr_init/nrf_drv_uart.o
 .text.nrf_uart_txd_set
                0x0000000000001afa       0x1a Output/nrf52832_xxaa/Obj/ss_twr_init/nrf_drv_uart.o
 .text.nrf_uart_task_trigger
                0x0000000000001b14       0x1c Output/nrf52832_xxaa/Obj/ss_twr_init/nrf_drv_uart.o
 .text.nrf_uart_configure
                0x0000000000001b30       0x2a Output/nrf52832_xxaa/Obj/ss_twr_init/nrf_drv_uart.o
 .text.nrf_uart_baudrate_set
                0x0000000000001b5a       0x14 Output/nrf52832_xxaa/Obj/ss_twr_init/nrf_drv_uart.o
 .text.nrf_uarte_event_clear
                0x0000000000001b6e       0x2a Output/nrf52832_xxaa/Obj/ss_twr_init/nrf_drv_uart.o
 .text.nrf_uarte_event_check
                0x0000000000001b98       0x24 Output/nrf52832_xxaa/Obj/ss_twr_init/nrf_drv_uart.o
 .text.nrf_uarte_shorts_enable
                0x0000000000001bbc       0x1c Output/nrf52832_xxaa/Obj/ss_twr_init/nrf_drv_uart.o
 .text.nrf_uarte_shorts_disable
                0x0000000000001bd8       0x1e Output/nrf52832_xxaa/Obj/ss_twr_init/nrf_drv_uart.o
 .text.nrf_uarte_int_enable
                0x0000000000001bf6       0x14 Output/nrf52832_xxaa/Obj/ss_twr_init/nrf_drv_uart.o
 .text.nrf_uarte_int_disable
                0x0000000000001c0a       0x14 Output/nrf52832_xxaa/Obj/ss_twr_init/nrf_drv_uart.o
 .text.nrf_uarte_errorsrc_get_and_clear
                0x0000000000001c1e       0x1c Output/nrf52832_xxaa/Obj/ss_twr_init/nrf_drv_uart.o
 .text.nrf_uarte_enable
                0x0000000000001c3a       0x12 Output/nrf52832_xxaa/Obj/ss_twr_init/nrf_drv_uart.o
 .text.nrf_uarte_txrx_pins_set
                0x0000000000001c4c       0x1e Output/nrf52832_xxaa/Obj/ss_twr_init/nrf_drv_uart.o
 .text.nrf_uarte_hwfc_pins_set
                0x0000000000001c6a       0x1e Output/nrf52832_xxaa/Obj/ss_twr_init/nrf_drv_uart.o
 .text.nrf_uarte_task_trigger
                0x0000000000001c88       0x1c Output/nrf52832_xxaa/Obj/ss_twr_init/nrf_drv_uart.o
 .text.nrf_uarte_configure
                0x0000000000001ca4       0x2a Output/nrf52832_xxaa/Obj/ss_twr_init/nrf_drv_uart.o
 .text.nrf_uarte_baudrate_set
                0x0000000000001cce       0x14 Output/nrf52832_xxaa/Obj/ss_twr_init/nrf_drv_uart.o
 .text.nrf_uarte_tx_buffer_set
                0x0000000000001ce2       0x24 Output/nrf52832_xxaa/Obj/ss_twr_init/nrf_drv_uart.o
 .text.nrf_uarte_tx_amount_get
                0x0000000000001d06       0x10 Output/nrf52832_xxaa/Obj/ss_twr_init/nrf_drv_uart.o
 .text.nrf_uarte_rx_buffer_set
                0x0000000000001d16       0x24 Output/nrf52832_xxaa/Obj/ss_twr_init/nrf_drv_uart.o
 .text.nrf_uarte_rx_amount_get
                0x0000000000001d3a       0x10 Output/nrf52832_xxaa/Obj/ss_twr_init/nrf_drv_uart.o
 .text.nrf_drv_get_IRQn
                0x0000000000001d4a       0x16 Output/nrf52832_xxaa/Obj/ss_twr_init/nrf_drv_uart.o
 .text.nrf_drv_is_in_RAM
                0x0000000000001d60       0x1c Output/nrf52832_xxaa/Obj/ss_twr_init/nrf_drv_uart.o
 .text.nrf_gpio_pin_port_decode
                0x0000000000001d7c        0xe Output/nrf52832_xxaa/Obj/ss_twr_init/nrf_drv_uart.o
 .text.nrf_gpio_cfg
                0x0000000000001d8a       0x62 Output/nrf52832_xxaa/Obj/ss_twr_init/nrf_drv_uart.o
 .text.nrf_gpio_cfg_output
                0x0000000000001dec       0x22 Output/nrf52832_xxaa/Obj/ss_twr_init/nrf_drv_uart.o
 .text.nrf_gpio_cfg_input
                0x0000000000001e0e       0x2a Output/nrf52832_xxaa/Obj/ss_twr_init/nrf_drv_uart.o
 .text.nrf_gpio_pin_set
                0x0000000000001e38       0x28 Output/nrf52832_xxaa/Obj/ss_twr_init/nrf_drv_uart.o
 .text.nrf_gpio_port_out_set
                0x0000000000001e60       0x14 Output/nrf52832_xxaa/Obj/ss_twr_init/nrf_drv_uart.o
 .text.apply_config
                0x0000000000001e74      0x160 Output/nrf52832_xxaa/Obj/ss_twr_init/nrf_drv_uart.o
 .text.interrupts_enable
                0x0000000000001fd4       0xd4 Output/nrf52832_xxaa/Obj/ss_twr_init/nrf_drv_uart.o
 .text.uart_enable
                0x00000000000020a8       0x3c Output/nrf52832_xxaa/Obj/ss_twr_init/nrf_drv_uart.o
 .text.nrf_drv_uart_init
                0x00000000000020e4       0x90 Output/nrf52832_xxaa/Obj/ss_twr_init/nrf_drv_uart.o
                0x00000000000020e4                nrf_drv_uart_init
 .text.tx_byte  0x0000000000002174       0x46 Output/nrf52832_xxaa/Obj/ss_twr_init/nrf_drv_uart.o
 *fill*         0x00000000000021ba        0x2 
 .text.nrf_drv_uart_tx_for_uart
                0x00000000000021bc       0xe4 Output/nrf52832_xxaa/Obj/ss_twr_init/nrf_drv_uart.o
 .text.nrf_drv_uart_tx_for_uarte
                0x00000000000022a0       0xbc Output/nrf52832_xxaa/Obj/ss_twr_init/nrf_drv_uart.o
 .text.nrf_drv_uart_tx
                0x000000000000235c       0xa0 Output/nrf52832_xxaa/Obj/ss_twr_init/nrf_drv_uart.o
                0x000000000000235c                nrf_drv_uart_tx
 .text.nrf_drv_uart_tx_in_progress
                0x00000000000023fc       0x28 Output/nrf52832_xxaa/Obj/ss_twr_init/nrf_drv_uart.o
                0x00000000000023fc                nrf_drv_uart_tx_in_progress
 .text.rx_enable
                0x0000000000002424       0x36 Output/nrf52832_xxaa/Obj/ss_twr_init/nrf_drv_uart.o
 .text.rx_byte  0x000000000000245a       0x54 Output/nrf52832_xxaa/Obj/ss_twr_init/nrf_drv_uart.o
 *fill*         0x00000000000024ae        0x2 
 .text.nrf_drv_uart_rx_for_uart
                0x00000000000024b0      0x158 Output/nrf52832_xxaa/Obj/ss_twr_init/nrf_drv_uart.o
 .text.nrf_drv_uart_rx_for_uarte
                0x0000000000002608      0x130 Output/nrf52832_xxaa/Obj/ss_twr_init/nrf_drv_uart.o
 .text.nrf_drv_uart_rx
                0x0000000000002738      0x158 Output/nrf52832_xxaa/Obj/ss_twr_init/nrf_drv_uart.o
                0x0000000000002738                nrf_drv_uart_rx
 .text.nrf_drv_uart_rx_enable
                0x0000000000002890       0x54 Output/nrf52832_xxaa/Obj/ss_twr_init/nrf_drv_uart.o
                0x0000000000002890                nrf_drv_uart_rx_enable
 .text.rx_done_event
                0x00000000000028e4       0x36 Output/nrf52832_xxaa/Obj/ss_twr_init/nrf_drv_uart.o
 .text.tx_done_event
                0x000000000000291a       0x3c Output/nrf52832_xxaa/Obj/ss_twr_init/nrf_drv_uart.o
 .text.uart_irq_handler
                0x0000000000002956      0x1d4 Output/nrf52832_xxaa/Obj/ss_twr_init/nrf_drv_uart.o
 .text.uarte_irq_handler
                0x0000000000002b2a      0x160 Output/nrf52832_xxaa/Obj/ss_twr_init/nrf_drv_uart.o
 *fill*         0x0000000000002c8a        0x2 
 .text.UARTE0_UART0_IRQHandler
                0x0000000000002c8c       0x28 Output/nrf52832_xxaa/Obj/ss_twr_init/nrf_drv_uart.o
                0x0000000000002c8c                UARTE0_UART0_IRQHandler
 .text.nrf_timer_event_clear
                0x0000000000002cb4       0x2a Output/nrf52832_xxaa/Obj/ss_twr_init/nrf_drv_timer.o
 .text.nrf_timer_event_check
                0x0000000000002cde       0x24 Output/nrf52832_xxaa/Obj/ss_twr_init/nrf_drv_timer.o
 .text.nrf_timer_int_enable_check
                0x0000000000002d02       0x20 Output/nrf52832_xxaa/Obj/ss_twr_init/nrf_drv_timer.o
 .text.nrf_timer_compare_event_get
                0x0000000000002d22       0x16 Output/nrf52832_xxaa/Obj/ss_twr_init/nrf_drv_timer.o
 .text.nrf_timer_compare_int_get
                0x0000000000002d38       0x14 Output/nrf52832_xxaa/Obj/ss_twr_init/nrf_drv_timer.o
 .text.irq_handler
                0x0000000000002d4c       0x8e Output/nrf52832_xxaa/Obj/ss_twr_init/nrf_drv_timer.o
 *fill*         0x0000000000002dda        0x2 
 .text.TIMER1_IRQHandler
                0x0000000000002ddc       0x18 Output/nrf52832_xxaa/Obj/ss_twr_init/nrf_drv_timer.o
                0x0000000000002ddc                TIMER1_IRQHandler
 .text.app_error_handler
                0x0000000000002df4       0x30 Output/nrf52832_xxaa/Obj/ss_twr_init/app_error.o
                0x0000000000002df4                app_error_handler
 .text.app_error_handler_bare
                0x0000000000002e24       0x2a Output/nrf52832_xxaa/Obj/ss_twr_init/app_error.o
                0x0000000000002e24                app_error_handler_bare
 *fill*         0x0000000000002e4e        0x2 
 .text.NVIC_SystemReset
                0x0000000000002e50       0x2c Output/nrf52832_xxaa/Obj/ss_twr_init/app_error_weak.o
 .text.app_error_fault_handler
                0x0000000000002e7c       0x28 Output/nrf52832_xxaa/Obj/ss_twr_init/app_error_weak.o
                0x0000000000002e7c                app_error_fault_handler
 .text.app_util_disable_irq
                0x0000000000002ea4       0x18 Output/nrf52832_xxaa/Obj/ss_twr_init/app_util_platform.o
                0x0000000000002ea4                app_util_disable_irq
 .text.app_util_enable_irq
                0x0000000000002ebc       0x20 Output/nrf52832_xxaa/Obj/ss_twr_init/app_util_platform.o
                0x0000000000002ebc                app_util_enable_irq
 .text.app_util_critical_region_enter
                0x0000000000002edc       0x12 Output/nrf52832_xxaa/Obj/ss_twr_init/app_util_platform.o
                0x0000000000002edc                app_util_critical_region_enter
 .text.app_util_critical_region_exit
                0x0000000000002eee       0x16 Output/nrf52832_xxaa/Obj/ss_twr_init/app_util_platform.o
                0x0000000000002eee                app_util_critical_region_exit
 .text.fifo_length
                0x0000000000002f04       0x18 Output/nrf52832_xxaa/Obj/ss_twr_init/app_fifo.o
 .text.fifo_put
                0x0000000000002f1c       0x30 Output/nrf52832_xxaa/Obj/ss_twr_init/app_fifo.o
 .text.fifo_peek
                0x0000000000002f4c       0x2e Output/nrf52832_xxaa/Obj/ss_twr_init/app_fifo.o
 .text.fifo_get
                0x0000000000002f7a       0x24 Output/nrf52832_xxaa/Obj/ss_twr_init/app_fifo.o
 .text.app_fifo_init
                0x0000000000002f9e       0x58 Output/nrf52832_xxaa/Obj/ss_twr_init/app_fifo.o
                0x0000000000002f9e                app_fifo_init
 .text.app_fifo_put
                0x0000000000002ff6       0x36 Output/nrf52832_xxaa/Obj/ss_twr_init/app_fifo.o
                0x0000000000002ff6                app_fifo_put
 .text.app_fifo_get
                0x000000000000302c       0x2a Output/nrf52832_xxaa/Obj/ss_twr_init/app_fifo.o
                0x000000000000302c                app_fifo_get
 .text.fifo_length
                0x0000000000003056       0x18 Output/nrf52832_xxaa/Obj/ss_twr_init/app_uart_fifo.o
 *fill*         0x000000000000306e        0x2 
 .text.uart_event_handler
                0x0000000000003070       0xfc Output/nrf52832_xxaa/Obj/ss_twr_init/app_uart_fifo.o
 .text.app_uart_init
                0x000000000000316c      0x128 Output/nrf52832_xxaa/Obj/ss_twr_init/app_uart_fifo.o
                0x000000000000316c                app_uart_init
 .text.app_uart_put
                0x0000000000003294       0x60 Output/nrf52832_xxaa/Obj/ss_twr_init/app_uart_fifo.o
                0x0000000000003294                app_uart_put
 .text.__putchar
                0x00000000000032f4       0x1c Output/nrf52832_xxaa/Obj/ss_twr_init/retarget.o
                0x00000000000032f4                __putchar
 .text.NVIC_EnableIRQ
                0x0000000000003310       0x2c Output/nrf52832_xxaa/Obj/ss_twr_init/app_timer.o
 .text.NVIC_DisableIRQ
                0x000000000000333c       0x30 Output/nrf52832_xxaa/Obj/ss_twr_init/app_timer.o
 .text.NVIC_SetPendingIRQ
                0x000000000000336c       0x30 Output/nrf52832_xxaa/Obj/ss_twr_init/app_timer.o
 .text.NVIC_ClearPendingIRQ
                0x000000000000339c       0x30 Output/nrf52832_xxaa/Obj/ss_twr_init/app_timer.o
 .text.NVIC_SetPriority
                0x00000000000033cc       0x50 Output/nrf52832_xxaa/Obj/ss_twr_init/app_timer.o
 .text.nrf_delay_us
                0x000000000000341c       0xa0 Output/nrf52832_xxaa/Obj/ss_twr_init/app_timer.o
 .text.rtc1_init
                0x00000000000034bc       0x24 Output/nrf52832_xxaa/Obj/ss_twr_init/app_timer.o
 .text.rtc1_start
                0x00000000000034e0       0x40 Output/nrf52832_xxaa/Obj/ss_twr_init/app_timer.o
 .text.rtc1_stop
                0x0000000000003520       0x50 Output/nrf52832_xxaa/Obj/ss_twr_init/app_timer.o
 .text.rtc1_counter_get
                0x0000000000003570       0x10 Output/nrf52832_xxaa/Obj/ss_twr_init/app_timer.o
 .text.ticks_diff_get
                0x0000000000003580       0x16 Output/nrf52832_xxaa/Obj/ss_twr_init/app_timer.o
 *fill*         0x0000000000003596        0x2 
 .text.rtc1_compare0_set
                0x0000000000003598       0x18 Output/nrf52832_xxaa/Obj/ss_twr_init/app_timer.o
 .text.timer_list_insert
                0x00000000000035b0       0xac Output/nrf52832_xxaa/Obj/ss_twr_init/app_timer.o
 .text.timer_list_remove
                0x000000000000365c       0xc0 Output/nrf52832_xxaa/Obj/ss_twr_init/app_timer.o
 .text.timer_timeouts_check_sched
                0x000000000000371c        0xc Output/nrf52832_xxaa/Obj/ss_twr_init/app_timer.o
 .text.timer_list_handler_sched
                0x0000000000003728        0xc Output/nrf52832_xxaa/Obj/ss_twr_init/app_timer.o
 .text.timeout_handler_exec
                0x0000000000003734       0x1a Output/nrf52832_xxaa/Obj/ss_twr_init/app_timer.o
 *fill*         0x000000000000374e        0x2 
 .text.timer_timeouts_check
                0x0000000000003750       0xc8 Output/nrf52832_xxaa/Obj/ss_twr_init/app_timer.o
 .text.elapsed_ticks_acquire
                0x0000000000003818       0x78 Output/nrf52832_xxaa/Obj/ss_twr_init/app_timer.o
 .text.expired_timers_handler
                0x0000000000003890       0x94 Output/nrf52832_xxaa/Obj/ss_twr_init/app_timer.o
 .text.list_insertions_handler
                0x0000000000003924      0x1bc Output/nrf52832_xxaa/Obj/ss_twr_init/app_timer.o
 .text.compare_reg_update
                0x0000000000003ae0       0xb0 Output/nrf52832_xxaa/Obj/ss_twr_init/app_timer.o
 .text.timer_list_handler
                0x0000000000003b90       0x80 Output/nrf52832_xxaa/Obj/ss_twr_init/app_timer.o
 .text.user_op_enque
                0x0000000000003c10       0x1c Output/nrf52832_xxaa/Obj/ss_twr_init/app_timer.o
 .text.user_op_alloc
                0x0000000000003c2c       0x5c Output/nrf52832_xxaa/Obj/ss_twr_init/app_timer.o
 .text.timer_start_op_schedule
                0x0000000000003c88       0x7a Output/nrf52832_xxaa/Obj/ss_twr_init/app_timer.o
 *fill*         0x0000000000003d02        0x2 
 .text.RTC1_IRQHandler
                0x0000000000003d04       0x40 Output/nrf52832_xxaa/Obj/ss_twr_init/app_timer.o
                0x0000000000003d04                RTC1_IRQHandler
 .text.SWI0_EGU0_IRQHandler
                0x0000000000003d44        0xa Output/nrf52832_xxaa/Obj/ss_twr_init/app_timer.o
                0x0000000000003d44                SWI0_EGU0_IRQHandler
 *fill*         0x0000000000003d4e        0x2 
 .text.app_timer_init
                0x0000000000003d50       0x68 Output/nrf52832_xxaa/Obj/ss_twr_init/app_timer.o
                0x0000000000003d50                app_timer_init
 .text.app_timer_create
                0x0000000000003db8       0x60 Output/nrf52832_xxaa/Obj/ss_twr_init/app_timer.o
                0x0000000000003db8                app_timer_create
 .text.app_timer_start
                0x0000000000003e18       0x64 Output/nrf52832_xxaa/Obj/ss_twr_init/app_timer.o
                0x0000000000003e18                app_timer_start
 .text.dwt_initialise
                0x0000000000003e7c      0x184 Output/nrf52832_xxaa/Obj/ss_twr_init/deca_device.o
                0x0000000000003e7c                dwt_initialise
 .text.dwt_readdevid
                0x0000000000004000       0x10 Output/nrf52832_xxaa/Obj/ss_twr_init/deca_device.o
                0x0000000000004000                dwt_readdevid
 .text.dwt_configure
                0x0000000000004010      0x304 Output/nrf52832_xxaa/Obj/ss_twr_init/deca_device.o
                0x0000000000004010                dwt_configure
 .text.dwt_setrxantennadelay
                0x0000000000004314       0x22 Output/nrf52832_xxaa/Obj/ss_twr_init/deca_device.o
                0x0000000000004314                dwt_setrxantennadelay
 .text.dwt_settxantennadelay
                0x0000000000004336       0x20 Output/nrf52832_xxaa/Obj/ss_twr_init/deca_device.o
                0x0000000000004336                dwt_settxantennadelay
 .text.dwt_writetxdata
                0x0000000000004356       0x46 Output/nrf52832_xxaa/Obj/ss_twr_init/deca_device.o
                0x0000000000004356                dwt_writetxdata
 .text.dwt_writetxfctrl
                0x000000000000439c       0x44 Output/nrf52832_xxaa/Obj/ss_twr_init/deca_device.o
                0x000000000000439c                dwt_writetxfctrl
 .text.dwt_readrxdata
                0x00000000000043e0       0x2a Output/nrf52832_xxaa/Obj/ss_twr_init/deca_device.o
                0x00000000000043e0                dwt_readrxdata
 .text.dwt_readtxtimestamp
                0x000000000000440a       0x1a Output/nrf52832_xxaa/Obj/ss_twr_init/deca_device.o
                0x000000000000440a                dwt_readtxtimestamp
 .text.dwt_readrxtimestamp
                0x0000000000004424       0x1a Output/nrf52832_xxaa/Obj/ss_twr_init/deca_device.o
                0x0000000000004424                dwt_readrxtimestamp
 .text.dwt_readsystime
                0x000000000000443e       0x1a Output/nrf52832_xxaa/Obj/ss_twr_init/deca_device.o
                0x000000000000443e                dwt_readsystime
 .text.dwt_writetodevice
                0x0000000000004458       0xbc Output/nrf52832_xxaa/Obj/ss_twr_init/deca_device.o
                0x0000000000004458                dwt_writetodevice
 .text.dwt_readfromdevice
                0x0000000000004514       0xb6 Output/nrf52832_xxaa/Obj/ss_twr_init/deca_device.o
                0x0000000000004514                dwt_readfromdevice
 .text.dwt_read32bitoffsetreg
                0x00000000000045ca       0x48 Output/nrf52832_xxaa/Obj/ss_twr_init/deca_device.o
                0x00000000000045ca                dwt_read32bitoffsetreg
 .text.dwt_read16bitoffsetreg
                0x0000000000004612       0x40 Output/nrf52832_xxaa/Obj/ss_twr_init/deca_device.o
                0x0000000000004612                dwt_read16bitoffsetreg
 .text.dwt_read8bitoffsetreg
                0x0000000000004652       0x26 Output/nrf52832_xxaa/Obj/ss_twr_init/deca_device.o
                0x0000000000004652                dwt_read8bitoffsetreg
 .text.dwt_write8bitoffsetreg
                0x0000000000004678       0x28 Output/nrf52832_xxaa/Obj/ss_twr_init/deca_device.o
                0x0000000000004678                dwt_write8bitoffsetreg
 .text.dwt_write16bitoffsetreg
                0x00000000000046a0       0x3e Output/nrf52832_xxaa/Obj/ss_twr_init/deca_device.o
                0x00000000000046a0                dwt_write16bitoffsetreg
 .text.dwt_write32bitoffsetreg
                0x00000000000046de       0x48 Output/nrf52832_xxaa/Obj/ss_twr_init/deca_device.o
                0x00000000000046de                dwt_write32bitoffsetreg
 .text.dwt_otpread
                0x0000000000004726       0x4e Output/nrf52832_xxaa/Obj/ss_twr_init/deca_device.o
                0x0000000000004726                dwt_otpread
 .text._dwt_otpread
                0x0000000000004774       0x3c Output/nrf52832_xxaa/Obj/ss_twr_init/deca_device.o
                0x0000000000004774                _dwt_otpread
 .text._dwt_aonarrayupload
                0x00000000000047b0       0x1a Output/nrf52832_xxaa/Obj/ss_twr_init/deca_device.o
                0x00000000000047b0                _dwt_aonarrayupload
 .text._dwt_configlde
                0x00000000000047ca       0x3e Output/nrf52832_xxaa/Obj/ss_twr_init/deca_device.o
                0x00000000000047ca                _dwt_configlde
 .text._dwt_loaducodefromrom
                0x0000000000004808       0x24 Output/nrf52832_xxaa/Obj/ss_twr_init/deca_device.o
                0x0000000000004808                _dwt_loaducodefromrom
 .text.dwt_setrxaftertxdelay
                0x000000000000482c       0x36 Output/nrf52832_xxaa/Obj/ss_twr_init/deca_device.o
                0x000000000000482c                dwt_setrxaftertxdelay
 *fill*         0x0000000000004862        0x2 
 .text._dwt_enableclocks
                0x0000000000004864      0x158 Output/nrf52832_xxaa/Obj/ss_twr_init/deca_device.o
                0x0000000000004864                _dwt_enableclocks
 .text._dwt_disablesequencing
                0x00000000000049bc       0x16 Output/nrf52832_xxaa/Obj/ss_twr_init/deca_device.o
                0x00000000000049bc                _dwt_disablesequencing
 .text.dwt_setdelayedtrxtime
                0x00000000000049d2       0x18 Output/nrf52832_xxaa/Obj/ss_twr_init/deca_device.o
                0x00000000000049d2                dwt_setdelayedtrxtime
 *fill*         0x00000000000049ea        0x2 
 .text.dwt_starttx
                0x00000000000049ec       0xd4 Output/nrf52832_xxaa/Obj/ss_twr_init/deca_device.o
                0x00000000000049ec                dwt_starttx
 .text.dwt_forcetrxoff
                0x0000000000004ac0       0x60 Output/nrf52832_xxaa/Obj/ss_twr_init/deca_device.o
                0x0000000000004ac0                dwt_forcetrxoff
 .text.dwt_syncrxbufptrs
                0x0000000000004b20       0x38 Output/nrf52832_xxaa/Obj/ss_twr_init/deca_device.o
                0x0000000000004b20                dwt_syncrxbufptrs
 .text.dwt_rxenable
                0x0000000000004b58       0x8e Output/nrf52832_xxaa/Obj/ss_twr_init/deca_device.o
                0x0000000000004b58                dwt_rxenable
 *fill*         0x0000000000004be6        0x2 
 .text.dwt_setrxtimeout
                0x0000000000004be8       0x90 Output/nrf52832_xxaa/Obj/ss_twr_init/deca_device.o
                0x0000000000004be8                dwt_setrxtimeout
 .text.dwt_setpreambledetecttimeout
                0x0000000000004c78       0x20 Output/nrf52832_xxaa/Obj/ss_twr_init/deca_device.o
                0x0000000000004c78                dwt_setpreambledetecttimeout
 .text.dwt_rxreset
                0x0000000000004c98       0x1a Output/nrf52832_xxaa/Obj/ss_twr_init/deca_device.o
                0x0000000000004c98                dwt_rxreset
 *fill*         0x0000000000004cb2        0x2 
 .text.dwt_softreset
                0x0000000000004cb4       0x48 Output/nrf52832_xxaa/Obj/ss_twr_init/deca_device.o
                0x0000000000004cb4                dwt_softreset
 .text.dwt_setxtaltrim
                0x0000000000004cfc       0x34 Output/nrf52832_xxaa/Obj/ss_twr_init/deca_device.o
                0x0000000000004cfc                dwt_setxtaltrim
 .text.NVIC_EnableIRQ
                0x0000000000004d30       0x2c Output/nrf52832_xxaa/Obj/ss_twr_init/port_platform.o
 .text.NVIC_DisableIRQ
                0x0000000000004d5c       0x30 Output/nrf52832_xxaa/Obj/ss_twr_init/port_platform.o
 .text.nrf_gpio_pin_port_decode
                0x0000000000004d8c        0xe Output/nrf52832_xxaa/Obj/ss_twr_init/port_platform.o
 .text.nrf_gpio_cfg
                0x0000000000004d9a       0x62 Output/nrf52832_xxaa/Obj/ss_twr_init/port_platform.o
 .text.nrf_gpio_cfg_output
                0x0000000000004dfc       0x22 Output/nrf52832_xxaa/Obj/ss_twr_init/port_platform.o
 .text.nrf_gpio_cfg_input
                0x0000000000004e1e       0x2a Output/nrf52832_xxaa/Obj/ss_twr_init/port_platform.o
 .text.nrf_gpio_pin_clear
                0x0000000000004e48       0x28 Output/nrf52832_xxaa/Obj/ss_twr_init/port_platform.o
 .text.nrf_gpio_port_out_clear
                0x0000000000004e70       0x14 Output/nrf52832_xxaa/Obj/ss_twr_init/port_platform.o
 .text.nrf_delay_us
                0x0000000000004e84       0xa0 Output/nrf52832_xxaa/Obj/ss_twr_init/port_platform.o
 .text.nrf_delay_ms
                0x0000000000004f24       0x1e Output/nrf52832_xxaa/Obj/ss_twr_init/port_platform.o
 *fill*         0x0000000000004f42        0x2 
 .text.spi_event_handler
                0x0000000000004f44       0x18 Output/nrf52832_xxaa/Obj/ss_twr_init/port_platform.o
                0x0000000000004f44                spi_event_handler
 .text.readfromspi
                0x0000000000004f5c      0x144 Output/nrf52832_xxaa/Obj/ss_twr_init/port_platform.o
                0x0000000000004f5c                readfromspi
 .text.writetospi
                0x00000000000050a0      0x134 Output/nrf52832_xxaa/Obj/ss_twr_init/port_platform.o
                0x00000000000050a0                writetospi
 .text.reset_DW1000
                0x00000000000051d4       0x26 Output/nrf52832_xxaa/Obj/ss_twr_init/port_platform.o
                0x00000000000051d4                reset_DW1000
 *fill*         0x00000000000051fa        0x2 
 .text.port_set_dw1000_slowrate
                0x00000000000051fc       0x4c Output/nrf52832_xxaa/Obj/ss_twr_init/port_platform.o
                0x00000000000051fc                port_set_dw1000_slowrate
 .text.port_set_dw1000_fastrate
                0x0000000000005248       0x54 Output/nrf52832_xxaa/Obj/ss_twr_init/port_platform.o
                0x0000000000005248                port_set_dw1000_fastrate
 .text.deca_sleep
                0x000000000000529c       0x14 Output/nrf52832_xxaa/Obj/ss_twr_init/port_platform.o
                0x000000000000529c                deca_sleep
 .text.decamutexon
                0x00000000000052b0        0xe Output/nrf52832_xxaa/Obj/ss_twr_init/port_platform.o
                0x00000000000052b0                decamutexon
 .text.decamutexoff
                0x00000000000052be       0x14 Output/nrf52832_xxaa/Obj/ss_twr_init/port_platform.o
                0x00000000000052be                decamutexoff
 *fill*         0x00000000000052d2        0x2 
 .text.boUART_Init
                0x00000000000052d4       0x48 Output/nrf52832_xxaa/Obj/ss_twr_init/UART.o
                0x00000000000052d4                boUART_Init
 .text.vUartErrorHandle
                0x000000000000531c       0x34 Output/nrf52832_xxaa/Obj/ss_twr_init/UART.o
 .text.vHandleUartInternalErrors
                0x0000000000005350        0xa Output/nrf52832_xxaa/Obj/ss_twr_init/UART.o
 .text.GuardConditions_ListeningUncToSendingUncAllowed
                0x000000000000535a       0x42 Output/nrf52832_xxaa/Obj/ss_twr_init/GuardConditions.o
                0x000000000000535a                GuardConditions_ListeningUncToSendingUncAllowed
 .text.GuardConditions_SendingUncToListeningConAllowed
                0x000000000000539c        0xc Output/nrf52832_xxaa/Obj/ss_twr_init/GuardConditions.o
                0x000000000000539c                GuardConditions_SendingUncToListeningConAllowed
 .text.GuardConditions_ListeningConToSendingConAllowed
                0x00000000000053a8       0x56 Output/nrf52832_xxaa/Obj/ss_twr_init/GuardConditions.o
                0x00000000000053a8                GuardConditions_ListeningConToSendingConAllowed
 .text.GuardConditions_ListeningConToListeningUncAllowed
                0x00000000000053fe       0x9c Output/nrf52832_xxaa/Obj/ss_twr_init/GuardConditions.o
                0x00000000000053fe                GuardConditions_ListeningConToListeningUncAllowed
 .text.GuardConditions_SendingConToListeningConAllowed
                0x000000000000549a        0xc Output/nrf52832_xxaa/Obj/ss_twr_init/GuardConditions.o
                0x000000000000549a                GuardConditions_SendingConToListeningConAllowed
 .text.GuardConditions_RangingPollAllowed
                0x00000000000054a6       0xd2 Output/nrf52832_xxaa/Obj/ss_twr_init/GuardConditions.o
                0x00000000000054a6                GuardConditions_RangingPollAllowed
 .text.GuardConditions_IdleingAllowed
                0x0000000000005578      0x200 Output/nrf52832_xxaa/Obj/ss_twr_init/GuardConditions.o
                0x0000000000005578                GuardConditions_IdleingAllowed
 .text.GuardConditions_IdleToListeningConAllowedIncomingMsg
                0x0000000000005778      0x10c Output/nrf52832_xxaa/Obj/ss_twr_init/GuardConditions.o
                0x0000000000005778                GuardConditions_IdleToListeningConAllowedIncomingMsg
 .text.GuardConditions_IdleToListeningConAllowed
                0x0000000000005884       0x28 Output/nrf52832_xxaa/Obj/ss_twr_init/GuardConditions.o
                0x0000000000005884                GuardConditions_IdleToListeningConAllowed
 .text.LCG_Rand
                0x00000000000058ac       0x34 Output/nrf52832_xxaa/Obj/ss_twr_init/LCG.o
                0x00000000000058ac                LCG_Rand
 .text.nrf_gpio_pin_port_decode
                0x00000000000058e0        0xe Output/nrf52832_xxaa/Obj/ss_twr_init/main.o
 .text.nrf_gpio_cfg
                0x00000000000058ee       0x62 Output/nrf52832_xxaa/Obj/ss_twr_init/main.o
 .text.nrf_gpio_cfg_input
                0x0000000000005950       0x2a Output/nrf52832_xxaa/Obj/ss_twr_init/main.o
 .text.nrf_gpio_pin_read
                0x000000000000597a       0x2a Output/nrf52832_xxaa/Obj/ss_twr_init/main.o
 .text.nrf_gpio_port_in_read
                0x00000000000059a4       0x10 Output/nrf52832_xxaa/Obj/ss_twr_init/main.o
 .text.lfclk_request
                0x00000000000059b4       0x30 Output/nrf52832_xxaa/Obj/ss_twr_init/main.o
 .text.repeated_timer_handler
                0x00000000000059e4       0x30 Output/nrf52832_xxaa/Obj/ss_twr_init/main.o
 .text.create_timers
                0x0000000000005a14       0x38 Output/nrf52832_xxaa/Obj/ss_twr_init/main.o
 *fill*         0x0000000000005a4c        0x4 
 .text.main     0x0000000000005a50      0xeec Output/nrf52832_xxaa/Obj/ss_twr_init/main.o
                0x0000000000005a50                main
 .text.get_rx_timestamp_u64
                0x000000000000693c       0x6e Output/nrf52832_xxaa/Obj/ss_twr_init/main.o
 .text.get_systime_u64
                0x00000000000069aa       0x6e Output/nrf52832_xxaa/Obj/ss_twr_init/main.o
 .text.initializeConfigStructs
                0x0000000000006a18      0x32c Output/nrf52832_xxaa/Obj/ss_twr_init/main.o
 .text.Message_Create
                0x0000000000006d44       0x2c Output/nrf52832_xxaa/Obj/ss_twr_init/Message.o
                0x0000000000006d44                Message_Create
 .text.Message_Destroy
                0x0000000000006d70       0x14 Output/nrf52832_xxaa/Obj/ss_twr_init/Message.o
                0x0000000000006d70                Message_Destroy
 .text.MessageHandler_HandlePingUnconnected
                0x0000000000006d84       0x34 Output/nrf52832_xxaa/Obj/ss_twr_init/MessageHandler.o
                0x0000000000006d84                MessageHandler_HandlePingUnconnected
 .text.MessageHandler_HandlePingConnected
                0x0000000000006db8      0x148 Output/nrf52832_xxaa/Obj/ss_twr_init/MessageHandler.o
                0x0000000000006db8                MessageHandler_HandlePingConnected
 .text.MessageHandler_HandleCollisionUnconnected
                0x0000000000006f00       0x16 Output/nrf52832_xxaa/Obj/ss_twr_init/MessageHandler.o
                0x0000000000006f00                MessageHandler_HandleCollisionUnconnected
 .text.MessageHandler_HandleCollisionConnected
                0x0000000000006f16       0x6c Output/nrf52832_xxaa/Obj/ss_twr_init/MessageHandler.o
                0x0000000000006f16                MessageHandler_HandleCollisionConnected
 .text.MessageHandler_SendInitialPing
                0x0000000000006f82       0x32 Output/nrf52832_xxaa/Obj/ss_twr_init/MessageHandler.o
                0x0000000000006f82                MessageHandler_SendInitialPing
 .text.MessageHandler_SendPing
                0x0000000000006fb4       0x9a Output/nrf52832_xxaa/Obj/ss_twr_init/MessageHandler.o
                0x0000000000006fb4                MessageHandler_SendPing
 .text.MessageHandler_SendRangingPollMessage
                0x000000000000704e       0x2c Output/nrf52832_xxaa/Obj/ss_twr_init/MessageHandler.o
                0x000000000000704e                MessageHandler_SendRangingPollMessage
 .text.MessageHandler_SendRangingResponseMessage
                0x000000000000707a       0x18 Output/nrf52832_xxaa/Obj/ss_twr_init/MessageHandler.o
                0x000000000000707a                MessageHandler_SendRangingResponseMessage
 .text.MessageHandler_SendRangingFinalMessage
                0x0000000000007092       0x18 Output/nrf52832_xxaa/Obj/ss_twr_init/MessageHandler.o
                0x0000000000007092                MessageHandler_SendRangingFinalMessage
 .text.MessageHandler_SendRangingResultMessage
                0x00000000000070aa       0x18 Output/nrf52832_xxaa/Obj/ss_twr_init/MessageHandler.o
                0x00000000000070aa                MessageHandler_SendRangingResultMessage
 .text.joinNetwork
                0x00000000000070c2       0xd0 Output/nrf52832_xxaa/Obj/ss_twr_init/MessageHandler.o
 .text.updateSlots
                0x0000000000007192      0x16e Output/nrf52832_xxaa/Obj/ss_twr_init/MessageHandler.o
 .text.createPingMessage
                0x0000000000007300       0x9c Output/nrf52832_xxaa/Obj/ss_twr_init/MessageHandler.o
 .text.createRangingPollMessage
                0x000000000000739c       0x30 Output/nrf52832_xxaa/Obj/ss_twr_init/MessageHandler.o
 .text.correctOwnTime
                0x00000000000073cc      0x17e Output/nrf52832_xxaa/Obj/ss_twr_init/MessageHandler.o
 .text.Neighborhood_AddOrUpdateOneHopNeighbor
                0x000000000000754a       0xbc Output/nrf52832_xxaa/Obj/ss_twr_init/Neighborhood.o
                0x000000000000754a                Neighborhood_AddOrUpdateOneHopNeighbor
 .text.Neighborhood_GetOneHopNeighbors
                0x0000000000007606       0x62 Output/nrf52832_xxaa/Obj/ss_twr_init/Neighborhood.o
                0x0000000000007606                Neighborhood_GetOneHopNeighbors
 .text.Neighborhood_RemoveAbsentNeighbors
                0x0000000000007668       0xba Output/nrf52832_xxaa/Obj/ss_twr_init/Neighborhood.o
                0x0000000000007668                Neighborhood_RemoveAbsentNeighbors
 .text.Neighborhood_UpdateRanging
                0x0000000000007722       0x68 Output/nrf52832_xxaa/Obj/ss_twr_init/Neighborhood.o
                0x0000000000007722                Neighborhood_UpdateRanging
 .text.Neighborhood_GetNextRangingNeighbor
                0x000000000000778a       0x92 Output/nrf52832_xxaa/Obj/ss_twr_init/Neighborhood.o
                0x000000000000778a                Neighborhood_GetNextRangingNeighbor
 .text.Neighborhood_GetNewestNeighbor
                0x000000000000781c       0x4c Output/nrf52832_xxaa/Obj/ss_twr_init/Neighborhood.o
                0x000000000000781c                Neighborhood_GetNewestNeighbor
 .text.Neighborhood_GetTimeWhenNewestNeighborJoined
                0x0000000000007868       0x56 Output/nrf52832_xxaa/Obj/ss_twr_init/Neighborhood.o
                0x0000000000007868                Neighborhood_GetTimeWhenNewestNeighborJoined
 .text.removeNeighbor
                0x00000000000078be       0xc0 Output/nrf52832_xxaa/Obj/ss_twr_init/Neighborhood.o
 .text.NetworkManager_CreateNetwork
                0x000000000000797e       0x50 Output/nrf52832_xxaa/Obj/ss_twr_init/NetworkManager.o
                0x000000000000797e                NetworkManager_CreateNetwork
 .text.NetworkManager_CalculateNetworkAge
                0x00000000000079ce       0x60 Output/nrf52832_xxaa/Obj/ss_twr_init/NetworkManager.o
                0x00000000000079ce                NetworkManager_CalculateNetworkAge
 .text.NetworkManager_IsPingFromForeignNetwork
                0x0000000000007a2e       0xce Output/nrf52832_xxaa/Obj/ss_twr_init/NetworkManager.o
                0x0000000000007a2e                NetworkManager_IsPingFromForeignNetwork
 .text.NetworkManager_IsForeignNetworkPreceding
                0x0000000000007afc       0x3c Output/nrf52832_xxaa/Obj/ss_twr_init/NetworkManager.o
                0x0000000000007afc                NetworkManager_IsForeignNetworkPreceding
 .text.NetworkManager_DoNetworksHaveSameAge
                0x0000000000007b38       0x3c Output/nrf52832_xxaa/Obj/ss_twr_init/NetworkManager.o
                0x0000000000007b38                NetworkManager_DoNetworksHaveSameAge
 .text.NetworkManager_GetNetworkStatus
                0x0000000000007b74       0x10 Output/nrf52832_xxaa/Obj/ss_twr_init/NetworkManager.o
                0x0000000000007b74                NetworkManager_GetNetworkStatus
 .text.NetworkManager_GetNetworkId
                0x0000000000007b84       0x1e Output/nrf52832_xxaa/Obj/ss_twr_init/NetworkManager.o
                0x0000000000007b84                NetworkManager_GetNetworkId
 .text.NetworkManager_SetNetworkStatus
                0x0000000000007ba2       0x1a Output/nrf52832_xxaa/Obj/ss_twr_init/NetworkManager.o
                0x0000000000007ba2                NetworkManager_SetNetworkStatus
 .text.NetworkManager_SetNetworkId
                0x0000000000007bbc       0x3a Output/nrf52832_xxaa/Obj/ss_twr_init/NetworkManager.o
                0x0000000000007bbc                NetworkManager_SetNetworkId
 .text.NetworkManager_SaveNetworkAgeAtJoining
                0x0000000000007bf6       0x1a Output/nrf52832_xxaa/Obj/ss_twr_init/NetworkManager.o
                0x0000000000007bf6                NetworkManager_SaveNetworkAgeAtJoining
 .text.NetworkManager_SaveLocalTimeAtJoining
                0x0000000000007c10       0x1a Output/nrf52832_xxaa/Obj/ss_twr_init/NetworkManager.o
                0x0000000000007c10                NetworkManager_SaveLocalTimeAtJoining
 .text.isConnectedAndHasId
                0x0000000000007c2a       0x4a Output/nrf52832_xxaa/Obj/ss_twr_init/NetworkManager.o
 .text.Node_SetStateMachine
                0x0000000000007c74       0x12 Output/nrf52832_xxaa/Obj/ss_twr_init/Node.o
                0x0000000000007c74                Node_SetStateMachine
 .text.Node_SetClock
                0x0000000000007c86       0x12 Output/nrf52832_xxaa/Obj/ss_twr_init/Node.o
                0x0000000000007c86                Node_SetClock
 .text.Node_SetScheduler
                0x0000000000007c98       0x12 Output/nrf52832_xxaa/Obj/ss_twr_init/Node.o
                0x0000000000007c98                Node_SetScheduler
 .text.Node_SetDriver
                0x0000000000007caa       0x12 Output/nrf52832_xxaa/Obj/ss_twr_init/Node.o
                0x0000000000007caa                Node_SetDriver
 .text.Node_SetTimeKeeping
                0x0000000000007cbc       0x12 Output/nrf52832_xxaa/Obj/ss_twr_init/Node.o
                0x0000000000007cbc                Node_SetTimeKeeping
 .text.Node_SetNetworkManager
                0x0000000000007cce       0x12 Output/nrf52832_xxaa/Obj/ss_twr_init/Node.o
                0x0000000000007cce                Node_SetNetworkManager
 .text.Node_SetMessageHandler
                0x0000000000007ce0       0x12 Output/nrf52832_xxaa/Obj/ss_twr_init/Node.o
                0x0000000000007ce0                Node_SetMessageHandler
 .text.Node_SetSlotMap
                0x0000000000007cf2       0x12 Output/nrf52832_xxaa/Obj/ss_twr_init/Node.o
                0x0000000000007cf2                Node_SetSlotMap
 .text.Node_SetNeighborhood
                0x0000000000007d04       0x12 Output/nrf52832_xxaa/Obj/ss_twr_init/Node.o
                0x0000000000007d04                Node_SetNeighborhood
 .text.Node_SetRangingManager
                0x0000000000007d16       0x12 Output/nrf52832_xxaa/Obj/ss_twr_init/Node.o
                0x0000000000007d16                Node_SetRangingManager
 .text.Node_SetLCG
                0x0000000000007d28       0x12 Output/nrf52832_xxaa/Obj/ss_twr_init/Node.o
                0x0000000000007d28                Node_SetLCG
 .text.Node_SetConfig
                0x0000000000007d3a       0x12 Output/nrf52832_xxaa/Obj/ss_twr_init/Node.o
                0x0000000000007d3a                Node_SetConfig
 .text.RandomNumbers_GetRandomIntBetween
                0x0000000000007d4c       0x7e Output/nrf52832_xxaa/Obj/ss_twr_init/RandomNumbers.o
                0x0000000000007d4c                RandomNumbers_GetRandomIntBetween
 .text.RandomNumbers_GetRandomElementFrom
                0x0000000000007dca       0x42 Output/nrf52832_xxaa/Obj/ss_twr_init/RandomNumbers.o
                0x0000000000007dca                RandomNumbers_GetRandomElementFrom
 .text.RangingManager_HasRangingTimedOut
                0x0000000000007e0c       0x7a Output/nrf52832_xxaa/Obj/ss_twr_init/RangingManager.o
                0x0000000000007e0c                RangingManager_HasRangingTimedOut
 .text.RangingManager_RecordRangingMsgIn
                0x0000000000007e86       0x56 Output/nrf52832_xxaa/Obj/ss_twr_init/RangingManager.o
                0x0000000000007e86                RangingManager_RecordRangingMsgIn
 .text.RangingManager_RecordRangingMsgOut
                0x0000000000007edc       0x28 Output/nrf52832_xxaa/Obj/ss_twr_init/RangingManager.o
                0x0000000000007edc                RangingManager_RecordRangingMsgOut
 .text.RangingManager_GetLastIncomingRangingMsg
                0x0000000000007f04       0x10 Output/nrf52832_xxaa/Obj/ss_twr_init/RangingManager.o
                0x0000000000007f04                RangingManager_GetLastIncomingRangingMsg
 .text.Scheduler_PingScheduledToNow
                0x0000000000007f14       0x36 Output/nrf52832_xxaa/Obj/ss_twr_init/Scheduler.o
                0x0000000000007f14                Scheduler_PingScheduledToNow
 .text.Scheduler_GetTimeOfNextSchedule
                0x0000000000007f4a       0x14 Output/nrf52832_xxaa/Obj/ss_twr_init/Scheduler.o
                0x0000000000007f4a                Scheduler_GetTimeOfNextSchedule
 .text.Scheduler_SchedulePingAtTime
                0x0000000000007f5e       0x42 Output/nrf52832_xxaa/Obj/ss_twr_init/Scheduler.o
                0x0000000000007f5e                Scheduler_SchedulePingAtTime
 .text.Scheduler_CancelScheduledPing
                0x0000000000007fa0       0x1a Output/nrf52832_xxaa/Obj/ss_twr_init/Scheduler.o
                0x0000000000007fa0                Scheduler_CancelScheduledPing
 .text.Scheduler_NothingScheduledYet
                0x0000000000007fba       0x20 Output/nrf52832_xxaa/Obj/ss_twr_init/Scheduler.o
                0x0000000000007fba                Scheduler_NothingScheduledYet
 .text.Scheduler_GetSlotOfNextSchedule
                0x0000000000007fda       0x2a Output/nrf52832_xxaa/Obj/ss_twr_init/Scheduler.o
                0x0000000000007fda                Scheduler_GetSlotOfNextSchedule
 .text.Scheduler_ScheduleNextPing
                0x0000000000008004      0x152 Output/nrf52832_xxaa/Obj/ss_twr_init/Scheduler.o
                0x0000000000008004                Scheduler_ScheduleNextPing
 *fill*         0x0000000000008156        0x2 
 .text.getRandomDelay
                0x0000000000008158       0x88 Output/nrf52832_xxaa/Obj/ss_twr_init/Scheduler.o
 .text.getRegularRandomDelay
                0x00000000000081e0       0xb4 Output/nrf52832_xxaa/Obj/ss_twr_init/Scheduler.o
 .text.SlotMap_UpdateOneHopSlotMap
                0x0000000000008294      0x1e6 Output/nrf52832_xxaa/Obj/ss_twr_init/SlotMap.o
                0x0000000000008294                SlotMap_UpdateOneHopSlotMap
 .text.SlotMap_UpdateTwoHopSlotMap
                0x000000000000847a       0x4a Output/nrf52832_xxaa/Obj/ss_twr_init/SlotMap.o
                0x000000000000847a                SlotMap_UpdateTwoHopSlotMap
 .text.SlotMap_UpdateThreeHopSlotMap
                0x00000000000084c4       0x4a Output/nrf52832_xxaa/Obj/ss_twr_init/SlotMap.o
                0x00000000000084c4                SlotMap_UpdateThreeHopSlotMap
 .text.SlotMap_GetOneHopSlotMapStatus
                0x000000000000850e       0x38 Output/nrf52832_xxaa/Obj/ss_twr_init/SlotMap.o
                0x000000000000850e                SlotMap_GetOneHopSlotMapStatus
 .text.SlotMap_GetOneHopSlotMapIds
                0x0000000000008546       0x36 Output/nrf52832_xxaa/Obj/ss_twr_init/SlotMap.o
                0x0000000000008546                SlotMap_GetOneHopSlotMapIds
 .text.SlotMap_GetTwoHopSlotMapStatus
                0x000000000000857c       0x3a Output/nrf52832_xxaa/Obj/ss_twr_init/SlotMap.o
                0x000000000000857c                SlotMap_GetTwoHopSlotMapStatus
 .text.SlotMap_GetTwoHopSlotMapIds
                0x00000000000085b6       0x36 Output/nrf52832_xxaa/Obj/ss_twr_init/SlotMap.o
                0x00000000000085b6                SlotMap_GetTwoHopSlotMapIds
 .text.SlotMap_GetThreeHopSlotMapIds
                0x00000000000085ec       0x36 Output/nrf52832_xxaa/Obj/ss_twr_init/SlotMap.o
                0x00000000000085ec                SlotMap_GetThreeHopSlotMapIds
 .text.SlotMap_CheckOwnSlotsForCollisions
                0x0000000000008622       0xb2 Output/nrf52832_xxaa/Obj/ss_twr_init/SlotMap.o
                0x0000000000008622                SlotMap_CheckOwnSlotsForCollisions
 .text.SlotMap_CheckPendingSlotsForCollisions
                0x00000000000086d4       0xb2 Output/nrf52832_xxaa/Obj/ss_twr_init/SlotMap.o
                0x00000000000086d4                SlotMap_CheckPendingSlotsForCollisions
 .text.SlotMap_SlotReservationGoalMet
                0x0000000000008786       0x30 Output/nrf52832_xxaa/Obj/ss_twr_init/SlotMap.o
                0x0000000000008786                SlotMap_SlotReservationGoalMet
 .text.SlotMap_GetReservableSlot
                0x00000000000087b6       0xca Output/nrf52832_xxaa/Obj/ss_twr_init/SlotMap.o
                0x00000000000087b6                SlotMap_GetReservableSlot
 .text.SlotMap_CalculateNextOwnOrPendingSlotNum
                0x0000000000008880       0x94 Output/nrf52832_xxaa/Obj/ss_twr_init/SlotMap.o
                0x0000000000008880                SlotMap_CalculateNextOwnOrPendingSlotNum
 .text.SlotMap_UpdatePendingSlotAcks
                0x0000000000008914       0xac Output/nrf52832_xxaa/Obj/ss_twr_init/SlotMap.o
                0x0000000000008914                SlotMap_UpdatePendingSlotAcks
 .text.SlotMap_AddPendingSlot
                0x00000000000089c0       0xb6 Output/nrf52832_xxaa/Obj/ss_twr_init/SlotMap.o
                0x00000000000089c0                SlotMap_AddPendingSlot
 .text.SlotMap_ChangePendingToOwn
                0x0000000000008a76       0x8a Output/nrf52832_xxaa/Obj/ss_twr_init/SlotMap.o
                0x0000000000008a76                SlotMap_ChangePendingToOwn
 .text.SlotMap_OwnNetworkExists
                0x0000000000008b00      0x148 Output/nrf52832_xxaa/Obj/ss_twr_init/SlotMap.o
                0x0000000000008b00                SlotMap_OwnNetworkExists
 .text.SlotMap_ClearToSend
                0x0000000000008c48       0x76 Output/nrf52832_xxaa/Obj/ss_twr_init/SlotMap.o
                0x0000000000008c48                SlotMap_ClearToSend
 .text.SlotMap_SlotIsFreeForThisNode
                0x0000000000008cbe       0x4c Output/nrf52832_xxaa/Obj/ss_twr_init/SlotMap.o
                0x0000000000008cbe                SlotMap_SlotIsFreeForThisNode
 .text.SlotMap_SlotIsColliding
                0x0000000000008d0a       0x4c Output/nrf52832_xxaa/Obj/ss_twr_init/SlotMap.o
                0x0000000000008d0a                SlotMap_SlotIsColliding
 .text.SlotMap_RecordCollisionTime
                0x0000000000008d56       0xb4 Output/nrf52832_xxaa/Obj/ss_twr_init/SlotMap.o
                0x0000000000008d56                SlotMap_RecordCollisionTime
 .text.SlotMap_GetAcknowledgedPendingSlots
                0x0000000000008e0a       0x92 Output/nrf52832_xxaa/Obj/ss_twr_init/SlotMap.o
                0x0000000000008e0a                SlotMap_GetAcknowledgedPendingSlots
 .text.SlotMap_GetPendingSlots
                0x0000000000008e9c       0x62 Output/nrf52832_xxaa/Obj/ss_twr_init/SlotMap.o
                0x0000000000008e9c                SlotMap_GetPendingSlots
 .text.SlotMap_GetOwnSlots
                0x0000000000008efe       0x62 Output/nrf52832_xxaa/Obj/ss_twr_init/SlotMap.o
                0x0000000000008efe                SlotMap_GetOwnSlots
 .text.SlotMap_RemoveOutdatedCollisions
                0x0000000000008f60      0x11e Output/nrf52832_xxaa/Obj/ss_twr_init/SlotMap.o
                0x0000000000008f60                SlotMap_RemoveOutdatedCollisions
 .text.SlotMap_GetCollisionTimes
                0x000000000000907e       0x68 Output/nrf52832_xxaa/Obj/ss_twr_init/SlotMap.o
                0x000000000000907e                SlotMap_GetCollisionTimes
 .text.SlotMap_GetLastReservationTime
                0x00000000000090e6       0x14 Output/nrf52832_xxaa/Obj/ss_twr_init/SlotMap.o
                0x00000000000090e6                SlotMap_GetLastReservationTime
 .text.SlotMap_IsOwnSlot
                0x00000000000090fa       0x46 Output/nrf52832_xxaa/Obj/ss_twr_init/SlotMap.o
                0x00000000000090fa                SlotMap_IsOwnSlot
 .text.SlotMap_IsPendingSlot
                0x0000000000009140       0x46 Output/nrf52832_xxaa/Obj/ss_twr_init/SlotMap.o
                0x0000000000009140                SlotMap_IsPendingSlot
 .text.SlotMap_ReleaseOwnSlot
                0x0000000000009186       0x80 Output/nrf52832_xxaa/Obj/ss_twr_init/SlotMap.o
                0x0000000000009186                SlotMap_ReleaseOwnSlot
 .text.SlotMap_ReleasePendingSlot
                0x0000000000009206      0x13c Output/nrf52832_xxaa/Obj/ss_twr_init/SlotMap.o
                0x0000000000009206                SlotMap_ReleasePendingSlot
 .text.SlotMap_RemoveExpiredSlotsFromOneHopSlotMap
                0x0000000000009342       0x28 Output/nrf52832_xxaa/Obj/ss_twr_init/SlotMap.o
                0x0000000000009342                SlotMap_RemoveExpiredSlotsFromOneHopSlotMap
 .text.SlotMap_RemoveExpiredSlotsFromTwoHopSlotMap
                0x000000000000936a       0x2a Output/nrf52832_xxaa/Obj/ss_twr_init/SlotMap.o
                0x000000000000936a                SlotMap_RemoveExpiredSlotsFromTwoHopSlotMap
 .text.SlotMap_RemoveExpiredSlotsFromThreeHopSlotMap
                0x0000000000009394       0x2a Output/nrf52832_xxaa/Obj/ss_twr_init/SlotMap.o
                0x0000000000009394                SlotMap_RemoveExpiredSlotsFromThreeHopSlotMap
 .text.removeExpiredSlotsFromSlotMap
                0x00000000000093be       0xae Output/nrf52832_xxaa/Obj/ss_twr_init/SlotMap.o
 .text.SlotMap_RemoveExpiredPendingSlots
                0x000000000000946c       0xea Output/nrf52832_xxaa/Obj/ss_twr_init/SlotMap.o
                0x000000000000946c                SlotMap_RemoveExpiredPendingSlots
 .text.SlotMap_RemoveExpiredOwnSlots
                0x0000000000009556      0x106 Output/nrf52832_xxaa/Obj/ss_twr_init/SlotMap.o
                0x0000000000009556                SlotMap_RemoveExpiredOwnSlots
 .text.isAcknowledged
                0x000000000000965c       0xe0 Output/nrf52832_xxaa/Obj/ss_twr_init/SlotMap.o
 .text.SlotMap_ExtendTimeouts
                0x000000000000973c       0xfc Output/nrf52832_xxaa/Obj/ss_twr_init/SlotMap.o
                0x000000000000973c                SlotMap_ExtendTimeouts
 .text.oneHopSlotIsExpired
                0x0000000000009838       0x52 Output/nrf52832_xxaa/Obj/ss_twr_init/SlotMap.o
 .text.multiHopSlotIsExpired
                0x000000000000988a       0x52 Output/nrf52832_xxaa/Obj/ss_twr_init/SlotMap.o
 .text.updateMultiHopSlotMap
                0x00000000000098dc      0x362 Output/nrf52832_xxaa/Obj/ss_twr_init/SlotMap.o
 .text.slotReportedColliding
                0x0000000000009c3e       0x3c Output/nrf52832_xxaa/Obj/ss_twr_init/SlotMap.o
 .text.slotReportedOccupiedByOtherNode
                0x0000000000009c7a       0x6e Output/nrf52832_xxaa/Obj/ss_twr_init/SlotMap.o
 .text.findFreeForThisNodeSlotsInThreeHopNeighborhood
                0x0000000000009ce8      0x1cc Output/nrf52832_xxaa/Obj/ss_twr_init/SlotMap.o
 .text.findCollidingSlotsInThreeHopNeighborhood
                0x0000000000009eb4      0x362 Output/nrf52832_xxaa/Obj/ss_twr_init/SlotMap.o
 .text.getNextSlotFromSelection
                0x000000000000a216       0xb4 Output/nrf52832_xxaa/Obj/ss_twr_init/SlotMap.o
 .text.StateActions_ListeningUnconnectedIncomingMsgAction
                0x000000000000a2ca       0x32 Output/nrf52832_xxaa/Obj/ss_twr_init/StateActions.o
                0x000000000000a2ca                StateActions_ListeningUnconnectedIncomingMsgAction
 .text.StateActions_ListeningUnconnectedTimeTicAction
                0x000000000000a2fc       0x7a Output/nrf52832_xxaa/Obj/ss_twr_init/StateActions.o
                0x000000000000a2fc                StateActions_ListeningUnconnectedTimeTicAction
 .text.StateActions_ListeningConnectedTimeTicAction
                0x000000000000a376       0xfa Output/nrf52832_xxaa/Obj/ss_twr_init/StateActions.o
                0x000000000000a376                StateActions_ListeningConnectedTimeTicAction
 .text.StateActions_ListeningConnectedIncomingMsgAction
                0x000000000000a470       0xa4 Output/nrf52832_xxaa/Obj/ss_twr_init/StateActions.o
                0x000000000000a470                StateActions_ListeningConnectedIncomingMsgAction
 .text.StateActions_SendingConnectedTimeTicAction
                0x000000000000a514       0x2e Output/nrf52832_xxaa/Obj/ss_twr_init/StateActions.o
                0x000000000000a514                StateActions_SendingConnectedTimeTicAction
 .text.StateActions_SendingUnconnectedTimeTicAction
                0x000000000000a542       0x2e Output/nrf52832_xxaa/Obj/ss_twr_init/StateActions.o
                0x000000000000a542                StateActions_SendingUnconnectedTimeTicAction
 .text.StateActions_RangingPollTimeTicAction
                0x000000000000a570       0x42 Output/nrf52832_xxaa/Obj/ss_twr_init/StateActions.o
                0x000000000000a570                StateActions_RangingPollTimeTicAction
 .text.StateActions_RangingResponseTimeTicAction
                0x000000000000a5b2       0x2c Output/nrf52832_xxaa/Obj/ss_twr_init/StateActions.o
                0x000000000000a5b2                StateActions_RangingResponseTimeTicAction
 .text.StateActions_RangingFinalTimeTicAction
                0x000000000000a5de       0x2c Output/nrf52832_xxaa/Obj/ss_twr_init/StateActions.o
                0x000000000000a5de                StateActions_RangingFinalTimeTicAction
 .text.StateActions_RangingResultTimeTicAction
                0x000000000000a60a       0x2c Output/nrf52832_xxaa/Obj/ss_twr_init/StateActions.o
                0x000000000000a60a                StateActions_RangingResultTimeTicAction
 .text.StateActions_IdleTimeTicAction
                0x000000000000a636        0xa Output/nrf52832_xxaa/Obj/ss_twr_init/StateActions.o
                0x000000000000a636                StateActions_IdleTimeTicAction
 .text.StateActions_IdleIncomingMsgAction
                0x000000000000a640       0x18 Output/nrf52832_xxaa/Obj/ss_twr_init/StateActions.o
                0x000000000000a640                StateActions_IdleIncomingMsgAction
 .text.StateMachine_GetState
                0x000000000000a658       0x10 Output/nrf52832_xxaa/Obj/ss_twr_init/StateMachine.o
                0x000000000000a658                StateMachine_GetState
 .text.StateMachine_Run
                0x000000000000a668      0x548 Output/nrf52832_xxaa/Obj/ss_twr_init/StateMachine.o
                0x000000000000a668                StateMachine_Run
 .text.TimeKeeping_SetFrameStartTime
                0x000000000000abb0       0x22 Output/nrf52832_xxaa/Obj/ss_twr_init/TimeKeeping.o
                0x000000000000abb0                TimeKeeping_SetFrameStartTime
 .text.TimeKeeping_SetFrameStartTimeForLastPreamble
                0x000000000000abd2       0x32 Output/nrf52832_xxaa/Obj/ss_twr_init/TimeKeeping.o
                0x000000000000abd2                TimeKeeping_SetFrameStartTimeForLastPreamble
 .text.TimeKeeping_InitialWaitTimeOver
                0x000000000000ac04       0x46 Output/nrf52832_xxaa/Obj/ss_twr_init/TimeKeeping.o
                0x000000000000ac04                TimeKeeping_InitialWaitTimeOver
 .text.TimeKeeping_ResetTime
                0x000000000000ac4a       0x28 Output/nrf52832_xxaa/Obj/ss_twr_init/TimeKeeping.o
                0x000000000000ac4a                TimeKeeping_ResetTime
 .text.TimeKeeping_CalculateOwnSlotAtTime
                0x000000000000ac72       0x9c Output/nrf52832_xxaa/Obj/ss_twr_init/TimeKeeping.o
                0x000000000000ac72                TimeKeeping_CalculateOwnSlotAtTime
 .text.TimeKeeping_CalculateCurrentSlotNum
                0x000000000000ad0e       0x3c Output/nrf52832_xxaa/Obj/ss_twr_init/TimeKeeping.o
                0x000000000000ad0e                TimeKeeping_CalculateCurrentSlotNum
 *fill*         0x000000000000ad4a        0x2 
 .text.TimeKeeping_CalculateCurrentFrameNum
                0x000000000000ad4c       0x94 Output/nrf52832_xxaa/Obj/ss_twr_init/TimeKeeping.o
                0x000000000000ad4c                TimeKeeping_CalculateCurrentFrameNum
 .text.TimeKeeping_CalculateNextStartOfSlot
                0x000000000000ade0      0x12a Output/nrf52832_xxaa/Obj/ss_twr_init/TimeKeeping.o
                0x000000000000ade0                TimeKeeping_CalculateNextStartOfSlot
 .text.TimeKeeping_CalculateNetworkAgeFromMsg
                0x000000000000af0a       0x30 Output/nrf52832_xxaa/Obj/ss_twr_init/TimeKeeping.o
                0x000000000000af0a                TimeKeeping_CalculateNetworkAgeFromMsg
 .text.TimeKeeping_CalculateTimeSinceFrameStart
                0x000000000000af3a       0x66 Output/nrf52832_xxaa/Obj/ss_twr_init/TimeKeeping.o
                0x000000000000af3a                TimeKeeping_CalculateTimeSinceFrameStart
 .text.TimeKeeping_GetTimeRemainingInCurrentSlot
                0x000000000000afa0       0x32 Output/nrf52832_xxaa/Obj/ss_twr_init/TimeKeeping.o
                0x000000000000afa0                TimeKeeping_GetTimeRemainingInCurrentSlot
 .text.TimeKeeping_CalculateCollisionTimes
                0x000000000000afd2       0x78 Output/nrf52832_xxaa/Obj/ss_twr_init/TimeKeeping.o
                0x000000000000afd2                TimeKeeping_CalculateCollisionTimes
 .text.TimeKeeping_SetLastTimeIdled
                0x000000000000b04a       0x22 Output/nrf52832_xxaa/Obj/ss_twr_init/TimeKeeping.o
                0x000000000000b04a                TimeKeeping_SetLastTimeIdled
 .text.TimeKeeping_GetLastTimeIdled
                0x000000000000b06c       0x14 Output/nrf52832_xxaa/Obj/ss_twr_init/TimeKeeping.o
                0x000000000000b06c                TimeKeeping_GetLastTimeIdled
 .text.TimeKeeping_IsAutoCycleWakeupTime
                0x000000000000b080       0x4c Output/nrf52832_xxaa/Obj/ss_twr_init/TimeKeeping.o
                0x000000000000b080                TimeKeeping_IsAutoCycleWakeupTime
 .text.calculateTimeSinceLastPreamble
                0x000000000000b0cc       0x32 Output/nrf52832_xxaa/Obj/ss_twr_init/TimeKeeping.o
 .text.calculateTimeInSlot
                0x000000000000b0fe       0x46 Output/nrf52832_xxaa/Obj/ss_twr_init/TimeKeeping.o
 .text.Util_Int8tArrayFindElement
                0x000000000000b144       0x48 Output/nrf52832_xxaa/Obj/ss_twr_init/Util.o
                0x000000000000b144                Util_Int8tArrayFindElement
 .text.Util_IntersectSortedInt8tArrays
                0x000000000000b18c       0xdc Output/nrf52832_xxaa/Obj/ss_twr_init/Util.o
                0x000000000000b18c                Util_IntersectSortedInt8tArrays
 .text.Util_Int8tFindIdxOfMinimumInArray
                0x000000000000b268       0x5c Output/nrf52832_xxaa/Obj/ss_twr_init/Util.o
                0x000000000000b268                Util_Int8tFindIdxOfMinimumInArray
 .text.Util_Int64tFindIdxOfMinimumInArray
                0x000000000000b2c4       0x68 Output/nrf52832_xxaa/Obj/ss_twr_init/Util.o
                0x000000000000b2c4                Util_Int64tFindIdxOfMinimumInArray
 .text.Util_Int64tFindIdxOfMaximumInArray
                0x000000000000b32c       0x68 Output/nrf52832_xxaa/Obj/ss_twr_init/Util.o
                0x000000000000b32c                Util_Int64tFindIdxOfMaximumInArray
 .text.Driver_SendingFinished
                0x000000000000b394       0x48 Output/nrf52832_xxaa/Obj/ss_twr_init/DWM1001DEVDriver.o
                0x000000000000b394                Driver_SendingFinished
 .text.Driver_TransmitPing
                0x000000000000b3dc      0x1dc Output/nrf52832_xxaa/Obj/ss_twr_init/DWM1001DEVDriver.o
                0x000000000000b3dc                Driver_TransmitPing
 .text.Driver_TransmitPoll
                0x000000000000b5b8       0xa8 Output/nrf52832_xxaa/Obj/ss_twr_init/DWM1001DEVDriver.o
                0x000000000000b5b8                Driver_TransmitPoll
 .text.Driver_TransmitResponse
                0x000000000000b660      0x124 Output/nrf52832_xxaa/Obj/ss_twr_init/DWM1001DEVDriver.o
                0x000000000000b660                Driver_TransmitResponse
 .text.Driver_TransmitFinal
                0x000000000000b784      0x170 Output/nrf52832_xxaa/Obj/ss_twr_init/DWM1001DEVDriver.o
                0x000000000000b784                Driver_TransmitFinal
 *fill*         0x000000000000b8f4        0x4 
 .text.Driver_TransmitResult
                0x000000000000b8f8      0x2c0 Output/nrf52832_xxaa/Obj/ss_twr_init/DWM1001DEVDriver.o
                0x000000000000b8f8                Driver_TransmitResult
 .text.Driver_IsReceiving
                0x000000000000bbb8       0x28 Output/nrf52832_xxaa/Obj/ss_twr_init/DWM1001DEVDriver.o
                0x000000000000bbb8                Driver_IsReceiving
 .text.get_tx_timestamp_u64
                0x000000000000bbe0       0x6e Output/nrf52832_xxaa/Obj/ss_twr_init/DWM1001DEVDriver.o
 .text.get_rx_timestamp_u64
                0x000000000000bc4e       0x6e Output/nrf52832_xxaa/Obj/ss_twr_init/DWM1001DEVDriver.o
 .text.final_msg_set_ts
                0x000000000000bcbc       0x46 Output/nrf52832_xxaa/Obj/ss_twr_init/DWM1001DEVDriver.o
 .text.final_msg_get_ts
                0x000000000000bd02       0x42 Output/nrf52832_xxaa/Obj/ss_twr_init/DWM1001DEVDriver.o
 .text.HALClock_GetLocalTime
                0x000000000000bd44       0x42 Output/nrf52832_xxaa/Obj/ss_twr_init/TestClockDWM1001.o
                0x000000000000bd44                HALClock_GetLocalTime
 .text.HALClock_CorrectTime
                0x000000000000bd86       0x28 Output/nrf52832_xxaa/Obj/ss_twr_init/TestClockDWM1001.o
                0x000000000000bd86                HALClock_CorrectTime
 .text.HALClock_FixLocalTime
                0x000000000000bdae       0x30 Output/nrf52832_xxaa/Obj/ss_twr_init/TestClockDWM1001.o
                0x000000000000bdae                HALClock_FixLocalTime
 .text.HALClock_UnfixLocalTime
                0x000000000000bdde       0x10 Output/nrf52832_xxaa/Obj/ss_twr_init/TestClockDWM1001.o
                0x000000000000bdde                HALClock_UnfixLocalTime
 *fill*         0x000000000000bdee        0x2 
 .text.__aeabi_dadd
                0x000000000000bdf0      0x244 /usr/share/segger_embedded_studio_for_arm_5.44/lib/libm_v7em_fpv4_sp_d16_hard_t_le_eabi.a(libm_asm.o)
                0x000000000000bdf0                __aeabi_dadd
 .text.__aeabi_dsub
                0x000000000000c034        0x8 /usr/share/segger_embedded_studio_for_arm_5.44/lib/libm_v7em_fpv4_sp_d16_hard_t_le_eabi.a(libm_asm.o)
                0x000000000000c034                __aeabi_dsub
 .text.__aeabi_dmul
                0x000000000000c03c      0x138 /usr/share/segger_embedded_studio_for_arm_5.44/lib/libm_v7em_fpv4_sp_d16_hard_t_le_eabi.a(libm_asm.o)
                0x000000000000c03c                __aeabi_dmul
 .text.__aeabi_ddiv
                0x000000000000c174      0x1cc /usr/share/segger_embedded_studio_for_arm_5.44/lib/libm_v7em_fpv4_sp_d16_hard_t_le_eabi.a(libm_asm.o)
                0x000000000000c174                __aeabi_ddiv
 .text.__aeabi_d2lz
                0x000000000000c340       0x84 /usr/share/segger_embedded_studio_for_arm_5.44/lib/libm_v7em_fpv4_sp_d16_hard_t_le_eabi.a(libm_asm.o)
                0x000000000000c340                __aeabi_d2lz
 .text.__aeabi_d2uiz
                0x000000000000c3c4       0x28 /usr/share/segger_embedded_studio_for_arm_5.44/lib/libm_v7em_fpv4_sp_d16_hard_t_le_eabi.a(libm_asm.o)
                0x000000000000c3c4                __aeabi_d2uiz
 .text.__aeabi_d2ulz
                0x000000000000c3ec       0x40 /usr/share/segger_embedded_studio_for_arm_5.44/lib/libm_v7em_fpv4_sp_d16_hard_t_le_eabi.a(libm_asm.o)
                0x000000000000c3ec                __aeabi_d2ulz
 .text.__aeabi_i2d
                0x000000000000c42c       0x28 /usr/share/segger_embedded_studio_for_arm_5.44/lib/libm_v7em_fpv4_sp_d16_hard_t_le_eabi.a(libm_asm.o)
                0x000000000000c42c                __aeabi_i2d
 .text.__aeabi_l2d
                0x000000000000c454       0x68 /usr/share/segger_embedded_studio_for_arm_5.44/lib/libm_v7em_fpv4_sp_d16_hard_t_le_eabi.a(libm_asm.o)
                0x000000000000c454                __aeabi_l2d
 .text.__aeabi_ui2d
                0x000000000000c4bc       0x1c /usr/share/segger_embedded_studio_for_arm_5.44/lib/libm_v7em_fpv4_sp_d16_hard_t_le_eabi.a(libm_asm.o)
                0x000000000000c4bc                __aeabi_ui2d
 .text.__aeabi_ul2d
                0x000000000000c4d8       0x5c /usr/share/segger_embedded_studio_for_arm_5.44/lib/libm_v7em_fpv4_sp_d16_hard_t_le_eabi.a(libm_asm.o)
                0x000000000000c4d8                __aeabi_ul2d
 .text.__aeabi_f2d
                0x000000000000c534       0x34 /usr/share/segger_embedded_studio_for_arm_5.44/lib/libm_v7em_fpv4_sp_d16_hard_t_le_eabi.a(libm_asm.o)
                0x000000000000c534                __aeabi_f2d
 .text.__aeabi_d2f
                0x000000000000c568       0x54 /usr/share/segger_embedded_studio_for_arm_5.44/lib/libm_v7em_fpv4_sp_d16_hard_t_le_eabi.a(libm_asm.o)
                0x000000000000c568                __aeabi_d2f
 .text.__float32_isinf
                0x000000000000c5bc       0x14 /usr/share/segger_embedded_studio_for_arm_5.44/lib/libm_v7em_fpv4_sp_d16_hard_t_le_eabi.a(libm_asm.o)
                0x000000000000c5bc                __float32_isinf
 .text.__float32_isnan
                0x000000000000c5d0       0x14 /usr/share/segger_embedded_studio_for_arm_5.44/lib/libm_v7em_fpv4_sp_d16_hard_t_le_eabi.a(libm_asm.o)
                0x000000000000c5d0                __float32_isnan
 .text.__float32_signbit
                0x000000000000c5e4        0xc /usr/share/segger_embedded_studio_for_arm_5.44/lib/libm_v7em_fpv4_sp_d16_hard_t_le_eabi.a(libm_asm.o)
                0x000000000000c5e4                __float32_signbit
 .text.fabsf    0x000000000000c5f0        0x8 /usr/share/segger_embedded_studio_for_arm_5.44/lib/libm_v7em_fpv4_sp_d16_hard_t_le_eabi.a(libm_asm.o)
                0x000000000000c5f0                fabs(float)
                0x000000000000c5f0                fabsf
 .text.floorf   0x000000000000c5f8       0x70 /usr/share/segger_embedded_studio_for_arm_5.44/lib/libm_v7em_fpv4_sp_d16_hard_t_le_eabi.a(libm_asm.o)
                0x000000000000c5f8                floor(float)
                0x000000000000c5f8                floorf
 .text.frexpf   0x000000000000c668       0x3c /usr/share/segger_embedded_studio_for_arm_5.44/lib/libm_v7em_fpv4_sp_d16_hard_t_le_eabi.a(libm_asm.o)
                0x000000000000c668                frexp(float, int*)
                0x000000000000c668                frexpf
 .text.ldexpf   0x000000000000c6a4       0x48 /usr/share/segger_embedded_studio_for_arm_5.44/lib/libm_v7em_fpv4_sp_d16_hard_t_le_eabi.a(libm_asm.o)
                0x000000000000c6a4                ldexpf
                0x000000000000c6a4                ldexp(float, int)
 .text.libc.round
                0x000000000000c6ec       0xa0 /usr/share/segger_embedded_studio_for_arm_5.44/lib/libm_v7em_fpv4_sp_d16_hard_t_le_eabi.a(fdlibm.o)
                0x000000000000c6ec                round
                0x000000000000c6ec                round(double)
 .text.libc.modff
                0x000000000000c78c       0x5c /usr/share/segger_embedded_studio_for_arm_5.44/lib/libm_v7em_fpv4_sp_d16_hard_t_le_eabi.a(libm2.o)
                0x000000000000c78c                modff
                0x000000000000c78c                modf(float, float*)
 .text.libc.fmodf
                0x000000000000c7e8       0xfc /usr/share/segger_embedded_studio_for_arm_5.44/lib/libm_v7em_fpv4_sp_d16_hard_t_le_eabi.a(libm2.o)
                0x000000000000c7e8                fmodf
                0x000000000000c7e8                fmod(float, float)
 .text.libc.__int64_udivmod
                0x000000000000c8e4       0xce /usr/share/segger_embedded_studio_for_arm_5.44/lib/libc_v7em_fpv4_sp_d16_hard_t_le_eabi.a(libc_asm.o)
                0x000000000000c8e4                __int64_udivmod
                0x000000000000c8e4                __aeabi_uldivmod
                0x000000000000c8e4                __int64_udiv
                0x000000000000c8e4                __udivdi3
 .text.libc.__aeabi_ldivmod
                0x000000000000c9b2       0x58 /usr/share/segger_embedded_studio_for_arm_5.44/lib/libc_v7em_fpv4_sp_d16_hard_t_le_eabi.a(libc_asm.o)
                0x000000000000c9b2                __aeabi_ldivmod
 *fill*         0x000000000000ca0a        0x2 
 .text.libc.__RAL_pow10f
                0x000000000000ca0c       0x44 /usr/share/segger_embedded_studio_for_arm_5.44/lib/libc_v7em_fpv4_sp_d16_hard_t_le_eabi.a(libc2.o)
                0x000000000000ca0c                __RAL_pow10f
 .text.libc.__putc
                0x000000000000ca50       0x36 /usr/share/segger_embedded_studio_for_arm_5.44/lib/libc_v7em_fpv4_sp_d16_hard_t_le_eabi.a(libc2.o)
                0x000000000000ca50                __putc
 .text.libc.__RAL_print_padding
                0x000000000000ca86       0x1c /usr/share/segger_embedded_studio_for_arm_5.44/lib/libc_v7em_fpv4_sp_d16_hard_t_le_eabi.a(libc2.o)
                0x000000000000ca86                __RAL_print_padding
 .text.libc.__RAL_pre_padding
                0x000000000000caa2       0x1a /usr/share/segger_embedded_studio_for_arm_5.44/lib/libc_v7em_fpv4_sp_d16_hard_t_le_eabi.a(libc2.o)
                0x000000000000caa2                __RAL_pre_padding
 .text.libc.abs
                0x000000000000cabc        0x8 /usr/share/segger_embedded_studio_for_arm_5.44/lib/libc_v7em_fpv4_sp_d16_hard_t_le_eabi.a(libc2.o)
                0x000000000000cabc                abs
 .text.libc.__aeabi_errno_addr
                0x000000000000cac4       0x14 /usr/share/segger_embedded_studio_for_arm_5.44/lib/libc_v7em_fpv4_sp_d16_hard_t_le_eabi.a(libc2.o)
                0x000000000000cac4                __aeabi_errno_addr
 .text.libc.malloc
                0x000000000000cad8       0x90 /usr/share/segger_embedded_studio_for_arm_5.44/lib/libc_v7em_fpv4_sp_d16_hard_t_le_eabi.a(libc2.o)
                0x000000000000cad8                malloc
 .text.libc.calloc
                0x000000000000cb68       0x1c /usr/share/segger_embedded_studio_for_arm_5.44/lib/libc_v7em_fpv4_sp_d16_hard_t_le_eabi.a(libc2.o)
                0x000000000000cb68                calloc
 .text.libc.free
                0x000000000000cb84       0xb0 /usr/share/segger_embedded_studio_for_arm_5.44/lib/libc_v7em_fpv4_sp_d16_hard_t_le_eabi.a(libc2.o)
                0x000000000000cb84                free
 .text.libc.memcmp
                0x000000000000cc34       0x6e /usr/share/segger_embedded_studio_for_arm_5.44/lib/libc_v7em_fpv4_sp_d16_hard_t_le_eabi.a(libc2.o)
                0x000000000000cc34                memcmp
 *fill*         0x000000000000cca2        0x2 
 .text.libc.printf
                0x000000000000cca4       0x40 /usr/share/segger_embedded_studio_for_arm_5.44/lib/libc_v7em_fpv4_sp_d16_hard_t_le_eabi.a(libc2.o)
                0x000000000000cca4                printf
 .text.libc.puts
                0x000000000000cce4       0x38 /usr/share/segger_embedded_studio_for_arm_5.44/lib/libc_v7em_fpv4_sp_d16_hard_t_le_eabi.a(libc2.o)
                0x000000000000cce4                puts
 .text.libc.strnlen
                0x000000000000cd1c       0x22 /usr/share/segger_embedded_studio_for_arm_5.44/lib/libc_v7em_fpv4_sp_d16_hard_t_le_eabi.a(libc2.o)
                0x000000000000cd1c                strnlen
 .text.libc.memcpy
                0x000000000000cd3e       0x52 /usr/share/segger_embedded_studio_for_arm_5.44/lib/libc_v7em_fpv4_sp_d16_hard_t_le_eabi.a(libc2_asm.o)
                0x000000000000cd3e                memcpy
                0x000000000000cd3e                __aeabi_memcpy
                0x000000000000cd4a                __aeabi_memcpy4
                0x000000000000cd4a                __aeabi_memcpy8
 .text.libc.memset
                0x000000000000cd90       0x66 /usr/share/segger_embedded_studio_for_arm_5.44/lib/libc_v7em_fpv4_sp_d16_hard_t_le_eabi.a(libc2_asm.o)
                0x000000000000cd90                memset
 .text.libc.strlen
                0x000000000000cdf6       0x60 /usr/share/segger_embedded_studio_for_arm_5.44/lib/libc_v7em_fpv4_sp_d16_hard_t_le_eabi.a(libc2_asm.o)
                0x000000000000cdf6                strlen
 *fill*         0x000000000000ce56        0x2 
 .text.libc.__vfprintf_short_float_long
                0x000000000000ce58      0xd90 /usr/share/segger_embedded_studio_for_arm_5.44/lib/libc_v7em_fpv4_sp_d16_hard_t_le_eabi.a(libvfprintf.o)
                0x000000000000ce58                __vfprintf_short_float_long
                0x000000000000dbe8                __text_end__ = (__text_start__ + SIZEOF (.text))
                0x000000000000d938                __text_size__ = SIZEOF (.text)
                0x000000000000dbe8                __text_load_end__ = __text_end__

.vfp11_veneer   0x0000000100000000        0x0
 .vfp11_veneer  0x0000000100000000        0x0 linker stubs

.v4_bx          0x0000000100000000        0x0
 .v4_bx         0x0000000100000000        0x0 linker stubs

.iplt           0x0000000100000000        0x0
 .iplt          0x0000000100000000        0x0 Output/nrf52832_xxaa/Obj/ss_twr_init/thumb_crt0.o